03-03 19:08:04.011 15102 23209 D HostConnection: HostComposition ext ANDROID_EMU_CHECKSUM_HELPER_v1 ANDROID_EMU_native_sync_v2 ANDROID_EMU_native_sync_v3 ANDROID_EMU_native_sync_v4 ANDROID_EMU_dma_v1 ANDROID_EMU_direct_mem ANDROID_EMU_host_composition_v1 ANDROID_EMU_host_composition_v2 ANDROID_EMU_vulkan ANDROID_EMU_deferred_vulkan_commands ANDROID_EMU_vulkan_null_optional_strings ANDROID_EMU_vulkan_create_resources_with_requirements ANDROID_EMU_YUV_Cache ANDROID_EMU_vulkan_ignored_handles ANDROID_EMU_has_shared_slots_host_memory_allocator ANDROID_EMU_vulkan_free_memory_sync ANDROID_EMU_vulkan_shader_float16_int8 ANDROID_EMU_vulkan_async_queue_submit ANDROID_EMU_vulkan_queue_submit_with_commands ANDROID_EMU_sync_buffer_data ANDROID_EMU_vulkan_async_qsri ANDROID_EMU_read_color_buffer_dma GL_OES_EGL_image_external_essl3 GL_OES_vertex_array_object ANDROID_EMU_host_side_tracing ANDROID_EMU_gles_max_version_3_0 
03-03 19:08:04.012 15102 23209 D EGL_emulation: eglCreateContext: 0xb40000796f66dad0: maj 3 min 0 rcv 3
03-03 19:08:04.013 15102 23209 D EGL_emulation: eglMakeCurrent: 0xb40000796f66dad0: ver 3 0 (tinfo 0x7b8cff0400) (first time)
03-03 19:08:04.015 15102 23209 E EGL_emulation: eglQueryContext 32c0  EGL_BAD_ATTRIBUTE
03-03 19:08:04.015 15102 23209 E EGL_emulation: tid 23209: eglQueryContext(2160): error 0x3004 (EGL_BAD_ATTRIBUTE)
03-03 19:08:04.019 15102 23211 D CCodec  : allocate(c2.goldfish.h264.decoder)
03-03 19:08:04.022 15102 23211 I CCodec  : setting up 'default' as default (vendor) store
03-03 19:08:04.023   365 10792 I GoldfishComponentStore: in init
03-03 19:08:04.023   365 10792 I GoldfishComponentStore: loading dll of path libcodec2_goldfish_avcdec.so
03-03 19:08:04.024   365 10792 I GoldfishComponentStore: Create()
03-03 19:08:04.027   365 10792 I GoldfishComponentStore: created interface
03-03 19:08:04.029   365 10792 I GoldfishComponentStore: created component
03-03 19:08:04.032 15102 23211 I CCodec  : Created component [c2.goldfish.h264.decoder]
03-03 19:08:04.032 15102 23211 D CCodecConfig: read media type: video/avc
03-03 19:08:04.035 15102 23211 D ReflectedParamUpdater: extent() != 1 for single value type: algo.buffers.max-count.values
03-03 19:08:04.035 15102 23211 D ReflectedParamUpdater: extent() != 1 for single value type: output.subscribed-indices.values
03-03 19:08:04.035 15102 23211 D ReflectedParamUpdater: extent() != 1 for single value type: input.buffers.allocator-ids.values
03-03 19:08:04.035 15102 23211 D ReflectedParamUpdater: extent() != 1 for single value type: output.buffers.allocator-ids.values
03-03 19:08:04.035 15102 23211 D ReflectedParamUpdater: extent() != 1 for single value type: algo.buffers.allocator-ids.values
03-03 19:08:04.035 15102 23211 D ReflectedParamUpdater: extent() != 1 for single value type: output.buffers.pool-ids.values
03-03 19:08:04.035 15102 23211 D ReflectedParamUpdater: extent() != 1 for single value type: algo.buffers.pool-ids.values
03-03 19:08:04.036 15102 23211 D ReflectedParamUpdater: ignored struct field coded.color-format.locations
03-03 19:08:04.037 15102 23211 D CCodecConfig: ignoring local param raw.size (0xd2001800) as it is already supported
03-03 19:08:04.037 15102 23211 D CCodecConfig: ignoring local param default.color (0x5200180b) as it is already supported
03-03 19:08:04.037 15102 23211 D ReflectedParamUpdater: ignored struct field raw.hdr-static-info.mastering
03-03 19:08:04.038 15102 23211 I CCodecConfig: query failed after returning 12 values (BAD_INDEX)
03-03 19:08:04.038 15102 23211 D CCodecConfig: c2 config diff is Dict {
03-03 19:08:04.038 15102 23211 D CCodecConfig:   c2::u32 coded.pl.level = 20496
03-03 19:08:04.038 15102 23211 D CCodecConfig:   c2::u32 coded.pl.profile = 20481
03-03 19:08:04.038 15102 23211 D CCodecConfig:   c2::u32 coded.vui.color.matrix = 0
03-03 19:08:04.038 15102 23211 D CCodecConfig:   c2::u32 coded.vui.color.primaries = 0
03-03 19:08:04.038 15102 23211 D CCodecConfig:   c2::u32 coded.vui.color.range = 2
03-03 19:08:04.038 15102 23211 D CCodecConfig:   c2::u32 coded.vui.color.transfer = 0
03-03 19:08:04.038 15102 23211 D CCodecConfig:   c2::u32 default.color.matrix = 0
03-03 19:08:04.038 15102 23211 D CCodecConfig:   c2::u32 default.color.primaries = 0
03-03 19:08:04.038 15102 23211 D CCodecConfig:   c2::u32 default.color.range = 0
03-03 19:08:04.038 15102 23211 D CCodecConfig:   c2::u32 default.color.transfer = 0
03-03 19:08:04.038 15102 23211 D CCodecConfig:   c2::u32 input.buffers.max-size.value = 2097152
03-03 19:08:04.038 15102 23211 D CCodecConfig:   c2::u32 input.delay.value = 0
03-03 19:08:04.038 15102 23211 D CCodecConfig:   string input.media-type.value = "video/avc"
03-03 19:08:04.038 15102 23211 D CCodecConfig:   c2::u32 output.delay.value = 8
03-03 19:08:04.038 15102 23211 D CCodecConfig:   string output.media-type.value = "video/raw"
03-03 19:08:04.038 15102 23211 D CCodecConfig:   c2::u32 raw.color.matrix = 0
03-03 19:08:04.038 15102 23211 D CCodecConfig:   c2::u32 raw.color.primaries = 0
03-03 19:08:04.038 15102 23211 D CCodecConfig:   c2::u32 raw.color.range = 2
03-03 19:08:04.038 15102 23211 D CCodecConfig:   c2::u32 raw.color.transfer = 0
03-03 19:08:04.038 15102 23211 D CCodecConfig:   c2::u32 raw.max-size.height = 240
03-03 19:08:04.038 15102 23211 D CCodecConfig:   c2::u32 raw.max-size.width = 320
03-03 19:08:04.038 15102 23211 D CCodecConfig:   c2::u32 raw.pixel-format.value = 35
03-03 19:08:04.038 15102 23211 D CCodecConfig:   c2::i32 raw.rotation.flip = 0
03-03 19:08:04.038 15102 23211 D CCodecConfig:   c2::i32 raw.rotation.value = 0
03-03 19:08:04.038 15102 23211 D CCodecConfig:   c2::u32 raw.sar.height = 1
03-03 19:08:04.038 15102 23211 D CCodecConfig:   c2::u32 raw.sar.width = 1
03-03 19:08:04.038 15102 23211 D CCodecConfig:   c2::u32 raw.size.height = 240
03-03 19:08:04.038 15102 23211 D CCodecConfig:   c2::u32 raw.size.width = 320
03-03 19:08:04.038 15102 23211 D CCodecConfig:   c2:
03-03 19:08:04.038 15102 23211 W ColorUtils: expected specified color aspects (2:0:0:0)
03-03 19:08:04.040 15102 23210 I MediaCodec: MediaCodec will operate in async mode
03-03 19:08:04.041 15102 23210 D MediaCodec: flushMediametrics
03-03 19:08:04.041 15102 23210 D SurfaceUtils: connecting to surface 0xb400007a5f6596d0, reason connectToSurface
03-03 19:08:04.041 15102 23210 I MediaCodec: [c2.goldfish.h264.decoder] setting surface generation to 15464554
03-03 19:08:04.041 15102 23210 D SurfaceUtils: disconnecting from surface 0xb400007a5f6596d0, reason connectToSurface(reconnect)
03-03 19:08:04.041 15102 23210 D SurfaceUtils: connecting to surface 0xb400007a5f6596d0, reason connectToSurface(reconnect)
03-03 19:08:04.041 15102 23211 D CCodec  : [c2.goldfish.h264.decoder] buffers are bound to CCodec for this session
03-03 19:08:04.042 15102 23211 D CCodecConfig: no c2 equivalents for log-session-id
03-03 19:08:04.042 15102 23211 D CCodecConfig: no c2 equivalents for color-standard
03-03 19:08:04.042 15102 23211 D CCodecConfig: no c2 equivalents for csd-1
03-03 19:08:04.042 15102 23211 D CCodecConfig: no c2 equivalents for native-window
03-03 19:08:04.042 15102 23211 D CCodecConfig: no c2 equivalents for flags
03-03 19:08:04.042 15102 23211 D CCodecConfig: config failed => CORRUPTED
03-03 19:08:04.043 15102 23211 D CCodecConfig: c2 config diff is   c2::u32 default.color.matrix = 1
03-03 19:08:04.043 15102 23211 D CCodecConfig:   c2::u32 default.color.primaries = 1
03-03 19:08:04.043 15102 23211 D CCodecConfig:   c2::u32 default.color.range = 2
03-03 19:08:04.043 15102 23211 D CCodecConfig:   c2::u32 default.color.transfer = 3
03-03 19:08:04.043 15102 23211 D CCodecConfig:   c2::u32 raw.max-size.height = 266
03-03 19:08:04.043 15102 23211 D CCodecConfig:   c2::u32 raw.max-size.width = 640
03-03 19:08:04.043 15102 23211 D CCodecConfig:   c2::u32 raw.size.height = 266
03-03 19:08:04.043 15102 23211 D CCodecConfig:   c2::u32 raw.size.width = 640
03-03 19:08:04.043 15102 23211 W Codec2Client: query -- param skipped: index = 1107298332.
03-03 19:08:04.043 15102 23211 D CCodec  : client requested max input size 26980, which is smaller than what component recommended (2097152); overriding with component recommendation.
03-03 19:08:04.043 15102 23211 W CCodec  : This behavior is subject to change. It is recommended that app developers double check whether the requested max input size is in reasonable range.
03-03 19:08:04.043 15102 23211 D CCodec  : setup formats input: AMessage(what = 0x00000000) = {
03-03 19:08:04.043 15102 23211 D CCodec  :   int32_t height = 266
03-03 19:08:04.043 15102 23211 D CCodec  :   int32_t level = 65536
03-03 19:08:04.043 15102 23211 D CCodec  :   int32_t max-input-size = 2097152
03-03 19:08:04.043 15102 23211 D CCodec  :   string mime = "video/avc"
03-03 19:08:04.043 15102 23211 D CCodec  :   int32_t profile = 65536
03-03 19:08:04.043 15102 23211 D CCodec  :   int32_t width = 640
03-03 19:08:04.043 15102 23211 D CCodec  :   Rect crop(0, 0, 639, 265)
03-03 19:08:04.043 15102 23211 D CCodec  : }
03-03 19:08:04.043 15102 23211 D CCodec  : setup formats output: AMessage(what = 0x00000000) = {
03-03 19:08:04.043 15102 23211 D CCodec  :   int32_t android._color-format = 2135033992
03-03 19:08:04.043 15102 23211 D CCodec  :   int32_t android._video-scaling = 1
03-03 19:08:04.043 15102 23211 D CCodec  :   int32_t rotation-degrees = 0
03-03 19:08:04.043 15102 23211 D CCodec  :   int32_t color-standard = 4
03-03 19:08:04.043 15102 23211 D CCodec  :   int32_t color-range = 2
03-03 19:08:04.043 15102 23211 D CCodec  :   int32_t color-transfer = 3
03-03 19:08:04.043 15102 23211 D CCodec  :   int32_t sar-height = 1
03-03 19:08:04.043 15102 23211 D CCodec  :   int32_t sar-width = 1
03-03 19:08:04.043 15102 23211 D CCodec  :   Rect crop(0, 0, 639, 265)
03-03 19:08:04.043 15102 23211 D CCodec  :   int32_t width = 640
03-03 19:08:04.043 15102 23211 D CCodec  :   int32_t height = 266
03-03 19:08:04.043 15102 23211 D CCodec  :   int32_t max-height = 266
03-03 19:08:04.043 15102 23211 D CCodec  :   int32_t max-width = 640
03-03 19:08:04.043 15102 23211 D CCodec  :   string mime = "video/raw"
03-03 19:08:04.043 15102 23211 D CCodec  :   int32_t android._dataspace = 259
03-03 19:08:04.043 15102 23211 D CCodec  :   int32_t color-format = 2130708361
03-03 19:08:04.043 15102 23211 D CCodec  : }
03-03 19:08:04.043 15102 23211 I CCodecConfig: query failed after returning 12 values (BAD_INDEX)
03-03 19:08:04.043 15102 23211 D CCodecConfig: c2 config diff is   c2::u32 raw.color.matrix = 1
03-03 19:08:04.043 15102 23211 D CCodecConfig:   c2::u32 raw.color.primaries = 1
03-03 19:08:04.043 15102 23211 D CCodecConfig:   c2::u32 raw.color.transfer = 3
03-03 19:08:04.044 15102 23206 D MediaCodec: keep callback message for reclaim
03-03 19:08:04.045 15102 23211 W Codec2Client: query -- param skipped: index = 1342179345.
03-03 19:08:04.045 15102 23211 W Codec2Client: query -- param skipped: index = 2415921170.
03-03 19:08:04.045 15102 23211 W Codec2Client: query -- param skipped: index = 1610614798.
03-03 19:08:04.046 15102 23211 W Codec2Client: query -- param skipped: index = 2684356609.
03-03 19:08:04.047 15102 23211 D CCodecBufferChannel: [c2.goldfish.h264.decoder#82] Created input block pool with allocatorID 16 => poolID 64 - OK (0)
03-03 19:08:04.047 15102 23211 D CCodecBufferChannel: [c2.goldfish.h264.decoder#82] Query output surface allocator returned 0 params => BAD_INDEX (6)
03-03 19:08:04.047   441   489 D BufferPoolAccessor2.0: bufferpool2 0xb400007724a0a038 : 0(0 size) total buffers - 0(0 size) used buffers - 75/79 (recycle/alloc) - 4/79 (fetch/transfer)
03-03 19:08:04.047   441   489 D BufferPoolAccessor2.0: Destruction - bufferpool2 0xb400007724a0a038 cached: 0/0M, 0/0% in use; allocs: 79, 95% recycled; transfers: 79, 95% unfetched
03-03 19:08:04.048 15102 23211 I CCodecBufferChannel: [c2.goldfish.h264.decoder#82] Created output block pool with allocatorID 18 => poolID 99 - OK
03-03 19:08:04.048 15102 23211 D CCodecBufferChannel: [c2.goldfish.h264.decoder#82] Configured output block pool ids 99 => OK
03-03 19:08:04.048 15102 23211 D Codec2-OutputBufferQueue: remote graphic buffer migration 0/0
03-03 19:08:04.049 15102 23211 D Codec2Client: setOutputSurface -- failed to set consumer usage (6/BAD_INDEX)
03-03 19:08:04.049 15102 23211 D Codec2Client: setOutputSurface -- generation=15464554 consumer usage=0x900
03-03 19:08:04.057   365   435 D C2BqBuffer: local generation change 15464554 , bqId: 64862596104291 migrated buffers # 0
03-03 19:08:04.057 15102 23211 D Codec2Client: Surface configure completed
03-03 19:08:04.058   430 19617 W ResourceManagerService: Ignoring request to add new resource entry with value <= 0
03-03 19:08:04.059  1444 11946 I MediaProvider: Open with lower FS for /storage/emulated/0/Movies/TubeGrab/Killer Queen ｜｜ Chainsaw Man - Reze & Denji.mp4. Uid: 10141
03-03 19:08:04.059 15102 15210 D BufferPoolAccessor2.0: bufferpool2 0xb4000079bf69f8e8 : 0(0 size) total buffers - 0(0 size) used buffers - 53/58 (recycle/alloc) - 5/54 (fetch/transfer)
03-03 19:08:04.059 15102 15210 D BufferPoolAccessor2.0: Destruction - bufferpool2 0xb4000079bf69f8e8 cached: 0/0M, 0/0% in use; allocs: 58, 91% recycled; transfers: 54, 91% unfetched
03-03 19:08:04.060  1444 11946 I MediaProvider: Open with lower FS for /storage/emulated/0/Movies/TubeGrab/Killer Queen ｜｜ Chainsaw Man - Reze & Denji.mp4. Uid: 10141
03-03 19:08:04.061   365 23212 D SimpleC2Component: Using output block pool with poolID 99 => got 99 - 0
03-03 19:08:04.071 15102 15210 D CCodecBufferChannel: [c2.goldfish.h264.decoder#82] Ignoring stale input buffer done callback: last flush index = 0, frameIndex = 0
03-03 19:08:04.101 15102 23215 D CCodec  : allocate(c2.android.aac.decoder)
03-03 19:08:04.106 15102 23215 I CCodec  : setting up 'default' as default (vendor) store
03-03 19:08:04.106   441   489 V C2Store : in init
03-03 19:08:04.106   441   489 V C2Store : loading dll
03-03 19:08:04.107  1444 11946 I MediaProvider: Open with lower FS for /storage/emulated/0/Movies/TubeGrab/Killer Queen ｜｜ Chainsaw Man - Reze & Denji.mp4. Uid: 10141
03-03 19:08:04.110 15102 15133 D skia    : --- Failed to create image decoder with message 'unimplemented'
03-03 19:08:04.110 15102 23215 I CCodec  : Created component [c2.android.aac.decoder]
03-03 19:08:04.110 15102 23215 D CCodecConfig: read media type: audio/mp4a-latm
03-03 19:08:04.117 15102 23215 D ReflectedParamUpdater: extent() != 1 for single value type: algo.buffers.max-count.values
03-03 19:08:04.118 15102 23215 D ReflectedParamUpdater: extent() != 1 for single value type: output.subscribed-indices.values
03-03 19:08:04.118 15102 23215 D ReflectedParamUpdater: extent() != 1 for single value type: input.buffers.allocator-ids.values
03-03 19:08:04.118 15102 23215 D ReflectedParamUpdater: extent() != 1 for single value type: output.buffers.allocator-ids.values
03-03 19:08:04.119 15102 23215 D ReflectedParamUpdater: extent() != 1 for single value type: algo.buffers.allocator-ids.values
03-03 19:08:04.119 15102 23215 D ReflectedParamUpdater: extent() != 1 for single value type: output.buffers.pool-ids.values
03-03 19:08:04.120 15102 23215 D ReflectedParamUpdater: extent() != 1 for single value type: algo.buffers.pool-ids.values
03-03 19:08:04.127 15102 23215 I CCodecConfig: query failed after returning 19 values (BAD_INDEX)
03-03 19:08:04.127 15102 23215 D CCodecConfig: c2 config diff is Dict {
03-03 19:08:04.127 15102 23215 D CCodecConfig:   c2::u32 coded.aac-packaging.value = 0
03-03 19:08:04.127 15102 23215 D CCodecConfig:   c2::u32 coded.bitrate.value = 64000
03-03 19:08:04.127 15102 23215 D CCodecConfig:   c2::u32 coded.pl.level = 0
03-03 19:08:04.127 15102 23215 D CCodecConfig:   c2::u32 coded.pl.profile = 8192
03-03 19:08:04.127 15102 23215 D CCodecConfig:   c2::i32 coding.drc.album-mode.value = 0
03-03 19:08:04.127 15102 23215 D CCodecConfig:   c2::float coding.drc.attenuation-factor.value = 1
03-03 19:08:04.127 15102 23215 D CCodecConfig:   c2::float coding.drc.boost-factor.value = 1
03-03 19:08:04.127 15102 23215 D CCodecConfig:   c2::i32 coding.drc.compression-mode.value = 3
03-03 19:08:04.127 15102 23215 D CCodecConfig:   c2::i32 coding.drc.effect-type.value = 3
03-03 19:08:04.127 15102 23215 D CCodecConfig:   c2::float coding.drc.encoded-level.value = 0.25
03-03 19:08:04.127 15102 23215 D CCodecConfig:   c2::float coding.drc.reference-level.value = -16
03-03 19:08:04.127 15102 23215 D CCodecConfig:   c2::u32 input.buffers.max-size.value = 8192
03-03 19:08:04.127 15102 23215 D CCodecConfig:   c2::u32 input.delay.value = 0
03-03 19:08:04.127 15102 23215 D CCodecConfig:   string input.media-type.value = "audio/mp4a-latm"
03-03 19:08:04.127 15102 23215 D CCodecConfig:   c2::u32 output.delay.value = 2
03-03 19:08:04.127 15102 23215 D CCodecConfig:   c2::float output.drc.output-loudness.value = 0.25
03-03 19:08:04.127 15102 23215 D CCodecConfig:   string output.media-type.value = "audio/raw"
03-03 19:08:04.127 15102 23215 D CCodecConfig:   c2::u32 raw.channel-count.value = 1
03-03 19:08:04.127 15102 23215 D CCodecConfig:   c2::u32 raw.max-channel-count.value = 8
03-03 19:08:04.127 15102 23215 D CCodecConfig:   c2::u32 raw.sample-rate.value = 44100
03-03 19:08:04.127 15102 23215 D CCodecConfig: }
03-03 19:08:04.128 15102 23215 I MediaCodec: MediaCodec will operate in async mode
03-03 19:08:04.128 15102 23215 D MediaCodec: flushMediametrics
03-03 19:08:04.128 15102 23215 D CCodec  : [c2.android.aac.decoder] buffers are bound to CCodec for this session
03-03 19:08:04.128 15102 23215 D CCodecConfig: no c2 equivalents for log-session-id
03-03 19:08:04.128 15102 23215 D CCodecConfig: no c2 equivalents for flags
03-03 19:08:04.129 15102 23215 D CCodecConfig: config failed => CORRUPTED
03-03 19:08:04.130 15102 23215 D CCodecConfig: c2 config diff is   c2::u32 raw.channel-count.value = 2
03-03 19:08:04.133 15102 23215 W Codec2Client: query -- param skipped: index = 1107298332.
03-03 19:08:04.133 15102 23215 D CCodec  : client requested max input size 458, which is smaller than what component recommended (8192); overriding with component recommendation.
03-03 19:08:04.133 15102 23215 W CCodec  : This behavior is subject to change. It is recommended that app developers double check whether the requested max input size is in reasonable range.
03-03 19:08:04.133 15102 23215 D CCodec  : setup formats input: AMessage(what = 0x00000000) = {
03-03 19:08:04.133 15102 23215 D CCodec  :   int32_t aac-drc-album-mode = 0
03-03 19:08:04.133 15102 23215 D CCodec  :   int32_t aac-drc-boost-level = 127
03-03 19:08:04.133 15102 23215 D CCodec  :   int32_t aac-drc-cut-level = 127
03-03 19:08:04.133 15102 23215 D CCodec  :   int32_t aac-drc-effect-type = 3
03-03 19:08:04.133 15102 23215 D CCodec  :   int32_t aac-encoded-target-level = -1
03-03 19:08:04.133 15102 23215 D CCodec  :   int32_t aac-max-output-channel_count = 8
03-03 19:08:04.133 15102 23215 D CCodec  :   int32_t aac-target-ref-level = 64
03-03 19:08:04.133 15102 23215 D CCodec  :   int32_t bitrate = 64000
03-03 19:08:04.133 15102 23215 D CCodec  :   int32_t channel-count = 2
03-03 19:08:04.133 15102 23215 D CCodec  :   int32_t level = 0
03-03 19:08:04.133 15102 23215 D CCodec  :   int32_t max-input-size = 8192
03-03 19:08:04.133 15102 23215 D CCodec  :   int32_t max-output-channel-count = 8
03-03 19:08:04.133 15102 23215 D CCodec  :   string mime = "audio/mp4a-latm"
03-03 19:08:04.133 15102 23215 D CCodec  :   int32_t profile = 2
03-03 19:08:04.133 15102 23215 D CCodec  :   int32_t sample-rate = 44100
03-03 19:08:04.133 15102 23215 D CCodec  : }
03-03 19:08:04.133 15102 23215 D CCodec  : setup formats output: AMessage(what = 0x00000000) = {
03-03 19:08:04.133 15102 23215 D CCodec  :   int32_t aac-drc-album-mode = 0
03-03 19:08:04.133 15102 23215 D CCodec  :   int32_t aac-drc-boost-level = 127
03-03 19:08:04.133 15102 23215 D CCodec  :   int32_t aac-drc-cut-level = 127
03-03 19:08:04.133 15102 23215 D CCodec  :   int32_t aac-drc-effect-type = 3
03-03 19:08:04.133 15102 23215 D CCodec  :   int32_t aac-drc-output-loudness = -1
03-03 19:08:04.133 15102 23215 D CCodec  :   int32_t aac-encoded-target-level = -1
03-03 19:08:04.133 15102 23215 D CCodec  :   int32_t aac-max-output-channel_count = 8
03-03 19:08:04.133 15102 23215 D CCodec  :   int32_t aac-target-ref-level = 64
03-03 19:08:04.133 15102 23215 D CCodec  :   int32_t channel-count = 2
03-03 19:08:04.133 15102 23215 D CCodec  :   int32_t max-output-channel-count = 8
03-03 19:08:04.133 15102 23215 D CCodec  :   string mime = "audio/raw"
03-03 19:08:04.133 15102 23215 D CCodec  :   int32_t sample-rate = 44100
03-03 19:08:04.133 15102 23215 D CCodec  : }
03-03 19:08:04.134 15102 23215 I CCodecConfig: query failed after returning 19 values (BAD_INDEX)
03-03 19:08:04.135 15102 23206 D MediaCodec: keep callback message for reclaim
03-03 19:08:04.140 15102 23215 W Codec2Client: query -- param skipped: index = 1342179345.
03-03 19:08:04.140 15102 23215 W Codec2Client: query -- param skipped: index = 2415921170.
03-03 19:08:04.140 15102 23215 W Codec2Client: query -- param skipped: index = 1610614798.
03-03 19:08:04.141 15102 23215 D CCodecBufferChannel: [c2.android.aac.decoder#664] Created input block pool with allocatorID 16 => poolID 65 - OK (0)
03-03 19:08:04.143 15102 23215 I CCodecBufferChannel: [c2.android.aac.decoder#664] Created output block pool with allocatorID 16 => poolID 55 - OK
03-03 19:08:04.143 15102 23215 D CCodecBufferChannel: [c2.android.aac.decoder#664] Configured output block pool ids 55 => OK
03-03 19:08:04.149   441 23216 D SimpleC2Component: Using output block pool with poolID 55 => got 55 - 0
03-03 19:08:04.281 15102 23210 D SurfaceUtils: connecting to surface 0xb400007a5f6972a0, reason connectToSurface
03-03 19:08:04.281 15102 23210 I MediaCodec: [c2.goldfish.h264.decoder] setting surface generation to 15464555
03-03 19:08:04.281 15102 23210 D SurfaceUtils: disconnecting from surface 0xb400007a5f6972a0, reason connectToSurface(reconnect)
03-03 19:08:04.281 15102 23210 D SurfaceUtils: connecting to surface 0xb400007a5f6972a0, reason connectToSurface(reconnect)
03-03 19:08:04.281 15102 23210 D Codec2-OutputBufferQueue: remote graphic buffer migration 0/0
03-03 19:08:04.281 15102 23210 D Codec2Client: setOutputSurface -- failed to set consumer usage (6/BAD_INDEX)
03-03 19:08:04.281 15102 23210 D Codec2Client: setOutputSurface -- generation=15464555 consumer usage=0x900
03-03 19:08:04.283   441 23216 I C2SoftAacDec: Reconfiguring decoder: 0->44100 Hz, 0->2 channels
03-03 19:08:04.286 15102 23210 E BufferQueueProducer: [SurfaceTexture-1-15102-60](id:3afe00000063,api:3,p:15102,c:15102) detachBuffer: slot 1 is not owned by the producer (state = FREE)
03-03 19:08:04.286 15102 23210 E BufferQueueProducer: [SurfaceTexture-1-15102-60](id:3afe00000063,api:3,p:15102,c:15102) detachBuffer: slot 2 is not owned by the producer (state = FREE)
03-03 19:08:04.287 15102 23210 E BufferQueueProducer: [SurfaceTexture-1-15102-60](id:3afe00000063,api:3,p:15102,c:15102) detachBuffer: slot 3 is not owned by the producer (state = FREE)
03-03 19:08:04.288 15102 23210 E BufferQueueProducer: [SurfaceTexture-1-15102-60](id:3afe00000063,api:3,p:15102,c:15102) detachBuffer: slot 4 is not owned by the producer (state = FREE)
03-03 19:08:04.288 15102 23210 E BufferQueueProducer: [SurfaceTexture-1-15102-60](id:3afe00000063,api:3,p:15102,c:15102) detachBuffer: slot 5 is not owned by the producer (state = FREE)
03-03 19:08:04.288 15102 23210 E BufferQueueProducer: [SurfaceTexture-1-15102-60](id:3afe00000063,api:3,p:15102,c:15102) detachBuffer: slot 6 is not owned by the producer (state = FREE)
03-03 19:08:04.288 15102 23210 E BufferQueueProducer: [SurfaceTexture-1-15102-60](id:3afe00000063,api:3,p:15102,c:15102) detachBuffer: slot 7 is not owned by the producer (state = FREE)
03-03 19:08:04.288 15102 23210 E BufferQueueProducer: [SurfaceTexture-1-15102-60](id:3afe00000063,api:3,p:15102,c:15102) detachBuffer: slot 8 is not owned by the producer (state = FREE)
03-03 19:08:04.289 15102 23210 E BufferQueueProducer: [SurfaceTexture-1-15102-60](id:3afe00000063,api:3,p:15102,c:15102) detachBuffer: slot 9 is not owned by the producer (state = FREE)
03-03 19:08:04.289 15102 23210 E BufferQueueProducer: [SurfaceTexture-1-15102-60](id:3afe00000063,api:3,p:15102,c:15102) detachBuffer: slot 10 is not owned by the producer (state = FREE)
03-03 19:08:04.289 15102 23210 E BufferQueueProducer: [SurfaceTexture-1-15102-60](id:3afe00000063,api:3,p:15102,c:15102) detachBuffer: slot 11 is not owned by the producer (state = FREE)
03-03 19:08:04.289 15102 23210 E BufferQueueProducer: [SurfaceTexture-1-15102-60](id:3afe00000063,api:3,p:15102,c:15102) detachBuffer: slot 12 is not owned by the producer (state = FREE)
03-03 19:08:04.290 15102 23210 E BufferQueueProducer: [SurfaceTexture-1-15102-60](id:3afe00000063,api:3,p:15102,c:15102) detachBuffer: slot 13 is not owned by the producer (state = FREE)
03-03 19:08:04.290 15102 23210 E BufferQueueProducer: [SurfaceTexture-1-15102-60](id:3afe00000063,api:3,p:15102,c:15102) detachBuffer: slot 14 is not owned by the producer (state = FREE)
03-03 19:08:04.290 15102 23210 E BufferQueueProducer: [SurfaceTexture-1-15102-60](id:3afe00000063,api:3,p:15102,c:15102) detachBuffer: slot 15 is not owned by the producer (state = FREE)
03-03 19:08:04.290 15102 23210 E BufferQueueProducer: [SurfaceTexture-1-15102-60](id:3afe00000063,api:3,p:15102,c:15102) detachBuffer: slot 16 is not owned by the producer (state = FREE)
03-03 19:08:04.291 15102 23210 E BufferQueueProducer: [SurfaceTexture-1-15102-60](id:3afe00000063,api:3,p:15102,c:15102) detachBuffer: slot 17 is not owned by the producer (state = FREE)
03-03 19:08:04.291 15102 23210 E BufferQueueProducer: [SurfaceTexture-1-15102-60](id:3afe00000063,api:3,p:15102,c:15102) detachBuffer: slot 18 is not owned by the producer (state = FREE)
03-03 19:08:04.291 15102 23210 E BufferQueueProducer: [SurfaceTexture-1-15102-60](id:3afe00000063,api:3,p:15102,c:15102) detachBuffer: slot 19 is not owned by the producer (state = FREE)
03-03 19:08:04.291 15102 23210 E BufferQueueProducer: [SurfaceTexture-1-15102-60](id:3afe00000063,api:3,p:15102,c:15102) detachBuffer: slot 20 is not owned by the producer (state = FREE)
03-03 19:08:04.291 15102 23210 E BufferQueueProducer: [SurfaceTexture-1-15102-60](id:3afe00000063,api:3,p:15102,c:15102) detachBuffer: slot 21 is not owned by the producer (state = FREE)
03-03 19:08:04.291 15102 23210 E BufferQueueProducer: [SurfaceTexture-1-15102-60](id:3afe00000063,api:3,p:15102,c:15102) detachBuffer: slot 22 is not owned by the producer (state = FREE)
03-03 19:08:04.291 15102 23210 E BufferQueueProducer: [SurfaceTexture-1-15102-60](id:3afe00000063,api:3,p:15102,c:15102) detachBuffer: slot 23 is not owned by the producer (state = FREE)
03-03 19:08:04.292 15102 23210 E BufferQueueProducer: [SurfaceTexture-1-15102-60](id:3afe00000063,api:3,p:15102,c:15102) detachBuffer: slot 24 is not owned by the producer (state = FREE)
03-03 19:08:04.292 15102 23210 E BufferQueueProducer: [SurfaceTexture-1-15102-60](id:3afe00000063,api:3,p:15102,c:15102) detachBuffer: slot 25 is not owned by the producer (state = FREE)
03-03 19:08:04.293 15102 23210 E BufferQueueProducer: [SurfaceTexture-1-15102-60](id:3afe00000063,api:3,p:15102,c:15102) detachBuffer: slot 26 is not owned by the producer (state = FREE)
03-03 19:08:04.293 15102 23210 E BufferQueueProducer: [SurfaceTexture-1-15102-60](id:3afe00000063,api:3,p:15102,c:15102) detachBuffer: slot 27 is not owned by the producer (state = FREE)
03-03 19:08:04.293 15102 23210 E BufferQueueProducer: [SurfaceTexture-1-15102-60](id:3afe00000063,api:3,p:15102,c:15102) detachBuffer: slot 28 is not owned by the producer (state = FREE)
03-03 19:08:04.293 15102 23210 E BufferQueueProducer: [SurfaceTexture-1-15102-60](id:3afe00000063,api:3,p:15102,c:15102) detachBuffer: slot 29 is not owned by the producer (state = FREE)
03-03 19:08:04.293 15102 23210 E BufferQueueProducer: [SurfaceTexture-1-15102-60](id:3afe00000063,api:3,p:15102,c:15102) detachBuffer: slot 30 is not owned by the producer (state = FREE)
03-03 19:08:04.294 15102 23210 E BufferQueueProducer: [SurfaceTexture-1-15102-60](id:3afe00000063,api:3,p:15102,c:15102) detachBuffer: slot 31 is not owned by the producer (state = FREE)
03-03 19:08:04.294 15102 23210 E BufferQueueProducer: [SurfaceTexture-1-15102-60](id:3afe00000063,api:3,p:15102,c:15102) detachBuffer: slot 32 is not owned by the producer (state = FREE)
03-03 19:08:04.294 15102 23210 E BufferQueueProducer: [SurfaceTexture-1-15102-60](id:3afe00000063,api:3,p:15102,c:15102) detachBuffer: slot 33 is not owned by the producer (state = FREE)
03-03 19:08:04.295 15102 23210 E BufferQueueProducer: [SurfaceTexture-1-15102-60](id:3afe00000063,api:3,p:15102,c:15102) detachBuffer: slot 34 is not owned by the producer (state = FREE)
03-03 19:08:04.295 15102 23210 E BufferQueueProducer: [SurfaceTexture-1-15102-60](id:3afe00000063,api:3,p:15102,c:15102) detachBuffer: slot 35 is not owned by the producer (state = FREE)
03-03 19:08:04.296 15102 23210 E BufferQueueProducer: [SurfaceTexture-1-15102-60](id:3afe00000063,api:3,p:15102,c:15102) detachBuffer: slot 36 is not owned by the producer (state = FREE)
03-03 19:08:04.296 15102 23210 E BufferQueueProducer: [SurfaceTexture-1-15102-60](id:3afe00000063,api:3,p:15102,c:15102) detachBuffer: slot 37 is not owned by the producer (state = FREE)
03-03 19:08:04.296 15102 23210 E BufferQueueProducer: [SurfaceTexture-1-15102-60](id:3afe00000063,api:3,p:15102,c:15102) detachBuffer: slot 38 is not owned by the producer (state = FREE)
03-03 19:08:04.296 15102 23210 E BufferQueueProducer: [SurfaceTexture-1-15102-60](id:3afe00000063,api:3,p:15102,c:15102) detachBuffer: slot 39 is not owned by the producer (state = FREE)
03-03 19:08:04.297 15102 23210 E BufferQueueProducer: [SurfaceTexture-1-15102-60](id:3afe00000063,api:3,p:15102,c:15102) detachBuffer: slot 40 is not owned by the producer (state = FREE)
03-03 19:08:04.297 15102 23210 E BufferQueueProducer: [SurfaceTexture-1-15102-60](id:3afe00000063,api:3,p:15102,c:15102) detachBuffer: slot 41 is not owned by the producer (state = FREE)
03-03 19:08:04.297 15102 23210 E BufferQueueProducer: [SurfaceTexture-1-15102-60](id:3afe00000063,api:3,p:15102,c:15102) detachBuffer: slot 42 is not owned by the producer (state = FREE)
03-03 19:08:04.297 15102 23210 E BufferQueueProducer: [SurfaceTexture-1-15102-60](id:3afe00000063,api:3,p:15102,c:15102) detachBuffer: slot 43 is not owned by the producer (state = FREE)
03-03 19:08:04.297 15102 23210 E BufferQueueProducer: [SurfaceTexture-1-15102-60](id:3afe00000063,api:3,p:15102,c:15102) detachBuffer: slot 44 is not owned by the producer (state = FREE)
03-03 19:08:04.297 15102 23210 E BufferQueueProducer: [SurfaceTexture-1-15102-60](id:3afe00000063,api:3,p:15102,c:15102) detachBuffer: slot 45 is not owned by the producer (state = FREE)
03-03 19:08:04.297 15102 23210 E BufferQueueProducer: [SurfaceTexture-1-15102-60](id:3afe00000063,api:3,p:15102,c:15102) detachBuffer: slot 46 is not owned by the producer (state = FREE)
03-03 19:08:04.297 15102 23210 E BufferQueueProducer: [SurfaceTexture-1-15102-60](id:3afe00000063,api:3,p:15102,c:15102) detachBuffer: slot 47 is not owned by the producer (state = FREE)
03-03 19:08:04.297 15102 23210 E BufferQueueProducer: [SurfaceTexture-1-15102-60](id:3afe00000063,api:3,p:15102,c:15102) detachBuffer: slot 48 is not owned by the producer (state = FREE)
03-03 19:08:04.297 15102 23210 E BufferQueueProducer: [SurfaceTexture-1-15102-60](id:3afe00000063,api:3,p:15102,c:15102) detachBuffer: slot 49 is not owned by the producer (state = FREE)
03-03 19:08:04.297 15102 23210 E BufferQueueProducer: [SurfaceTexture-1-15102-60](id:3afe00000063,api:3,p:15102,c:15102) detachBuffer: slot 50 is not owned by the producer (state = FREE)
03-03 19:08:04.298 15102 23210 E BufferQueueProducer: [SurfaceTexture-1-15102-60](id:3afe00000063,api:3,p:15102,c:15102) detachBuffer: slot 51 is not owned by the producer (state = FREE)
03-03 19:08:04.298 15102 23210 E BufferQueueProducer: [SurfaceTexture-1-15102-60](id:3afe00000063,api:3,p:15102,c:15102) detachBuffer: slot 52 is not owned by the producer (state = FREE)
03-03 19:08:04.298 15102 23210 E BufferQueueProducer: [SurfaceTexture-1-15102-60](id:3afe00000063,api:3,p:15102,c:15102) detachBuffer: slot 53 is not owned by the producer (state = FREE)
03-03 19:08:04.298 15102 23210 E BufferQueueProducer: [SurfaceTexture-1-15102-60](id:3afe00000063,api:3,p:15102,c:15102) detachBuffer: slot 54 is not owned by the producer (state = FREE)
03-03 19:08:04.298 15102 23210 E BufferQueueProducer: [SurfaceTexture-1-15102-60](id:3afe00000063,api:3,p:15102,c:15102) detachBuffer: slot 55 is not owned by the producer (state = FREE)
03-03 19:08:04.298 15102 23210 E BufferQueueProducer: [SurfaceTexture-1-15102-60](id:3afe00000063,api:3,p:15102,c:15102) detachBuffer: slot 56 is not owned by the producer (state = FREE)
03-03 19:08:04.298 15102 23210 E BufferQueueProducer: [SurfaceTexture-1-15102-60](id:3afe00000063,api:3,p:15102,c:15102) detachBuffer: slot 57 is not owned by the producer (state = FREE)
03-03 19:08:04.299 15102 23210 E BufferQueueProducer: [SurfaceTexture-1-15102-60](id:3afe00000063,api:3,p:15102,c:15102) detachBuffer: slot 58 is not owned by the producer (state = FREE)
03-03 19:08:04.299 15102 23210 E BufferQueueProducer: [SurfaceTexture-1-15102-60](id:3afe00000063,api:3,p:15102,c:15102) detachBuffer: slot 59 is not owned by the producer (state = FREE)
03-03 19:08:04.299 15102 23210 E BufferQueueProducer: [SurfaceTexture-1-15102-60](id:3afe00000063,api:3,p:15102,c:15102) detachBuffer: slot 60 is not owned by the producer (state = FREE)
03-03 19:08:04.300 15102 23210 E BufferQueueProducer: [SurfaceTexture-1-15102-60](id:3afe00000063,api:3,p:15102,c:15102) detachBuffer: slot 61 is not owned by the producer (state = FREE)
03-03 19:08:04.300 15102 23210 E BufferQueueProducer: [SurfaceTexture-1-15102-60](id:3afe00000063,api:3,p:15102,c:15102) detachBuffer: slot 62 is not owned by the producer (state = FREE)
03-03 19:08:04.300 15102 23210 E BufferQueueProducer: [SurfaceTexture-1-15102-60](id:3afe00000063,api:3,p:15102,c:15102) detachBuffer: slot 63 is not owned by the producer (state = FREE)
03-03 19:08:04.302   365 10792 D C2BqBuffer: local generation change 15464555 , bqId: 64862596104292 migrated buffers # 1
03-03 19:08:04.302 15102 23210 D Codec2Client: Surface configure completed
03-03 19:08:04.302 15102 23210 D SurfaceUtils: disconnecting from surface 0xb400007a5f6596d0, reason disconnectFromSurface
03-03 19:08:04.329 15102 23211 D CCodecConfig: c2 config diff is   c2::u32 raw.crop.height = 266
03-03 19:08:04.329 15102 23211 D CCodecConfig:   c2::u32 raw.crop.left = 0
03-03 19:08:04.329 15102 23211 D CCodecConfig:   c2::u32 raw.crop.top = 0
03-03 19:08:04.329 15102 23211 D CCodecConfig:   c2::u32 raw.crop.width = 640
03-03 19:08:04.349   382 15612 W AudioFlinger: createTrack_l(): mismatch between requested flags (00000008) and output flags (00000002)
03-03 19:08:04.349   382 15612 D AudioFlinger: Client defaulted notificationFrames to 5512 for frameCount 11025
03-03 19:08:04.351   382 15612 D AF::TrackHandle: OpPlayAudio: track:92 usage:1 not muted
03-03 19:08:04.356 15102 23210 W MediaCodec: mapFormat: no mediaType information
03-03 19:08:04.392   571   938 I MediaFocusControl: requestAudioFocus() from uid/pid 10126/15102 AA=USAGE_MEDIA/CONTENT_TYPE_MOVIE clientId=android.media.AudioManager@4a48555becp@c8f08cb callingPack=com.google.android.apps.photos req=2 flags=0x1 sdk=36
03-03 19:08:04.392   571   938 I AudioService.FadeOutManager: unfadeOutUid() uid:10126
03-03 19:08:04.403   351   539 E android.hardware.audio@7.0-impl.ranchu: device/generic/goldfish/audio/stream_out.cpp:updateSourceMetadata:389 failure: Result::NOT_SUPPORTED
03-03 19:08:04.441   351   539 E android.hardware.audio@7.0-impl.ranchu: device/generic/goldfish/audio/stream_out.cpp:updateSourceMetadata:389 failure: Result::NOT_SUPPORTED
03-03 19:08:04.448 15102 23206 D AudioTrack: getTimestamp_l(52): device stall time corrected using current time 18890305444964
03-03 19:08:04.448   382   517 D AudioFlinger: mixer(0xb400007cb534fa60) throttle end: throttle time(44)
03-03 19:08:04.465 15102 15102 D MediaRouter: onRestoreRoute() : route=RouteInfo{ name=Phone, description=null, status=null, category=RouteCategory{ name=System types=ROUTE_TYPE_LIVE_AUDIO ROUTE_TYPE_LIVE_VIDEO  groupable=false }, supportedTypes=ROUTE_TYPE_LIVE_AUDIO ROUTE_TYPE_LIVE_VIDEO , presentationDisplay=null }
03-03 19:08:04.465 15102 15102 V MediaRouter: Selecting route: RouteInfo{ name=Phone, description=null, status=null, category=RouteCategory{ name=System types=ROUTE_TYPE_LIVE_AUDIO ROUTE_TYPE_LIVE_VIDEO  groupable=false }, supportedTypes=ROUTE_TYPE_LIVE_AUDIO ROUTE_TYPE_LIVE_VIDEO , presentationDisplay=null }
03-03 19:08:04.492   571   710 D ConnectivityService: NetReassign [no changes]
03-03 19:08:04.497  1203 23201 I CastDatabase: Loading the database
03-03 19:08:04.500  1203  1203 W AnalyticsLogger: Failed to obtain information needed for personal logging. accountName?: [INVALID: format=%b, type=fygb, value=true], personalLogger?: [INVALID: format=%b, type=fygb, value=false]. Fallback to pseudonymous logger.
03-03 19:08:04.500  1203 23201 I SQLiteCastStore: 0 CastNetworkInfo instances loaded, 0 CastDeviceInfo instances loaded.
03-03 19:08:04.503  1203  1203 E WorkSourceUtil: Could not find package: gms_cast_prober
03-03 19:08:04.504  1203  1203 E WorkSourceUtil: Could not find package: gms_cast_prober
03-03 19:08:04.504  1203  1203 E WorkSourceUtil: Could not find package: gms_cast_prober
03-03 19:08:04.504  1203  1203 E WorkSourceUtil: Could not find package: gms_cast_prober
03-03 19:08:04.504  1203  1203 E WorkSourceUtil: Could not find package: gms_cast_prober
03-03 19:08:04.505  1203  1203 E WorkSourceUtil: Could not find package: gms_cast_prober
03-03 19:08:04.505  1203  1203 E WorkSourceUtil: Could not find package: gms_cast_prober
03-03 19:08:04.505  1203  1203 E WorkSourceUtil: Could not find package: gms_cast_prober
03-03 19:08:04.512  1203 23157 I DiscoveryManager: Discovery state (DiscoveryState{filterCriteria=[96084372], categoryToCriteria={com.google.android.gms.cast.CATEGORY_CAST/96084372///ALLOW_IPV6=[96084372]}, activeScan=false, activeScanWithScreenOff=false, discoveryRequestSupportsDynamicSession=false})
03-03 19:08:04.513  1203 23157 W DatabaseProcessor: processLocalDevices: failed to get the network info with non-null networkId.
03-03 19:08:04.513  1203  1203 I CastMediaRouteProvider: Published 0 routes
03-03 19:08:04.520  1203  1258 I MdnsServiceBrowser: (REDACTED) registering %s
03-03 19:08:04.522  1203 23157 I AOSP-MdnsDiscoveryManag: (REDACTED) %s
03-03 19:08:04.522  1203  4162 I AOSP-MdnsDiscoveryManag: (REDACTED) %s
03-03 19:08:04.522  1203 23157 I AOSP-MdnsDiscoveryManag: (REDACTED) %s
03-03 19:08:04.524   571   710 D ConnectivityService: NetReassign [no changes]
03-03 19:08:04.525  1203  1705 I AOSP-MdnsDiscoveryManag: (REDACTED) %s
03-03 19:08:04.543   571  1720 I WifiService: acquireMulticastLock uid=10100
03-03 19:08:04.552  1203  4162 I AOSP-MdnsDiscoveryManag: (REDACTED) %s
03-03 19:08:04.552  1203  4162 I AOSP-MdnsDiscoveryManag: (REDACTED) %s
03-03 19:08:04.552  1203  4162 I AOSP-MdnsDiscoveryManag: (REDACTED) %s
03-03 19:08:04.553  1203 23228 I AOSP-MdnsDiscoveryManag: (REDACTED) %s
03-03 19:08:04.553  1203 23226 I AOSP-MdnsDiscoveryManag: (REDACTED) %s
03-03 19:08:04.555  1203 23228 I AOSP-MdnsDiscoveryManag: (REDACTED) %s
03-03 19:08:04.555  1203 23226 I AOSP-MdnsDiscoveryManag: (REDACTED) %s
03-03 19:08:04.557  1203 23228 I AOSP-MdnsDiscoveryManag: (REDACTED) %s
03-03 19:08:04.557  1203 23228 I AOSP-MdnsDiscoveryManag: (REDACTED) %s
03-03 19:08:04.557  1203 23226 I AOSP-MdnsDiscoveryManag: (REDACTED) %s
03-03 19:08:04.557  1203 23227 W AOSP-MdnsDiscoveryManag: Error while decoding multicast packet (1997): 1 [CONTEXT service_id=168 ]
03-03 19:08:04.557  1203 23226 I AOSP-MdnsDiscoveryManag: (REDACTED) %s
03-03 19:08:04.557  1203 23227 W AOSP-MdnsDiscoveryManag: Error while decoding multicast packet (1998): 1 [CONTEXT service_id=168 ]
03-03 19:08:04.557  1203 23227 W AOSP-MdnsDiscoveryManag: Error while decoding multicast packet (1999): 1 [CONTEXT service_id=168 ]
03-03 19:08:04.557  1203 23227 W AOSP-MdnsDiscoveryManag: Error while decoding multicast packet (2000): 1 [CONTEXT service_id=168 ]
03-03 19:08:04.557  1203 23227 W AOSP-MdnsDiscoveryManag: Error while decoding multicast packet (2001): 1 [CONTEXT service_id=168 ]
03-03 19:08:04.557  1203 23227 W AOSP-MdnsDiscoveryManag: Error while decoding multicast packet (2002): 1 [CONTEXT service_id=168 ]
03-03 19:08:04.557  1203 23227 W AOSP-MdnsDiscoveryManag: Error while decoding multicast packet (2003): 1 [CONTEXT service_id=168 ]
03-03 19:08:04.557  1203 23227 W AOSP-MdnsDiscoveryManag: Error while decoding multicast packet (2004): 1 [CONTEXT service_id=168 ]
03-03 19:08:04.557  1203  4162 I AOSP-MdnsDiscoveryManag: (REDACTED) %s
03-03 19:08:04.851   430 10727 D BufferPoolAccessor2.0: bufferpool2 0xb400007590d7a028 : 0(0 size) total buffers - 0(0 size) used buffers - 5/10 (recycle/alloc) - 5/9 (fetch/transfer)
03-03 19:08:04.851   430 10727 D BufferPoolAccessor2.0: evictor expired: 4, evicted: 1
03-03 19:08:04.920   788   980 D EGL_emulation: app_time_stats: avg=64.25ms min=7.17ms max=741.54ms count=15
03-03 19:08:04.959 15102 15129 D EGL_emulation: app_time_stats: avg=19.72ms min=2.13ms max=128.88ms count=46
03-03 19:08:04.985 15102 15209 D BufferPoolAccessor2.0: evictor expired: 1, evicted: 0
03-03 19:08:05.198   382   517 D AudioFlinger: mixer(0xb400007cb534fa60) throttle end: throttle time(1)
03-03 19:08:05.559  1203 23228 I AOSP-MdnsDiscoveryManag: (REDACTED) %s
03-03 19:08:05.559  1203 23228 I AOSP-MdnsDiscoveryManag: (REDACTED) %s
03-03 19:08:05.559  1203 23226 I AOSP-MdnsDiscoveryManag: (REDACTED) %s
03-03 19:08:05.559  1203  4162 I AOSP-MdnsDiscoveryManag: (REDACTED) %s
03-03 19:08:05.560  1203 23227 W AOSP-MdnsDiscoveryManag: Error while decoding multicast packet (2005): 1 [CONTEXT service_id=168 ]
03-03 19:08:05.560  1203 23227 W AOSP-MdnsDiscoveryManag: Error while decoding multicast packet (2006): 1 [CONTEXT service_id=168 ]
03-03 19:08:05.560  1203 23226 I AOSP-MdnsDiscoveryManag: (REDACTED) %s
03-03 19:08:05.560  1203 23227 W AOSP-MdnsDiscoveryManag: Error while decoding multicast packet (2007): 1 [CONTEXT service_id=168 ]
03-03 19:08:05.560  1203 23227 W AOSP-MdnsDiscoveryManag: Error while decoding multicast packet (2008): 1 [CONTEXT service_id=168 ]
03-03 19:08:05.796 19696 19696 W ThreadPoolForeg: type=1400 audit(0.0:8103): avc: denied { write } for name="traced_producer" dev="tmpfs" ino=632 scontext=u:r:gmscore_app:s0:c512,c768 tcontext=u:object_r:traced_producer_socket:s0 tclass=sock_file permissive=0 app=com.google.android.gms
03-03 19:08:05.852   430 10727 D BufferPoolAccessor2.0: bufferpool2 0xb400007590d73a68 : 0(0 size) total buffers - 0(0 size) used buffers - 2/6 (recycle/alloc) - 3/3 (fetch/transfer)
03-03 19:08:05.852   430 10727 D BufferPoolAccessor2.0: bufferpool2 0xb400007590d74ce8 : 0(0 size) total buffers - 0(0 size) used buffers - 2/6 (recycle/alloc) - 3/3 (fetch/transfer)
03-03 19:08:05.852   430 10727 D BufferPoolAccessor2.0: evictor expired: 2, evicted: 2
03-03 19:08:05.971 15102 15129 D EGL_emulation: app_time_stats: avg=5.33ms min=2.33ms max=20.67ms count=61
03-03 19:08:06.562  1203 23228 I AOSP-MdnsDiscoveryManag: (REDACTED) %s
03-03 19:08:06.563  1203 23228 I AOSP-MdnsDiscoveryManag: (REDACTED) %s
03-03 19:08:06.563  1203 23226 I AOSP-MdnsDiscoveryManag: (REDACTED) %s
03-03 19:08:06.563  1203  4162 I AOSP-MdnsDiscoveryManag: (REDACTED) %s
03-03 19:08:06.564  1203 23227 W AOSP-MdnsDiscoveryManag: Error while decoding multicast packet (2009): 1 [CONTEXT service_id=168 ]
03-03 19:08:06.564  1203 23227 W AOSP-MdnsDiscoveryManag: Error while decoding multicast packet (2010): 1 [CONTEXT service_id=168 ]
03-03 19:08:06.564  1203 23226 I AOSP-MdnsDiscoveryManag: (REDACTED) %s
03-03 19:08:06.564  1203 23227 W AOSP-MdnsDiscoveryManag: Error while decoding multicast packet (2011): 1 [CONTEXT service_id=168 ]
03-03 19:08:06.564  1203 23227 W AOSP-MdnsDiscoveryManag: Error while decoding multicast packet (2012): 1 [CONTEXT service_id=168 ]
03-03 19:08:06.917 15102 23206 D MediaCodec: keep callback message for reclaim
03-03 19:08:06.918 15102 23210 I CCodecConfig: query failed after returning 12 values (BAD_INDEX)
03-03 19:08:06.918 15102 23210 D CCodecConfig: c2 config diff is   c2::u32 coded.vui.color.matrix = 1
03-03 19:08:06.918 15102 23210 D CCodecConfig:   c2::u32 coded.vui.color.primaries = 1
03-03 19:08:06.918 15102 23210 D CCodecConfig:   c2::u32 coded.vui.color.transfer = 3
03-03 19:08:06.918 15102 23210 W Codec2Client: query -- param skipped: index = 1342179345.
03-03 19:08:06.918 15102 23210 W Codec2Client: query -- param skipped: index = 2415921170.
03-03 19:08:06.918 15102 23210 W Codec2Client: query -- param skipped: index = 1610614798.
03-03 19:08:06.921 15102 23215 D CCodecBuffers: [c2.android.aac.decoder#664:1D-Output.Impl[N]] Client returned a buffer it does not own according to our record: 0
03-03 19:08:06.921 15102 23206 D MediaCodec: keep callback message for reclaim
03-03 19:08:06.921 15102 23215 I CCodecConfig: query failed after returning 19 values (BAD_INDEX)
03-03 19:08:06.921 15102 23215 W Codec2Client: query -- param skipped: index = 1342179345.
03-03 19:08:06.921 15102 23215 W Codec2Client: query -- param skipped: index = 2415921170.
03-03 19:08:06.921 15102 23215 W Codec2Client: query -- param skipped: index = 1610614798.
03-03 19:08:06.925 15102 23210 D SurfaceUtils: connecting to surface 0xb400007a5f65b8e0, reason connectToSurface
03-03 19:08:06.925 15102 23210 I MediaCodec: [c2.goldfish.h264.decoder] setting surface generation to 15464556
03-03 19:08:06.925 15102 23210 D SurfaceUtils: disconnecting from surface 0xb400007a5f65b8e0, reason connectToSurface(reconnect)
03-03 19:08:06.925 15102 23210 D SurfaceUtils: connecting to surface 0xb400007a5f65b8e0, reason connectToSurface(reconnect)
03-03 19:08:06.925   351   539 E android.hardware.audio@7.0-impl.ranchu: device/generic/goldfish/audio/stream_out.cpp:updateSourceMetadata:389 failure: Result::NOT_SUPPORTED
03-03 19:08:06.927 15102 23210 D Codec2-OutputBufferQueue: remote graphic buffer migration 0/0
03-03 19:08:06.927 15102 23210 D Codec2Client: setOutputSurface -- failed to set consumer usage (6/BAD_INDEX)
03-03 19:08:06.927 15102 23210 D Codec2Client: setOutputSurface -- generation=15464556 consumer usage=0x900
03-03 19:08:06.929 15102 23210 E BufferQueueProducer: [SurfaceView[com.google.android.apps.photos/com.google.android.apps.photos.pager.HostPhotoPagerActivity]#39(BLAST Consumer)39](id:3afe00000064,api:3,p:15102,c:15102) detachBuffer: slot 0 is not owned by the producer (state = FREE)
03-03 19:08:06.929 15102 23210 E BufferQueueProducer: [SurfaceView[com.google.android.apps.photos/com.google.android.apps.photos.pager.HostPhotoPagerActivity]#39(BLAST Consumer)39](id:3afe00000064,api:3,p:15102,c:15102) detachBuffer: slot 1 is not owned by the producer (state = FREE)
03-03 19:08:06.929 15102 23210 E BufferQueueProducer: [SurfaceView[com.google.android.apps.photos/com.google.android.apps.photos.pager.HostPhotoPagerActivity]#39(BLAST Consumer)39](id:3afe00000064,api:3,p:15102,c:15102) detachBuffer: slot 2 is not owned by the producer (state = FREE)
03-03 19:08:06.929 15102 23210 E BufferQueueProducer: [SurfaceView[com.google.android.apps.photos/com.google.android.apps.photos.pager.HostPhotoPagerActivity]#39(BLAST Consumer)39](id:3afe00000064,api:3,p:15102,c:15102) detachBuffer: slot 3 is not owned by the producer (state = FREE)
03-03 19:08:06.929 15102 23210 E BufferQueueProducer: [SurfaceView[com.google.android.apps.photos/com.google.android.apps.photos.pager.HostPhotoPagerActivity]#39(BLAST Consumer)39](id:3afe00000064,api:3,p:15102,c:15102) detachBuffer: slot 4 is not owned by the producer (state = FREE)
03-03 19:08:06.929 15102 23210 E BufferQueueProducer: [SurfaceView[com.google.android.apps.photos/com.google.android.apps.photos.pager.HostPhotoPagerActivity]#39(BLAST Consumer)39](id:3afe00000064,api:3,p:15102,c:15102) detachBuffer: slot 5 is not owned by the producer (state = FREE)
03-03 19:08:06.929 15102 23210 E BufferQueueProducer: [SurfaceView[com.google.android.apps.photos/com.google.android.apps.photos.pager.HostPhotoPagerActivity]#39(BLAST Consumer)39](id:3afe00000064,api:3,p:15102,c:15102) detachBuffer: slot 6 is not owned by the producer (state = FREE)
03-03 19:08:06.930 15102 23210 E BufferQueueProducer: [SurfaceView[com.google.android.apps.photos/com.google.android.apps.photos.pager.HostPhotoPagerActivity]#39(BLAST Consumer)39](id:3afe00000064,api:3,p:15102,c:15102) detachBuffer: slot 7 is not owned by the producer (state = FREE)
03-03 19:08:06.930 15102 23210 E BufferQueueProducer: [SurfaceView[com.google.android.apps.photos/com.google.android.apps.photos.pager.HostPhotoPagerActivity]#39(BLAST Consumer)39](id:3afe00000064,api:3,p:15102,c:15102) detachBuffer: slot 8 is not owned by the producer (state = FREE)
03-03 19:08:06.930 15102 23210 E BufferQueueProducer: [SurfaceView[com.google.android.apps.photos/com.google.android.apps.photos.pager.HostPhotoPagerActivity]#39(BLAST Consumer)39](id:3afe00000064,api:3,p:15102,c:15102) detachBuffer: slot 9 is not owned by the producer (state = FREE)
03-03 19:08:06.930 15102 23210 E BufferQueueProducer: [SurfaceView[com.google.android.apps.photos/com.google.android.apps.photos.pager.HostPhotoPagerActivity]#39(BLAST Consumer)39](id:3afe00000064,api:3,p:15102,c:15102) detachBuffer: slot 10 is not owned by the producer (state = FREE)
