03-03 19:06:03.383  1341  1341 I ProactiveSuggestionsHolderManager: ProactiveSuggestionsHolderManager$displaySuggestionsListener$1.display():236 Requesting to show proactive suggestions: CLIPBOARD PREEMPTIVE_WITH_SUPPRESSION in FLOATING_CANDIDATES
03-03 19:06:03.383  1341  1341 I ProactiveSuggestionsHolderManager: ProactiveSuggestionsHolderManager$displaySuggestionsListener$1.display():258 suggestions CLIPBOARD are pending to show on FLOATING_CANDIDATES
03-03 19:06:03.383  1341  1341 I ProactiveSuggestionsHolderManager: ProactiveSuggestionsHolderManager$displaySuggestionsListener$1.display():236 Requesting to show proactive suggestions: CLIPBOARD PREEMPTIVE_WITH_SUPPRESSION in WIDGET
03-03 19:06:03.383  1341  1341 I ProactiveSuggestionsHolderManager: ProactiveSuggestionsHolderManager$displaySuggestionsListener$1.display():258 suggestions CLIPBOARD are pending to show on WIDGET
03-03 19:06:03.384  1341  1341 I VoiceInputManagerWrapper: VoiceInputManagerWrapper.cancelShutdown():109 cancelShutdown()
03-03 19:06:03.384  1341  1341 I VoiceInputManagerWrapper: VoiceInputManagerWrapper.syncLanguagePacks():121 syncLanguagePacks()
03-03 19:06:03.385  1341  7245 I SpeechFactory: SpeechRecognitionFactory.maybeScheduleAutoPackDownloadForFallback():217 maybeScheduleAutoPackDownloadForFallback()
03-03 19:06:03.385  1341  7245 I FallbackOnDeviceRecognitionProvider: FallbackOnDeviceRecognitionProvider.maybeScheduleAutoPackDownload():213 maybeScheduleAutoPackDownload() for language tag en-US
03-03 19:06:03.385  1341  1341 I VoiceInputManager: VoiceInputManager.onKeyboardActivated():1215 onKeyboardActivated() [UD]
03-03 19:06:03.386  1341  1341 I Module  : DeviceLockedStatusModuleProvider$Module.updateDeviceLockedStatus():103 repeatCheckTimes = 1, locked = false
03-03 19:06:03.388  1341  1341 I VoiceImeExtension: VoiceImeExtension.shouldStartVoiceInputAutomaticallyInCurrentInputBox():384 No private IME option set to start voice input.
03-03 19:06:03.390  1662  1662 D BoundBrokerSvc: onBind: Intent { act=com.google.firebase.dynamiclinks.service.START pkg=com.google.android.gms }
03-03 19:06:03.390  1662  1662 D BoundBrokerSvc: Loading bound service for intent: Intent { act=com.google.firebase.dynamiclinks.service.START pkg=com.google.android.gms }
03-03 19:06:03.406  1341  1341 I WindowMetricsNotification: WindowMetricsNotification.notifyWithWindow():166 
03-03 19:06:03.406  1341  1341 I WindowMetricsNotification: WindowMetricsNotification.notify():159 qjg[bounds=Rect(0, 84 - 1440, 3120), insets=Rect(0, 0 - 0, 168), densityDpi=560, smallestScreenWidthDp=411, displayWidth=1440, displayHeight=3120, xdpi=560.0, ydpi=560.0, isTrustable=true, displayId=0]; DisplayMetrics{density=3.5, width=1440, height=3120, scaledDensity=3.5, xdpi=560.0, ydpi=560.0}
03-03 19:06:03.446 22886 22886 D InsetsController: show(ime(), fromIme=true)
03-03 19:06:03.448  1341  1341 I GoogleInputMethodService: GoogleInputMethodService$1.onKeyboardViewShown():331 onKeyboardViewShown: keyboardType=prime, keyboardViewType=HEADER keyboardView=com.google.android.libraries.inputmethod.widgets.SoftKeyboardView{bb7aee7 V.E...... ........ 0,0-1440,154}
03-03 19:06:03.448  1341  1341 I BaseKeyboardSizeHelper: BaseKeyboardSizeHelper.calculateMaxKeyboardBodyHeight():73 leave 375 height for app when ime window height:2868, header height:154 and isFullscreenMode:false, so the max keyboard body height is:2339
03-03 19:06:03.453  1341  1341 I KeyboardViewController: KeyboardViewController.showSelfAndAncestors():651 current view doesn't has the priority com.google.android.libraries.inputmethod.accesspoint.widget.AccessPointsBar{35a1a93 I.E...... ......ID 0,0-1132,154 #7f0b00a2 app:id/0_resource_name_obfuscated} to show itself, DEFAULT
03-03 19:06:03.454  1341  1341 I GoogleInputMethodService: GoogleInputMethodService$1.onKeyboardViewShown():331 onKeyboardViewShown: keyboardType=prime, keyboardViewType=BODY keyboardView=com.google.android.libraries.inputmethod.widgets.SoftKeyboardView{3c72ca8 V.E...... ........ 0,0-1440,854}
03-03 19:06:03.454  1341  1341 I BaseKeyboardSizeHelper: BaseKeyboardSizeHelper.calculateMaxKeyboardBodyHeight():73 leave 375 height for app when ime window height:2868, header height:154 and isFullscreenMode:false, so the max keyboard body height is:2339
03-03 19:06:03.454  1341  1341 I GlobeKeyExtension: GlobeKeyExtension$1.onKeyboardViewShown():72 maybeDisableLanguageSwitchKeyPref when the keyboard is shown
03-03 19:06:03.454  1341  1341 I GlobeKeyExtension: GlobeKeyExtension.maybeDisableLanguageSwitchKeyPref():200 maybeDisableLanguageSwitchKeyPref hasGlobeKeyBeenDisabled: false, shouldDisableLanguageSwitchKey: false
03-03 19:06:03.454  1341  1341 I NewLanguagePromptExtension: NewLanguagePromptExtension$1.onKeyboardViewShown():98 Not show new language banner: no change in enabled input method entries
03-03 19:06:03.457  1341  1341 I DynamicLayoutHandler: DynamicLayoutHandler.loadDynamicKeys():92 This isn't a dynamic layout.
03-03 19:06:03.460  1341  2115 I Delight5Decoder: Delight5DecoderWrapper.setKeyboardLayout():548 setKeyboardLayout()
03-03 19:06:03.461  1341  1341 I KeyboardModeUtils: KeyboardModeUtils.getKeyboardBottomOffset():435 inch: 0.000000 ydpi: 560.000000 adjustKeyboardBottomByDisplaySize: false currentDensityDpi: 560 defaultDensityDpi: 560 keyboardBottomToScreenPx: 0 keyboardBottomToNavBarPx: -168 navBarHeight: 168
03-03 19:06:03.461  1341  1341 I BaseKeyboardSizeHelper: BaseKeyboardSizeHelper.calculateMaxKeyboardBodyHeight():73 leave 375 height for app when ime window height:2868, header height:154 and isFullscreenMode:false, so the max keyboard body height is:2339
03-03 19:06:03.461  1341  1341 I BaseKeyboardSizeHelper: BaseKeyboardSizeHelper.calculateMaxKeyboardBodyHeight():73 leave 375 height for app when ime window height:2868, header height:154 and isFullscreenMode:false, so the max keyboard body height is:2339
03-03 19:06:03.467  1341  1341 I KeyboardModeUtils: KeyboardModeUtils.getKeyboardBottomOffset():435 inch: 0.000000 ydpi: 560.000000 adjustKeyboardBottomByDisplaySize: false currentDensityDpi: 560 defaultDensityDpi: 560 keyboardBottomToScreenPx: 0 keyboardBottomToNavBarPx: -168 navBarHeight: 168
03-03 19:06:03.467  1341  1341 I BaseKeyboardSizeHelper: BaseKeyboardSizeHelper.calculateMaxKeyboardBodyHeight():73 leave 375 height for app when ime window height:2868, header height:154 and isFullscreenMode:false, so the max keyboard body height is:2339
03-03 19:06:03.467  1341  1341 I BaseKeyboardSizeHelper: BaseKeyboardSizeHelper.calculateMaxKeyboardBodyHeight():73 leave 375 height for app when ime window height:2868, header height:154 and isFullscreenMode:false, so the max keyboard body height is:2339
03-03 19:06:03.478 22886 22940 D EGL_emulation: app_time_stats: avg=49.02ms min=2.38ms max=548.86ms count=21
03-03 19:06:03.514  1341  1341 W TooltipLifecycleManager: TooltipLifecycleManager.dismissTooltips():153 Tooltip with id spell_check_add_to_dictionary not found in tooltipManager.
03-03 19:06:03.537   788   980 D EGL_emulation: app_time_stats: avg=29.98ms min=1.08ms max=788.49ms count=38
03-03 19:06:04.688  1341  2212 D EGL_emulation: app_time_stats: avg=105.45ms min=3.25ms max=1071.39ms count=11
03-03 19:06:04.705   380   380 I android.hardware.vibrator-service.example: Vibrator perform
03-03 19:06:04.709   380 22952 I android.hardware.vibrator-service.example: Starting perform on another thread
03-03 19:06:04.710  1341  1341 W TooltipLifecycleManager: TooltipLifecycleManager.dismissTooltips():153 Tooltip with id SUGGESTION_VIEW_EDU_MINI_DIALOG not found in tooltipManager.
03-03 19:06:04.718  1341  1341 I ProactiveSuggestionsHolderManager: ProactiveSuggestionsHolderManager$displaySuggestionsListener$1.display():209 Requesting to show proactive suggestions: UNDO PREEMPTIVE_WITH_SUPPRESSION
03-03 19:06:04.720  1341  1341 I KeyboardModeUtils: KeyboardModeUtils.getKeyboardBottomOffset():435 inch: 0.000000 ydpi: 560.000000 adjustKeyboardBottomByDisplaySize: false currentDensityDpi: 560 defaultDensityDpi: 560 keyboardBottomToScreenPx: 0 keyboardBottomToNavBarPx: -168 navBarHeight: 168
03-03 19:06:04.720  1341  1341 I BaseKeyboardSizeHelper: BaseKeyboardSizeHelper.calculateMaxKeyboardBodyHeight():73 leave 375 height for app when ime window height:2868, header height:154 and isFullscreenMode:false, so the max keyboard body height is:2339
03-03 19:06:04.720  1341  1341 I BaseKeyboardSizeHelper: BaseKeyboardSizeHelper.calculateMaxKeyboardBodyHeight():73 leave 375 height for app when ime window height:2868, header height:154 and isFullscreenMode:false, so the max keyboard body height is:2339
03-03 19:06:04.722 22886 22940 D EGL_emulation: app_time_stats: avg=59.18ms min=7.82ms max=502.67ms count=21
03-03 19:06:04.738  1341  1341 I KeyboardModeUtils: KeyboardModeUtils.getKeyboardBottomOffset():435 inch: 0.000000 ydpi: 560.000000 adjustKeyboardBottomByDisplaySize: false currentDensityDpi: 560 defaultDensityDpi: 560 keyboardBottomToScreenPx: 0 keyboardBottomToNavBarPx: -168 navBarHeight: 168
03-03 19:06:04.738  1341  1341 I BaseKeyboardSizeHelper: BaseKeyboardSizeHelper.calculateMaxKeyboardBodyHeight():73 leave 375 height for app when ime window height:2868, header height:154 and isFullscreenMode:false, so the max keyboard body height is:2339
03-03 19:06:04.738  1341  1341 I BaseKeyboardSizeHelper: BaseKeyboardSizeHelper.calculateMaxKeyboardBodyHeight():73 leave 375 height for app when ime window height:2868, header height:154 and isFullscreenMode:false, so the max keyboard body height is:2339
03-03 19:06:04.742   351   539 E android.hardware.audio@7.0-impl.ranchu: device/generic/goldfish/audio/stream_out.cpp:updateSourceMetadata:389 failure: Result::NOT_SUPPORTED
03-03 19:06:04.792  1341  1341 I KeyboardViewController: KeyboardViewController.showSelfAndAncestors():651 current view doesn't has the priority com.google.android.apps.inputmethod.latin.keyboard.widget.LatinFixedCountCandidatesHolderView{f0daecd I.E...... ......ID 0,0-1132,154 #7f0b14ee app:id/softkey_holder_fixed_candidates} to show itself, PREEMPTIVE
03-03 19:06:04.801  1341  1341 I KeyboardModeUtils: KeyboardModeUtils.getKeyboardBottomOffset():435 inch: 0.000000 ydpi: 560.000000 adjustKeyboardBottomByDisplaySize: false currentDensityDpi: 560 defaultDensityDpi: 560 keyboardBottomToScreenPx: 0 keyboardBottomToNavBarPx: -168 navBarHeight: 168
03-03 19:06:04.801  1341  1341 I BaseKeyboardSizeHelper: BaseKeyboardSizeHelper.calculateMaxKeyboardBodyHeight():73 leave 375 height for app when ime window height:2868, header height:154 and isFullscreenMode:false, so the max keyboard body height is:2339
03-03 19:06:04.801  1341  1341 I BaseKeyboardSizeHelper: BaseKeyboardSizeHelper.calculateMaxKeyboardBodyHeight():73 leave 375 height for app when ime window height:2868, header height:154 and isFullscreenMode:false, so the max keyboard body height is:2339
03-03 19:06:04.810   380 22952 I android.hardware.vibrator-service.example: Notifying perform complete
03-03 19:06:04.813   380   380 I android.hardware.vibrator-service.example: Vibrator off
03-03 19:06:04.824  1341  1352 W putmethod.lati: Reducing the number of considered missed Gc histogram windows from 224 to 100
03-03 19:06:04.854  1341  1341 I KeyboardViewController: KeyboardViewController.showSelfAndAncestors():651 current view doesn't has the priority com.google.android.libraries.inputmethod.accesspoint.widget.AccessPointsBar{35a1a93 I.E...... ......ID 0,0-1132,154 #7f0b00a2 app:id/0_resource_name_obfuscated} to show itself, DEFAULT
03-03 19:06:05.303 22886 22886 D HomeViewModel: === fetchVideoInfo called ===
03-03 19:06:05.303 22886 22886 D HomeViewModel: URL entered: https://youtu.be/wkPi8KZiKuc?si=mbjjJ3y0TnS1qG2Z
03-03 19:06:05.303 22886 22886 D HomeViewModel: URL validation: https://youtu.be/wkPi8KZiKuc?si=mbjjJ3y0TnS1qG2Z -> true
03-03 19:06:05.304 22886 22886 D HomeViewModel: Fetching video info...
03-03 19:06:05.307 22886 22954 D DownloadRepository: === getVideoInfo START ===
03-03 19:06:05.307 22886 22954 D DownloadRepository: URL: https://youtu.be/wkPi8KZiKuc?si=mbjjJ3y0TnS1qG2Z
03-03 19:06:05.308 22886 22954 D DownloadRepository: No cookie file found
03-03 19:06:05.312 22957 22957 W libpython.so: type=1400 audit(0.0:7747): avc: granted { execute } for path="/data/data/com.spyou.youtubedownload/no_backup/youtubedl-android/packages/python/usr/lib/libpython3.12.so.1.0" dev="dm-29" ino=180721 scontext=u:r:untrusted_app:s0:c150,c256,c512,c768 tcontext=u:object_r:app_data_file:s0:c150,c256,c512,c768 tclass=file app=com.spyou.youtubedownload
03-03 19:06:05.312 22957 22957 W libpython.so: type=1400 audit(0.0:7748): avc: granted { execute } for path="/data/data/com.spyou.youtubedownload/no_backup/youtubedl-android/packages/python/usr/lib/libandroid-support.so" dev="dm-29" ino=180368 scontext=u:r:untrusted_app:s0:c150,c256,c512,c768 tcontext=u:object_r:app_data_file:s0:c150,c256,c512,c768 tclass=file app=com.spyou.youtubedownload
03-03 19:06:05.352 22957 22957 W libpython.so: type=1400 audit(0.0:7749): avc: granted { execute } for path="/data/data/com.spyou.youtubedownload/no_backup/youtubedl-android/packages/python/usr/lib/python3.12/lib-dynload/zlib.cpython-312.so" dev="dm-29" ino=204931 scontext=u:r:untrusted_app:s0:c150,c256,c512,c768 tcontext=u:object_r:app_data_file:s0:c150,c256,c512,c768 tclass=file app=com.spyou.youtubedownload
03-03 19:06:05.352 22957 22957 W libpython.so: type=1400 audit(0.0:7750): avc: granted { execute } for path="/data/data/com.spyou.youtubedownload/no_backup/youtubedl-android/packages/python/usr/lib/libz.so.1.3.1" dev="dm-29" ino=180373 scontext=u:r:untrusted_app:s0:c150,c256,c512,c768 tcontext=u:object_r:app_data_file:s0:c150,c256,c512,c768 tclass=file app=com.spyou.youtubedownload
03-03 19:06:05.384 22957 22957 W libpython.so: type=1400 audit(0.0:7751): avc: granted { execute } for path="/data/data/com.spyou.youtubedownload/no_backup/youtubedl-android/packages/python/usr/lib/python3.12/lib-dynload/termios.cpython-312.so" dev="dm-29" ino=204899 scontext=u:r:untrusted_app:s0:c150,c256,c512,c768 tcontext=u:object_r:app_data_file:s0:c150,c256,c512,c768 tclass=file app=com.spyou.youtubedownload
03-03 19:06:05.436 22957 22957 W libpython.so: type=1400 audit(0.0:7752): avc: granted { execute } for path="/data/data/com.spyou.youtubedownload/no_backup/youtubedl-android/packages/python/usr/lib/python3.12/lib-dynload/_struct.cpython-312.so" dev="dm-29" ino=204920 scontext=u:r:untrusted_app:s0:c150,c256,c512,c768 tcontext=u:object_r:app_data_file:s0:c150,c256,c512,c768 tclass=file app=com.spyou.youtubedownload
03-03 19:06:05.436 22957 22957 W libpython.so: type=1400 audit(0.0:7753): avc: granted { execute } for path="/data/data/com.spyou.youtubedownload/no_backup/youtubedl-android/packages/python/usr/lib/python3.12/lib-dynload/binascii.cpython-312.so" dev="dm-29" ino=204935 scontext=u:r:untrusted_app:s0:c150,c256,c512,c768 tcontext=u:object_r:app_data_file:s0:c150,c256,c512,c768 tclass=file app=com.spyou.youtubedownload
03-03 19:06:05.740 22886 22940 D EGL_emulation: app_time_stats: avg=27.43ms min=1.94ms max=455.99ms count=29
03-03 19:06:06.644 22964 22964 W file    : type=1400 audit(0.0:7799): avc: granted { execute } for path="/data/data/com.spyou.youtubedownload/no_backup/youtubedl-android/packages/python/usr/lib/libcrypto.so.3" dev="dm-29" ino=180727 scontext=u:r:untrusted_app:s0:c150,c256,c512,c768 tcontext=u:object_r:app_data_file:s0:c150,c256,c512,c768 tclass=file app=com.spyou.youtubedownload
03-03 19:06:06.644 22964 22964 W file    : type=1400 audit(0.0:7800): avc: granted { execute } for path="/data/data/com.spyou.youtubedownload/no_backup/youtubedl-android/packages/python/usr/lib/libz.so.1.3.1" dev="dm-29" ino=180373 scontext=u:r:untrusted_app:s0:c150,c256,c512,c768 tcontext=u:object_r:app_data_file:s0:c150,c256,c512,c768 tclass=file app=com.spyou.youtubedownload
03-03 19:06:06.652 22965 22965 W uname   : type=1400 audit(0.0:7801): avc: granted { execute } for path="/data/data/com.spyou.youtubedownload/no_backup/youtubedl-android/packages/python/usr/lib/libcrypto.so.3" dev="dm-29" ino=180727 scontext=u:r:untrusted_app:s0:c150,c256,c512,c768 tcontext=u:object_r:app_data_file:s0:c150,c256,c512,c768 tclass=file app=com.spyou.youtubedownload
03-03 19:06:06.652 22965 22965 W uname   : type=1400 audit(0.0:7802): avc: granted { execute } for path="/data/data/com.spyou.youtubedownload/no_backup/youtubedl-android/packages/python/usr/lib/libz.so.1.3.1" dev="dm-29" ino=180373 scontext=u:r:untrusted_app:s0:c150,c256,c512,c768 tcontext=u:object_r:app_data_file:s0:c150,c256,c512,c768 tclass=file app=com.spyou.youtubedownload
03-03 19:06:06.757 22886 22940 D EGL_emulation: app_time_stats: avg=6.31ms min=2.63ms max=14.86ms count=61
03-03 19:06:06.868  1203  1203 W ThreadPoolForeg: type=1400 audit(0.0:7803): avc: denied { write } for name="traced_producer" dev="tmpfs" ino=632 scontext=u:r:gmscore_app:s0:c512,c768 tcontext=u:object_r:traced_producer_socket:s0 tclass=sock_file permissive=0 app=com.google.android.gms
03-03 19:06:07.285 22886 22969 D ProfileInstaller: Installing profile for com.spyou.youtubedownload
03-03 19:06:07.773 22886 22940 D EGL_emulation: app_time_stats: avg=5.65ms min=1.91ms max=15.65ms count=61
03-03 19:06:08.688  1662  1662 W ThreadPoolForeg: type=1400 audit(0.0:7804): avc: denied { write } for name="traced_producer" dev="tmpfs" ino=632 scontext=u:r:gmscore_app:s0:c512,c768 tcontext=u:object_r:traced_producer_socket:s0 tclass=sock_file permissive=0 app=com.google.android.gms
03-03 19:06:08.696   571   597 D CompatibilityChangeReporter: Compat change id reported: 135634846; UID 10104; state: DISABLED
03-03 19:06:08.696   571   597 D CompatibilityChangeReporter: Compat change id reported: 177438394; UID 10104; state: DISABLED
03-03 19:06:08.696   571   597 D CompatibilityChangeReporter: Compat change id reported: 135772972; UID 10104; state: DISABLED
03-03 19:06:08.696   571   597 D CompatibilityChangeReporter: Compat change id reported: 135754954; UID 10104; state: ENABLED
03-03 19:06:08.697   571   598 D CompatibilityChangeReporter: Compat change id reported: 143937733; UID 10104; state: ENABLED
03-03 19:06:08.717   346   346 D Zygote  : Forked child process 22975
03-03 19:06:08.718   571   598 I ActivityManager: Start proc 22975:com.google.android.googlequicksearchbox:search/u0a104 for broadcast {com.google.android.googlequicksearchbox/com.google.android.libraries.assistant.contexttrigger.impl.ContextTriggerBroadcastReceiver_Receiver}
03-03 19:06:08.738 22975 22975 E earchbox:searc: Not starting debugger since process cannot load the jdwp agent.
03-03 19:06:08.748   571  2849 D CompatibilityChangeReporter: Compat change id reported: 181136395; UID 10150; state: DISABLED
03-03 19:06:08.751   571  2849 D CompatibilityChangeReporter: Compat change id reported: 174042936; UID 10150; state: DISABLED
03-03 19:06:08.754 22975 22975 D CompatibilityChangeReporter: Compat change id reported: 171979766; UID 10104; state: ENABLED
03-03 19:06:08.785 22886 22940 D EGL_emulation: app_time_stats: avg=6.24ms min=2.87ms max=17.07ms count=61
03-03 19:06:08.808 22975 22975 W earchbox:searc: Entry not found
03-03 19:06:08.808 22975 22975 W earchbox:searc: Entry not found
03-03 19:06:08.816 22975 22975 W earchbox:searc: JIT profile information will not be recorded: profile file does not exist.
03-03 19:06:08.816 22975 22975 W earchbox:searc: JIT profile information will not be recorded: profile file does not exist.
03-03 19:06:08.824 22975 22975 V GraphicsEnvironment: ANGLE Developer option for 'com.google.android.googlequicksearchbox' set to: 'default'
03-03 19:06:08.825 22975 22975 V GraphicsEnvironment: ANGLE GameManagerService for com.google.android.googlequicksearchbox: false
03-03 19:06:08.825 22975 22975 V GraphicsEnvironment: Neither updatable production driver nor prerelease driver is supported.
03-03 19:06:08.826 22975 22975 D NetworkSecurityConfig: Using Network Security Config from resource network_security_config debugBuild: false
03-03 19:06:08.828 22975 22975 D NetworkSecurityConfig: Using Network Security Config from resource network_security_config debugBuild: false
03-03 19:06:08.878 22975 22975 I MultiDex: VM with version 2.1.0 has multidex support
03-03 19:06:08.878 22975 22975 I MultiDex: Installing application
03-03 19:06:08.878 22975 22975 I MultiDex: VM has multidex support, MultiDex support library is disabled.
03-03 19:06:08.893 22975 22975 D ProcessLifecycleG3: androidx.startup is not available, initializing using ProcessLifecycleOwnerInitializer instead.
03-03 19:06:08.993 22975 22975 I eetb    : SslGuard completed installation.
03-03 19:06:09.007 22975 22975 I dntw    : Scheduling one-off OpaEnabledBroadcastWorker in 30 seconds
03-03 19:06:09.033 22975 22975 I csee    : Initializing GMS Compliance Client Library...
03-03 19:06:09.033 22975 22975 I csee    : Checking for device compliance...
03-03 19:06:09.033 22975 22975 I csee    : Completed library init.
03-03 19:06:09.040 22975 22996 I dhzp    : (REDACTED) Gemini app was installed: %s
03-03 19:06:09.041 22975 22975 I fazt    : (REDACTED) Scoped context discovery schemas: %s.
03-03 19:06:09.055  1662  1662 D BoundBrokerSvc: onBind: Intent { act=com.google.android.mobstore.service.START pkg=com.google.android.gms }
03-03 19:06:09.055  1662  1662 D BoundBrokerSvc: Loading bound service for intent: Intent { act=com.google.android.mobstore.service.START pkg=com.google.android.gms }
03-03 19:06:09.073 22975 22975 I cmph    : (REDACTED) #onReceive: %s
03-03 19:06:09.119 22975 23007 I csee    : (REDACTED) Device Compliance Fetch time taken = %sms
03-03 19:06:09.119 22975 23007 I csee    : Device is compliant!
03-03 19:06:09.119 22975 23007 I csee    : Invoking "compliant" action...
03-03 19:06:09.159  1662  1662 D BoundBrokerSvc: onBind: Intent { act=com.google.android.gms.audit.service.START pkg=com.google.android.gms }
03-03 19:06:09.159  1662  1662 D BoundBrokerSvc: Loading bound service for intent: Intent { act=com.google.android.gms.audit.service.START pkg=com.google.android.gms }
03-03 19:06:09.166   571  2847 W ServiceManager: Permission failure: android.permission.HIGH_SAMPLING_RATE_SENSORS from uid=10104 pid=22975
03-03 19:06:09.170 22975 23011 W bioq    : No value provided for the places model index flag.
03-03 19:06:09.170 22975 23011 W bioq    : No value provided for the places model index flag.
03-03 19:06:09.176 22975 23011 I ekbp    : Validating WorkManager process
03-03 19:06:09.176 22975 23007 I ekbp    : (REDACTED) Processes: %s, %s, %s, %s
03-03 19:06:09.178 22975 23011 D WM-PackageManagerHelper: Skipping component enablement for androidx.work.impl.background.systemjob.SystemJobService
03-03 19:06:09.178 22975 23011 D WM-Schedulers: Created SystemJobScheduler and enabled SystemJobService
03-03 19:06:09.179 22975 23007 D WM-ForceStopRunnable: Is default app process = true
03-03 19:06:09.179 22975 23007 D WM-ForceStopRunnable: Performing cleanup operations.
03-03 19:06:09.191 22975 23007 D WM-SystemJobScheduler: Reconciling jobs
03-03 19:06:09.194 22975 23007 D CompatibilityChangeReporter: Compat change id reported: 160794467; UID 10104; state: ENABLED
03-03 19:06:09.195 22975 23007 D WM-ForceStopRunnable: Found unfinished work, scheduling it.
03-03 19:06:09.200 22975 23007 D WM-SystemJobScheduler: Scheduling work ID 77c508c9-54d0-45f0-818b-a3865d7a4802Job ID 49
03-03 19:06:09.202 22975 23007 D WM-SystemJobScheduler: Scheduling work ID 5b568470-fe31-49df-a6c6-e9b97dc6d83aJob ID 50
03-03 19:06:09.203 22975 23007 D WM-SystemJobScheduler: Scheduling work ID b024598e-138b-4aa9-b520-abda2fdf490dJob ID 2
03-03 19:06:09.204 22975 23007 D WM-SystemJobScheduler: Scheduling work ID bbe9c8fe-f4b5-42a6-ba80-828a9b220006Job ID 12
03-03 19:06:09.206 22975 23007 D WM-SystemJobScheduler: Scheduling work ID 90816717-519f-46b4-8d85-6e6981ae90c1Job ID 418
03-03 19:06:09.208 22975 23007 D WM-SystemJobScheduler: Scheduling work ID e3cab394-96fb-485d-b771-86af07e3e4b7Job ID 419
03-03 19:06:09.208 22975 23007 D WM-SystemJobScheduler: Scheduling work ID b4391afb-a697-4272-8f2f-d99ea4d7a168Job ID 420
03-03 19:06:09.209 22975 23007 D WM-SystemJobScheduler: Scheduling work ID 0385192d-812d-43a1-accb-081376b73d89Job ID 421
03-03 19:06:09.210 22975 23007 D WM-SystemJobScheduler: Scheduling work ID fa58aa49-63cb-4154-81da-6b5293ac6381Job ID 589
03-03 19:06:09.210 22975 23007 D WM-SystemJobScheduler: Scheduling work ID 877b1843-d45b-4741-a084-51b3abfc54c4Job ID 591
03-03 19:06:09.211 22975 23007 D WM-SystemJobScheduler: Scheduling work ID 9f69931e-585f-4391-9d24-b7091de2d45dJob ID 590
03-03 19:06:09.211 22975 23007 D WM-SystemJobScheduler: Scheduling work ID 82404971-513b-4b5b-a11c-6715a6a5f760Job ID 405
03-03 19:06:09.211 22975 23007 D WM-SystemJobScheduler: Scheduling work ID c8162af2-e7d6-43e2-9b3f-003672e4c687Job ID 406
03-03 19:06:09.211 22975 23007 D WM-SystemJobScheduler: Scheduling work ID 38b84be2-aa26-445f-ac71-73822b8ee087Job ID 407
03-03 19:06:09.212 22975 23007 D WM-SystemJobScheduler: Scheduling work ID 64a96b32-0c00-4599-8e17-ac91ac640223Job ID 408
03-03 19:06:09.213 22975 23007 D WM-SystemJobScheduler: Scheduling work ID 8fac5acd-f62c-4d49-9dea-f9dbff0c306bJob ID 609
03-03 19:06:09.218 22975 23007 D WM-SystemJobScheduler: Scheduling work ID 60dfaf79-cff0-471c-be60-ee7c273c0317Job ID 607
03-03 19:06:09.220 22975 23007 D WM-SystemJobScheduler: Scheduling work ID c07d85bd-a195-4db8-bdb3-ee8d5c414eb0Job ID 608
03-03 19:06:09.221 22975 23007 D WM-SystemJobScheduler: Scheduling work ID 4d68e5ff-0bf0-4f47-8f0b-ffa08fa8acf4Job ID 556
03-03 19:06:09.222 22975 23007 D WM-SystemJobScheduler: Scheduling work ID dcee6e82-8d73-41ad-a5fa-78cf73c55389Job ID 597
03-03 19:06:09.222 22975 23007 D WM-SystemJobScheduler: Scheduling work ID 28d78cdd-8253-49a5-bf3f-cc40da4450bfJob ID 584
03-03 19:06:09.223 22975 23007 D WM-SystemJobScheduler: Scheduling work ID 6b22604f-6734-4a1a-9948-21a60e3a624aJob ID 586
03-03 19:06:09.224 22975 23007 D WM-SystemJobScheduler: Scheduling work ID ada3c8e1-8ff7-4c83-8dd5-18d9231b9973Job ID 585
03-03 19:06:09.224 22975 23007 D WM-SystemJobScheduler: Scheduling work ID a7cc3a86-c9ba-4a62-a945-e44895860898Job ID 580
03-03 19:06:09.225 22975 23007 D WM-SystemJobScheduler: Scheduling work ID 0e94c0af-a8c4-4c8c-ad29-9a2002df7b69Job ID 588
03-03 19:06:09.225 22975 23007 D WM-SystemJobScheduler: Scheduling work ID 442a1e5a-6300-43e9-bcd6-b6453ccdd911Job ID 610
03-03 19:06:09.226 22975 23007 D WM-GreedyScheduler: Ignoring {WorkSpec: b024598e-138b-4aa9-b520-abda2fdf490d}. Requires device idle.
03-03 19:06:09.226 22975 23007 D WM-GreedyScheduler: Starting tracking for b4391afb-a697-4272-8f2f-d99ea4d7a168,fa58aa49-63cb-4154-81da-6b5293ac6381,877b1843-d45b-4741-a084-51b3abfc54c4,38b84be2-aa26-445f-ac71-73822b8ee087,90816717-519f-46b4-8d85-6e6981ae90c1,5b568470-fe31-49df-a6c6-e9b97dc6d83a,8fac5acd-f62c-4d49-9dea-f9dbff0c306b,9f69931e-585f-4391-9d24-b7091de2d45d,82404971-513b-4b5b-a11c-6715a6a5f760,c07d85bd-a195-4db8-bdb3-ee8d5c414eb0,e3cab394-96fb-485d-b771-86af07e3e4b7,c8162af2-e7d6-43e2-9b3f-003672e4c687,64a96b32-0c00-4599-8e17-ac91ac640223,bbe9c8fe-f4b5-42a6-ba80-828a9b220006,0385192d-812d-43a1-accb-081376b73d89,60dfaf79-cff0-471c-be60-ee7c273c0317
03-03 19:06:09.229 22975 22996 D WM-ConstraintTracker: ogc: initial state = false
03-03 19:06:09.229 22975 22996 D WM-BrdcstRcvrCnstrntTrc: ogc: registering receiver
03-03 19:06:09.231 22975 22996 D WM-WorkConstraintsTrack: NetworkRequestConstraintController register shared callback
03-03 19:06:09.233   571  1036 D ConnectivityService: requestNetwork for uid/pid:10104/22975 activeRequest: null callbackRequest: 725 [NetworkRequest [ REQUEST id=726, [ Capabilities: INTERNET&NOT_RESTRICTED&TRUSTED&NOT_VCN_MANAGED Uid: 10104 RequestorUid: 10104 RequestorPkg: com.google.android.googlequicksearchbox UnderlyingNetworks: Null] ]] callback flags: 0 order: 2147483647
03-03 19:06:09.234   571   710 D ConnectivityService: NetReassign [726 : null → 101]
03-03 19:06:09.235 22975 22996 D WM-PackageManagerHelper: Skipping component enablement for androidx.work.impl.background.systemalarm.RescheduleReceiver
03-03 19:06:09.235 22975 22996 D WM-GreedyScheduler: Constraints not met: Cancelling work ID WorkGenerationalId(workSpecId=e3cab394-96fb-485d-b771-86af07e3e4b7, generation=2)
03-03 19:06:09.235 22975 22996 D WM-GreedyScheduler: Constraints not met: Cancelling work ID WorkGenerationalId(workSpecId=60dfaf79-cff0-471c-be60-ee7c273c0317, generation=29)
03-03 19:06:09.235 22975 22996 D WM-GreedyScheduler: Constraints not met: Cancelling work ID WorkGenerationalId(workSpecId=fa58aa49-63cb-4154-81da-6b5293ac6381, generation=32)
03-03 19:06:09.235 22975 22996 D WM-GreedyScheduler: Constraints not met: Cancelling work ID WorkGenerationalId(workSpecId=5b568470-fe31-49df-a6c6-e9b97dc6d83a, generation=0)
03-03 19:06:09.235 22975 22996 D WM-GreedyScheduler: Constraints not met: Cancelling work ID WorkGenerationalId(workSpecId=bbe9c8fe-f4b5-42a6-ba80-828a9b220006, generation=0)
03-03 19:06:09.235 22975 22996 D WM-GreedyScheduler: Constraints not met: Cancelling work ID WorkGenerationalId(workSpecId=82404971-513b-4b5b-a11c-6715a6a5f760, generation=2)
03-03 19:06:09.235 22975 22996 D WM-GreedyScheduler: Constraints not met: Cancelling work ID WorkGenerationalId(workSpecId=c8162af2-e7d6-43e2-9b3f-003672e4c687, generation=2)
03-03 19:06:09.235 22975 22996 D WM-GreedyScheduler: Constraints not met: Cancelling work ID WorkGenerationalId(workSpecId=90816717-519f-46b4-8d85-6e6981ae90c1, generation=2)
03-03 19:06:09.235   571   703 D WifiNetworkFactory: got request NetworkRequest [ REQUEST id=726, [ Capabilities: INTERNET&NOT_RESTRICTED&TRUSTED&NOT_VCN_MANAGED Uid: 10104 RequestorUid: 10104 RequestorPkg: com.google.android.googlequicksearchbox UnderlyingNetworks: Null] ]
03-03 19:06:09.235   571   703 D UntrustedWifiNetworkFactory: got request NetworkRequest [ REQUEST id=726, [ Capabilities: INTERNET&NOT_RESTRICTED&TRUSTED&NOT_VCN_MANAGED Uid: 10104 RequestorUid: 10104 RequestorPkg: com.google.android.googlequicksearchbox UnderlyingNetworks: Null] ]
03-03 19:06:09.235   571   703 D OemPaidWifiNetworkFactory: got request NetworkRequest [ REQUEST id=726, [ Capabilities: INTERNET&NOT_RESTRICTED&TRUSTED&NOT_VCN_MANAGED Uid: 10104 RequestorUid: 10104 RequestorPkg: com.google.android.googlequicksearchbox UnderlyingNetworks: Null] ]
03-03 19:06:09.240 22975 23017 D WM-WorkConstraintsTrack: NetworkRequestConstraintController onCapabilitiesChanged callback
03-03 19:06:09.240 22975 23017 D WM-WorkConstraintsTrack: Not dispatching constraint state yet: isBlocked=null, capabilitiesInitialized=true
03-03 19:06:09.240 22975 23017 D WM-WorkConstraintsTrack: NetworkRequestConstraintController onBlockedStatusChanged callback false
03-03 19:06:09.241 22975 23007 D WM-GreedyScheduler: Constraints not met: Cancelling work ID WorkGenerationalId(workSpecId=38b84be2-aa26-445f-ac71-73822b8ee087, generation=2)
03-03 19:06:09.241 22975 23007 D WM-GreedyScheduler: Constraints not met: Cancelling work ID WorkGenerationalId(workSpecId=b4391afb-a697-4272-8f2f-d99ea4d7a168, generation=2)
03-03 19:06:09.242 22975 23007 D WM-GreedyScheduler: Constraints not met: Cancelling work ID WorkGenerationalId(workSpecId=9f69931e-585f-4391-9d24-b7091de2d45d, generation=32)
03-03 19:06:09.242 22975 23007 D WM-GreedyScheduler: Constraints not met: Cancelling work ID WorkGenerationalId(workSpecId=877b1843-d45b-4741-a084-51b3abfc54c4, generation=65)
03-03 19:06:09.242 22975 23007 D WM-GreedyScheduler: Constraints not met: Cancelling work ID WorkGenerationalId(workSpecId=0385192d-812d-43a1-accb-081376b73d89, generation=2)
03-03 19:06:09.242 22975 23007 D WM-GreedyScheduler: Constraints not met: Cancelling work ID WorkGenerationalId(workSpecId=8fac5acd-f62c-4d49-9dea-f9dbff0c306b, generation=58)
03-03 19:06:09.242 22975 23007 D WM-GreedyScheduler: Constraints not met: Cancelling work ID WorkGenerationalId(workSpecId=c07d85bd-a195-4db8-bdb3-ee8d5c414eb0, generation=29)
03-03 19:06:09.242 22975 23007 D WM-GreedyScheduler: Constraints not met: Cancelling work ID WorkGenerationalId(workSpecId=64a96b32-0c00-4599-8e17-ac91ac640223, generation=2)
03-03 19:06:09.260  1662  8956 I Icing   : IndexChimeraService.getServiceInterface callingPackage=com.google.android.googlequicksearchbox componentName=AMBIENT_ASSISTANT serviceId=32
03-03 19:06:09.271 22975 23009 I cnjm    : #entry Received background refresh worker run
03-03 19:06:09.273 22975 23011 I cmws    : #entry Starting PCP background refresh worker...
03-03 19:06:09.301  1662 18212 I Icing   : Usage reports ok 3, Failed Usage reports 0, indexed 0, rejected 0
03-03 19:06:09.309 22975 23009 I cmqc    : (REDACTED) remove request for trigger key: %s, isClientInitiated: %s
03-03 19:06:09.320 22975 23009 I cmsc    : (REDACTED) #remove: subTriggerId=%s
03-03 19:06:09.325 22975 23007 I dqbj    : Building Device Properties.
03-03 19:06:09.327 22975 22996 W dvao    : Couldn't calculate ClientInstanceId, no account name
03-03 19:06:09.327 22975 23011 I ynp     : (REDACTED) #shouldMigrate(): allowMobileLocaleSettingsDataMigration = %b,
03-03 19:06:09.345 22975 23004 W ebzu    : Hotword settings PDS is not populated - defaulting to DECLINED.
03-03 19:06:09.353   571  1036 D ConnectivityService: requestNetwork for uid/pid:10104/22975 activeRequest: null callbackRequest: 727 [NetworkRequest [ REQUEST id=728, [ Capabilities: INTERNET&NOT_RESTRICTED&TRUSTED&NOT_VCN_MANAGED Uid: 10104 RequestorUid: 10104 RequestorPkg: com.google.android.googlequicksearchbox UnderlyingNetworks: Null] ]] callback flags: 0 order: 2147483647
03-03 19:06:09.354   571   710 D ConnectivityService: NetReassign [728 : null → 101]
03-03 19:06:09.355   571   703 D WifiNetworkFactory: got request NetworkRequest [ REQUEST id=728, [ Capabilities: INTERNET&NOT_RESTRICTED&TRUSTED&NOT_VCN_MANAGED Uid: 10104 RequestorUid: 10104 RequestorPkg: com.google.android.googlequicksearchbox UnderlyingNetworks: Null] ]
03-03 19:06:09.355   571   703 D UntrustedWifiNetworkFactory: got request NetworkRequest [ REQUEST id=728, [ Capabilities: INTERNET&NOT_RESTRICTED&TRUSTED&NOT_VCN_MANAGED Uid: 10104 RequestorUid: 10104 RequestorPkg: com.google.android.googlequicksearchbox UnderlyingNetworks: Null] ]
03-03 19:06:09.355   571   703 D OemPaidWifiNetworkFactory: got request NetworkRequest [ REQUEST id=728, [ Capabilities: INTERNET&NOT_RESTRICTED&TRUSTED&NOT_VCN_MANAGED Uid: 10104 RequestorUid: 10104 RequestorPkg: com.google.android.googlequicksearchbox UnderlyingNetworks: Null] ]
03-03 19:06:09.355 22975 23017 I amvs    : #onAvailable()
03-03 19:06:09.358 22975 23011 I auof    : Live eligibility: Not available yet.
03-03 19:06:09.366 22975 23011 I aodf    : OptInSetting is UNKNOWN or UNRECOGNIZED [CONTEXT ratelimit_period="10 SECONDS" ]
03-03 19:06:09.366 22975 23011 I ajoh    : Device not matched [CONTEXT ratelimit_period="10 SECONDS" ]
03-03 19:06:09.369 22975 23011 I amij    : Returning COHORT_NOT_DETERMINED for signed out user.
03-03 19:06:09.369 22975 23011 I amij    : Returning COHORT_NOT_DETERMINED for signed out user.
03-03 19:06:09.370 22975 23011 I akdv    : Fast track disabled
03-03 19:06:09.370 22975 23011 I amaf    : Samsung fast track experience disabled (not Samsung device).
03-03 19:06:09.370 22975 23011 I akdv    : Samsung fast track enrollment disabled, not enrolling
03-03 19:06:09.371 22975 23011 I akpd    : Robin eligibility : Account is Pseudonymous type.
03-03 19:06:09.372 22975 23011 I akpd    : User became ineligible due to one of checks failed on client
03-03 19:06:09.372 22975 23011 I amaa    : Gemini Default Device banner disabled (cache is empty).
03-03 19:06:09.372 22975 23011 I akdv    : Gemini default device banner disabled, not enrolling
03-03 19:06:09.372 22975 23011 I akei    : (REDACTED) Writing %s cross-process flag values: %s
03-03 19:06:09.375 22975 23011 I begr    : (REDACTED) getInitialSimplifiedOobeViaDeeplinkUser: %b
03-03 19:06:09.375 22975 23009 I begr    : (REDACTED) getInitialSimplifiedOobeViaDeeplinkUser: %b
03-03 19:06:09.375 22975 23011 I aodf    : (REDACTED) isDeeplinkEnabled %s, isInitialSimplifiedOobeViaDeeplinkUser %s
03-03 19:06:09.375 22975 23009 I aodf    : (REDACTED) isDeeplinkEnabled %s, isInitialSimplifiedOobeViaDeeplinkUser %s
03-03 19:06:09.375 22975 23011 I aodf    : #getOobeStatus: BeforeOobe [CONTEXT ratelimit_period="10 SECONDS" ]
03-03 19:06:09.375 22975 23009 I afwc    : (REDACTED) FCF System FeatureName to check: %s
03-03 19:06:09.376 22975 23011 I begr    : (REDACTED) getInitialSimplifiedOobeViaDeeplinkUser: %b
03-03 19:06:09.376 22975 23011 I aodf    : (REDACTED) isDeeplinkEnabled %s, isInitialSimplifiedOobeViaDeeplinkUser %s
03-03 19:06:09.376 22975 23009 I afwc    : (REDACTED) FCF: Device model check status : %s
03-03 19:06:09.376 22975 23009 I agdl    : #isGeminiDefaultSystemFeatureEnabled: false
03-03 19:06:09.377 22975 23009 I akpd    : (REDACTED) Robin eligibility : Robin is ineligible failure reasons: %s
03-03 19:06:09.377 22975 23009 I auof    : Live eligibility: Not eligible for Robin
03-03 19:06:09.378 22975 23009 I djzf    : (REDACTED) isAppDefaultAssistant setting: %s
03-03 19:06:09.378 22975 23009 I djzf    : (REDACTED) isAppDefaultAssistant defaultComponentName: %s
03-03 19:06:09.378 22975 23009 I cnhy    : Using default weather temperature preference
03-03 19:06:09.387  1203  1203 D BoundBrokerSvc: onRebind: Intent { act=com.google.android.gms.clearcut.sampler.service.START dat=chimera-action: cmp=com.google.android.gms/.chimera.PersistentDirectBootAwareApiService }
03-03 19:06:09.396 22975 23006 D HttpFlagsLoader: Found application exporting HTTP flags: com.google.android.gms
03-03 19:06:09.396 22975 23006 D HttpFlagsLoader: HTTP flags file path: /data/user_de/0/com.google.android.gms/app_httpflags/flags.binarypb
03-03 19:06:09.399 22975 23006 I HttpFlagsLoader: HTTP flags log line (API): Using live production flag values from Google
03-03 19:06:09.402 22975 23006 W earchbox:searc: ClassLoaderContext classpath size mismatch. expected=15, found=0 (DLC[];PCL[base.apk*2431618768:base.apk!classes2.dex*1796873633:base.apk!classes3.dex*2480675327:base.apk!classes4.dex*2861560278:base.apk!classes5.dex*3503329664:base.apk!classes6.dex*154268695:base.apk!classes7.dex*4006757973:base.apk!classes8.dex*2877101891:base.apk!classes9.dex*2305283463:base.apk!classes10.dex*3236860933:base.apk!classes11.dex*2394659083:base.apk!classes12.dex*2830616377:base.apk!classes13.dex*1926004560:base.apk!classes14.dex*1432250449:base.apk!classes15.dex*2055567419]{PCL[/system/framework/org.apache.http.legacy.jar*3239720430]#PCL[/system/framework/com.android.location.provider.jar*2527093069]#PCL[/system/framework/com.android.media.remotedisplay.jar*2700067333]#PCL[/system_ext/framework/androidx.window.extensions.jar*3811021355]#PCL[/system_ext/framework/androidx.window.sidecar.jar*3784700204]} | DLC[];PCL[])
03-03 19:06:09.403 22975 23006 I DynamiteModule: Considering local module com.google.android.gms.cronet_dynamite:0 and remote module com.google.android.gms.cronet_dynamite:4311
03-03 19:06:09.403 22975 23006 I DynamiteModule: Selected remote version of com.google.android.gms.cronet_dynamite, version >= 4311
03-03 19:06:09.403 22975 23006 V DynamiteModule: Dynamite loader version >= 2, using loadModule2NoCrashUtils
03-03 19:06:09.407 22975 23006 W System  : ClassLoader referenced unknown path: 
03-03 19:06:09.415 22975 23006 W earchbox:searc: ClassLoaderContext classpath size mismatch. expected=15, found=12 (DLC[];PCL[base.apk*2431618768:base.apk!classes2.dex*1796873633:base.apk!classes3.dex*2480675327:base.apk!classes4.dex*2861560278:base.apk!classes5.dex*3503329664:base.apk!classes6.dex*154268695:base.apk!classes7.dex*4006757973:base.apk!classes8.dex*2877101891:base.apk!classes9.dex*2305283463:base.apk!classes10.dex*3236860933:base.apk!classes11.dex*2394659083:base.apk!classes12.dex*2830616377:base.apk!classes13.dex*1926004560:base.apk!classes14.dex*1432250449:base.apk!classes15.dex*2055567419]{PCL[/system/framework/org.apache.http.legacy.jar*3239720430]#PCL[/system/framework/com.android.location.provider.jar*2527093069]#PCL[/system/framework/com.android.media.remotedisplay.jar*2700067333]#PCL[/system_ext/framework/androidx.window.extensions.jar*3811021355]#PCL[/system_ext/framework/androidx.window.sidecar.jar*3784700204]} | DLC[];PCL[/data/app/~~OCGDMspkMlX-SvjoubizxQ==/com.google.android.googlequicksearchbox-vvE9CZd91Vbfq1ARP-dG7A==/base.apk*4001070969:/data/app/~~OCGDMspkMlX-SvjoubizxQ==/com.google.android.googlequicksearchbox-vvE9CZd91Vbfq1ARP-dG7A==/base.apk!classes2.dex*1865540975:/data/app/~~OCGDMspkMlX-SvjoubizxQ==/com.google.android.googlequicksearchbox-vvE9CZd91Vbfq1ARP-dG7A==/base.apk!classes3.dex*1118829909:/data/app/~~OCGDMspkMlX-SvjoubizxQ==/com.google.android.googlequicksearchbox-vvE9CZd91Vbfq1ARP-dG7A==/base.apk!classes4.dex*1170484050:/data/app/~~OCGDMspkMlX-SvjoubizxQ==/com.google.android.googlequicksearchbox-vvE9CZd91Vbfq1ARP-dG7A==/base.apk!classes5.dex*184778678:/data/app/~~OCGDMspkMlX-SvjoubizxQ==/com.google.android.googlequicksearchbox-vvE9CZd91Vbfq1ARP-dG7A==/base.apk!classes6.dex*1620224765:/data/app/~~OCGDMspkMlX-SvjoubizxQ==/com.google.android.googlequicksearchbox-vvE9CZd91Vbfq1ARP-dG7A==/base.apk!classes7.dex*3554520083:/data/app/~~OCGDMspkMlX-SvjoubizxQ==/com.google.android.googlequicksearchbox-vvE9CZd91Vbfq1ARP-dG7A==/base.apk!classes8.dex*4263543251:/data/app/~~OCGDMspkMlX-SvjoubizxQ==/com.google.android.googlequicksearchbox-vvE9CZd91Vbfq1ARP-dG7A==/base.apk!classes9.dex*3661424674:/data/app/~~OCGDMspkMlX-SvjoubizxQ==/com.google.android.googlequicksearchbox-vvE9CZd91Vbfq1ARP-dG7A==/base.apk!classes10.dex*2478497385:/data/app/~~OCGDMspkMlX-SvjoubizxQ==/com.google.android.googlequicksearchbox-vvE9CZd91Vbfq1ARP-dG7A==/base.apk!classes11.dex*2784277763:/data/app/~~OCGDMspkMlX-SvjoubizxQ==/com.google.android.googlequicksearchbox-vvE9CZd91Vbfq1ARP-dG7A==/base.apk!classes12.dex*3248834287]{PCL[/system_ext/framework/androidx.window.extensions.jar*3811021355]#PCL[/system_ext/framework/androidx.window.sidecar.jar*3784700204]})
03-03 19:06:09.445  1203  1203 D BoundBrokerSvc: onRebind: Intent { act=com.google.android.gms.common.telemetry.service.START dat=chimera-action: cmp=com.google.android.gms/.chimera.PersistentApiService }
03-03 19:06:09.458   571   935 D ConnectivityService: requestNetwork for uid/pid:10104/22975 activeRequest: null callbackRequest: 729 [NetworkRequest [ REQUEST id=730, [ Capabilities: INTERNET&NOT_RESTRICTED&TRUSTED&NOT_VCN_MANAGED Uid: 10104 RequestorUid: 10104 RequestorPkg: com.google.android.googlequicksearchbox UnderlyingNetworks: Null] ]] callback flags: 0 order: 2147483647
03-03 19:06:09.459   571   710 D ConnectivityService: NetReassign [730 : null → 101]
03-03 19:06:09.463   571   703 D WifiNetworkFactory: got request NetworkRequest [ REQUEST id=730, [ Capabilities: INTERNET&NOT_RESTRICTED&TRUSTED&NOT_VCN_MANAGED Uid: 10104 RequestorUid: 10104 RequestorPkg: com.google.android.googlequicksearchbox UnderlyingNetworks: Null] ]
03-03 19:06:09.463   571   703 D UntrustedWifiNetworkFactory: got request NetworkRequest [ REQUEST id=730, [ Capabilities: INTERNET&NOT_RESTRICTED&TRUSTED&NOT_VCN_MANAGED Uid: 10104 RequestorUid: 10104 RequestorPkg: com.google.android.googlequicksearchbox UnderlyingNetworks: Null] ]
03-03 19:06:09.463   571   703 D OemPaidWifiNetworkFactory: got request NetworkRequest [ REQUEST id=730, [ Capabilities: INTERNET&NOT_RESTRICTED&TRUSTED&NOT_VCN_MANAGED Uid: 10104 RequestorUid: 10104 RequestorPkg: com.google.android.googlequicksearchbox UnderlyingNetworks: Null] ]
03-03 19:06:09.466   571   710 D ConnectivityService: NetReassign [no changes]
03-03 19:06:09.468 22975 23006 I cn_CronetLibraryLoader: Cronet version: 145.0.7608.0, arch: aarch64
03-03 19:06:09.476 22975 23028 W chromium: [0303/190609.476643:WARNING:components/cronet/url_request_context_config.cc:769] Unrecognized Cronet experimental option "enable_telemetry" with params "true
03-03 19:06:09.476 22975 23028 W chromium: 
03-03 19:06:09.627 22975 23028 I cn_CronetUrlRequestContext: destroyNativeStreamLocked org.chromium.net.impl.CronetBidirectionalStream@b4dc4f0
03-03 19:06:09.653 22975 23009 I cmqc    : (REDACTED) remove request for trigger key: %s, isClientInitiated: %s
03-03 19:06:09.656 22975 23009 I cmsc    : (REDACTED) #maybeCreateTimeTrigger: time trigger= %s with start time=%d, stop time=%d in seconds.
03-03 19:06:09.658 22975 23009 I cmqc    : (REDACTED) remove request for trigger key: %s, isClientInitiated: %s
03-03 19:06:09.662 22975 23009 I cmsc    : (REDACTED) #remove: subTriggerId=%s
03-03 19:06:09.668 22975 23009 I cmsc    : (REDACTED) #maybeCreateTimeTrigger: time trigger= %s with start time=%d, stop time=%d in seconds.
03-03 19:06:09.785 22886 22940 D EGL_emulation: app_time_stats: avg=6.36ms min=2.54ms max=15.07ms count=60
03-03 19:06:10.404   351   539 E android.hardware.audio@7.0-impl.ranchu: device/generic/goldfish/audio/stream_out.cpp:updateSourceMetadata:389 failure: Result::NOT_SUPPORTED
03-03 19:06:10.501 22886 22954 D DownloadRepository: Video ID: wkPi8KZiKuc
03-03 19:06:10.501 22886 22954 D DownloadRepository: Video Title: Killer Queen || Chainsaw Man - Reze & Denji
03-03 19:06:10.501 22886 22954 D DownloadRepository: Formats count: 27
03-03 19:06:10.502 22886 22954 D DownloadRepository: Format available: id=134, 360p, ext=mp4, vcodec=avc1.4d4015, acodec=none, note=360p
03-03 19:06:10.502 22886 22954 D DownloadRepository: Format available: id=18, 360p, ext=mp4, vcodec=avc1.42001E, acodec=mp4a.40.2, note=360p
03-03 19:06:10.502 22886 22954 D DownloadRepository: Format available: id=243, 360p, ext=webm, vcodec=vp9, acodec=none, note=360p
03-03 19:06:10.503 22886 22954 D DownloadRepository: Format available: id=135, 480p, ext=mp4, vcodec=avc1.4d401e, acodec=none, note=480p
03-03 19:06:10.503 22886 22954 D DownloadRepository: Format available: id=244, 480p, ext=webm, vcodec=vp9, acodec=none, note=480p
03-03 19:06:10.503 22886 22954 D DownloadRepository: Format available: id=136, 720p, ext=mp4, vcodec=avc1.64001f, acodec=none, note=720p
03-03 19:06:10.503 22886 22954 D DownloadRepository: Format available: id=247, 720p, ext=webm, vcodec=vp9, acodec=none, note=720p
03-03 19:06:10.503 22886 22954 D DownloadRepository: Format available: id=137, 1080p, ext=mp4, vcodec=avc1.640028, acodec=none, note=1080p
03-03 19:06:10.503 22886 22954 D DownloadRepository: Format available: id=248, 1080p, ext=webm, vcodec=vp9, acodec=none, note=1080p
03-03 19:06:10.503 22886 22954 D DownloadRepository: Format available: id=271, 1440p, ext=webm, vcodec=vp9, acodec=none, note=1440p
03-03 19:06:10.503 22886 22954 D DownloadRepository: Format available: id=313, 2160p, ext=webm, vcodec=vp9, acodec=none, note=2160p
03-03 19:06:10.504 22886 22954 D DownloadRepository: === getVideoInfo SUCCESS ===
03-03 19:06:10.505 22886 22886 D HomeViewModel: Video info fetched successfully: Killer Queen || Chainsaw Man - Reze & Denji
03-03 19:06:10.505 22886 22886 D HomeViewModel: Available formats: 27
03-03 19:06:10.547   571   935 D CompatibilityChangeReporter: Compat change id reported: 168419799; UID 10150; state: DISABLED
03-03 19:06:10.597   571   710 D ConnectivityService: NetReassign [no changes]
03-03 19:06:10.706  1341  1341 I GoogleInputMethodService: GoogleInputMethodService.onFinishInputView():1601 onFinishInputView(false)
03-03 19:06:10.707   788   980 D EGL_emulation: app_time_stats: avg=10235.94ms min=10235.94ms max=10235.94ms count=1
03-03 19:06:10.709  1341  1341 W TooltipLifecycleManager: TooltipLifecycleManager.dismissTooltips():153 Tooltip with id spell_check_add_to_dictionary not found in tooltipManager.
03-03 19:06:10.710  1341  1341 I GlobeKeyExtension: GlobeKeyExtension.onDeactivate():144 
03-03 19:06:10.710  1341  1341 W TooltipLifecycleManager: TooltipLifecycleManager.dismissTooltips():153 Tooltip with id SUGGESTION_VIEW_EDU_MINI_DIALOG not found in tooltipManager.
03-03 19:06:10.715  1341  1341 I VoiceInputManagerWrapper: VoiceInputManagerWrapper.shutdown():131 shutdown()
03-03 19:06:10.717  1341  1341 I InputBundle: InputBundle.consumeEvent():1041 Skip consuming an event as keyboard status is INACTIVE
03-03 19:06:10.720 22886 22886 W IInputConnectionWrapper: requestCursorAnchorInfo on inactive InputConnection
03-03 19:06:10.723  1341  1341 I AndroidIME: AbstractIme.onDeactivate():213 LatinIme.onDeactivate()
03-03 19:06:10.723  1341  1818 W ModuleManager: ModuleManager.loadModule():578 Module pdt is not available
03-03 19:06:10.723  1341  1818 I NebulaeTrainingCacheMetricsProcessor: NebulaeTrainingCacheMetricsProcessor.processEndSession():568 End training cache session: com.spyou.youtubedownload_-1/
03-03 19:06:10.726   788   980 D EGL_emulation: app_time_stats: avg=7188.18ms min=7188.18ms max=7188.18ms count=1
03-03 19:06:10.726  1341  1341 I PrimesLoggerHolder: FrameMetricServiceImpl.stopAsFuture():239 Measurement not found: OnConfigurationChanged
03-03 19:06:10.727  1341  1341 W TooltipLifecycleManager: TooltipLifecycleManager.dismissTooltips():153 Tooltip with id undo_access_point_promotion_banner not found in tooltipManager.
03-03 19:06:10.728  1341  1818 I OnDeviceWmrCalculator: OnDeviceWmrCalculator.calculateWmr():94 WMR: -1.0000 (0 / 0)
03-03 19:06:10.728  1341  1341 I GoogleInputMethodService: GoogleInputMethodService.onFinishInput():2113 
03-03 19:06:10.728  1341  1341 I Module  : DeviceLockedStatusModuleProvider$Module.updateDeviceLockedStatus():103 repeatCheckTimes = 0, locked = false
