--------- beginning of system
03-03 19:03:14.533   571  4296 I ActivityTaskManager: START u0 {flg=0x10000000 cmp=com.spyou.youtubedownload/.MainActivity} from uid 2000
03-03 19:03:14.537   571  4296 W ActivityTaskManager: Can't find TaskDisplayArea to determine support for multi window. Task id=227 attached=false
03-03 19:03:14.541   571  4296 D CompatibilityChangeReporter: Compat change id reported: 174042980; UID 10150; state: DISABLED
03-03 19:03:14.541   571  4296 D CompatibilityChangeReporter: Compat change id reported: 184838306; UID 10150; state: DISABLED
03-03 19:03:14.542   571  4296 D CompatibilityChangeReporter: Compat change id reported: 185004937; UID 10150; state: DISABLED
03-03 19:03:14.602   571   589 D CompatibilityChangeReporter: Compat change id reported: 135634846; UID 10150; state: DISABLED
03-03 19:03:14.603   571   589 D CompatibilityChangeReporter: Compat change id reported: 177438394; UID 10150; state: DISABLED
03-03 19:03:14.603   571   589 D CompatibilityChangeReporter: Compat change id reported: 135772972; UID 10150; state: DISABLED
03-03 19:03:14.603   571   589 D CompatibilityChangeReporter: Compat change id reported: 135754954; UID 10150; state: ENABLED
03-03 19:03:14.604   571   598 D CompatibilityChangeReporter: Compat change id reported: 143937733; UID 10150; state: ENABLED
--------- beginning of main
03-03 19:03:14.623   346   346 D Zygote  : Forked child process 22727
03-03 19:03:14.624   571   598 I ActivityManager: Start proc 22727:com.spyou.youtubedownload/u0a150 for pre-top-activity {com.spyou.youtubedownload/com.spyou.youtubedownload.MainActivity}
03-03 19:03:14.659 22727 22727 I youtubedownloa: Late-enabling -Xcheck:jni
03-03 19:03:14.731   417   476 I adbd    : jdwp connection from 22727
03-03 19:03:14.737 11948 11976 D EGL_emulation: app_time_stats: avg=414.72ms min=3.50ms max=11238.73ms count=29
03-03 19:03:14.780   571  1719 W InputReader: Device virtio_input_multi_touch_10 is associated with display ADISPLAY_ID_NONE.
03-03 19:03:14.781   571  1719 W InputReader: Device virtio_input_multi_touch_11 is associated with display ADISPLAY_ID_NONE.
03-03 19:03:14.781   571  1719 W InputReader: Device virtio_input_multi_touch_3 is associated with display ADISPLAY_ID_NONE.
03-03 19:03:14.781   571  1719 W InputReader: Device virtio_input_multi_touch_8 is associated with display ADISPLAY_ID_NONE.
03-03 19:03:14.781   571  1719 W InputReader: Device virtio_input_multi_touch_2 is associated with display ADISPLAY_ID_NONE.
03-03 19:03:14.781   571  1719 W InputReader: Device virtio_input_multi_touch_4 is associated with display ADISPLAY_ID_NONE.
03-03 19:03:14.781   571  1719 W InputReader: Device virtio_input_multi_touch_9 is associated with display ADISPLAY_ID_NONE.
03-03 19:03:14.781   571  1719 W InputReader: Device virtio_input_multi_touch_5 is associated with display ADISPLAY_ID_NONE.
03-03 19:03:14.781   571  1719 W InputReader: Device virtio_input_multi_touch_7 is associated with display ADISPLAY_ID_NONE.
03-03 19:03:14.781   571  1719 W InputReader: Device virtio_input_multi_touch_6 is associated with display ADISPLAY_ID_NONE.
03-03 19:03:14.782   571  1719 W InputReader: Device virtio_input_multi_touch_10 is associated with display ADISPLAY_ID_NONE.
03-03 19:03:14.782   571  1719 W InputReader: Device virtio_input_multi_touch_11 is associated with display ADISPLAY_ID_NONE.
03-03 19:03:14.782   571  1719 W InputReader: Device virtio_input_multi_touch_3 is associated with display ADISPLAY_ID_NONE.
03-03 19:03:14.782   571  1719 W InputReader: Device virtio_input_multi_touch_8 is associated with display ADISPLAY_ID_NONE.
03-03 19:03:14.782   571  1719 W InputReader: Device virtio_input_multi_touch_2 is associated with display ADISPLAY_ID_NONE.
03-03 19:03:14.782   571  1719 W InputReader: Device virtio_input_multi_touch_4 is associated with display ADISPLAY_ID_NONE.
03-03 19:03:14.782   571  1719 W InputReader: Device virtio_input_multi_touch_9 is associated with display ADISPLAY_ID_NONE.
03-03 19:03:14.782   571  1719 W InputReader: Device virtio_input_multi_touch_5 is associated with display ADISPLAY_ID_NONE.
03-03 19:03:14.782   571  1719 W InputReader: Device virtio_input_multi_touch_7 is associated with display ADISPLAY_ID_NONE.
03-03 19:03:14.782   571  1719 W InputReader: Device virtio_input_multi_touch_6 is associated with display ADISPLAY_ID_NONE.
03-03 19:03:14.793 22727 22727 D CompatibilityChangeReporter: Compat change id reported: 171979766; UID 10150; state: ENABLED
03-03 19:03:14.821   788   980 D EGL_emulation: app_time_stats: avg=108449.08ms min=12.24ms max=1951554.38ms count=18
03-03 19:03:15.266 22727 22727 V GraphicsEnvironment: ANGLE Developer option for 'com.spyou.youtubedownload' set to: 'default'
03-03 19:03:15.267 22727 22727 V GraphicsEnvironment: ANGLE GameManagerService for com.spyou.youtubedownload: false
03-03 19:03:15.267 22727 22727 V GraphicsEnvironment: Neither updatable production driver nor prerelease driver is supported.
03-03 19:03:15.268 22727 22727 D NetworkSecurityConfig: No Network Security Config specified, using platform default
03-03 19:03:15.269 22727 22727 D NetworkSecurityConfig: No Network Security Config specified, using platform default
03-03 19:03:15.298 22727 22727 D WM-WrkMgrInitializer: Initializing WorkManager with default configuration.
03-03 19:03:15.324 22727 22727 D WM-PackageManagerHelper: Skipping component enablement for androidx.work.impl.background.systemjob.SystemJobService
03-03 19:03:15.324 22727 22727 D WM-Schedulers: Created SystemJobScheduler and enabled SystemJobService
03-03 19:03:15.395 22727 22744 D CompatibilityChangeReporter: Compat change id reported: 160794467; UID 10150; state: ENABLED
03-03 19:03:15.414 22727 22727 I YouTubeDownloaderApp: YoutubeDL initialized successfully
03-03 19:03:15.414 22727 22727 I YouTubeDownloaderApp: FFmpeg initialized successfully
03-03 19:03:15.423 22727 22749 D libEGL  : loaded /vendor/lib64/egl/libEGL_emulation.so
03-03 19:03:15.423 22727 22749 D libEGL  : loaded /vendor/lib64/egl/libGLESv1_CM_emulation.so
03-03 19:03:15.425 22727 22749 D libEGL  : loaded /vendor/lib64/egl/libGLESv2_emulation.so
03-03 19:03:15.583 22727 22727 W youtubedownloa: Accessing hidden method Landroid/os/SystemProperties;->addChangeCallback(Ljava/lang/Runnable;)V (unsupported, reflection, allowed)
03-03 19:03:15.686 22727 22727 D HomeViewModel: === HomeViewModel initialized ===
03-03 19:03:15.686 22727 22727 D HomeViewModel: Libraries initialized: true
03-03 19:03:15.780 22727 22747 D HostConnection: HostComposition ext ANDROID_EMU_CHECKSUM_HELPER_v1 ANDROID_EMU_native_sync_v2 ANDROID_EMU_native_sync_v3 ANDROID_EMU_native_sync_v4 ANDROID_EMU_dma_v1 ANDROID_EMU_direct_mem ANDROID_EMU_host_composition_v1 ANDROID_EMU_host_composition_v2 ANDROID_EMU_vulkan ANDROID_EMU_deferred_vulkan_commands ANDROID_EMU_vulkan_null_optional_strings ANDROID_EMU_vulkan_create_resources_with_requirements ANDROID_EMU_YUV_Cache ANDROID_EMU_vulkan_ignored_handles ANDROID_EMU_has_shared_slots_host_memory_allocator ANDROID_EMU_vulkan_free_memory_sync ANDROID_EMU_vulkan_shader_float16_int8 ANDROID_EMU_vulkan_async_queue_submit ANDROID_EMU_vulkan_queue_submit_with_commands ANDROID_EMU_sync_buffer_data ANDROID_EMU_vulkan_async_qsri ANDROID_EMU_read_color_buffer_dma GL_OES_EGL_image_external_essl3 GL_OES_vertex_array_object ANDROID_EMU_host_side_tracing ANDROID_EMU_gles_max_version_3_0 
03-03 19:03:15.782   212   212 I hwservicemanager: getTransport: Cannot find entry android.hardware.configstore@1.0::ISurfaceFlingerConfigs/default in either framework or device VINTF manifest.
03-03 19:03:15.782 22727 22747 W OpenGLRenderer: Failed to choose config with EGL_SWAP_BEHAVIOR_PRESERVED, retrying without...
03-03 19:03:15.782 22727 22747 W OpenGLRenderer: Failed to initialize 101010-2 format, error = EGL_SUCCESS
03-03 19:03:15.784 22727 22747 D EGL_emulation: eglCreateContext: 0xb40000796f645450: maj 3 min 0 rcv 3
03-03 19:03:15.786 22727 22747 D EGL_emulation: eglMakeCurrent: 0xb40000796f645450: ver 3 0 (tinfo 0x7b907dd080) (first time)
03-03 19:03:15.792   212   212 I hwservicemanager: getTransport: Cannot find entry android.hardware.graphics.mapper@4.0::IMapper/default in either framework or device VINTF manifest.
03-03 19:03:15.792 22727 22747 I Gralloc4: mapper 4.x is not supported
03-03 19:03:15.795   212   212 I hwservicemanager: getTransport: Cannot find entry android.hardware.graphics.allocator@4.0::IAllocator/default in either framework or device VINTF manifest.
03-03 19:03:15.795 22727 22747 W Gralloc4: allocator 4.x is not supported
03-03 19:03:15.798 22727 22747 D HostConnection: HostComposition ext ANDROID_EMU_CHECKSUM_HELPER_v1 ANDROID_EMU_native_sync_v2 ANDROID_EMU_native_sync_v3 ANDROID_EMU_native_sync_v4 ANDROID_EMU_dma_v1 ANDROID_EMU_direct_mem ANDROID_EMU_host_composition_v1 ANDROID_EMU_host_composition_v2 ANDROID_EMU_vulkan ANDROID_EMU_deferred_vulkan_commands ANDROID_EMU_vulkan_null_optional_strings ANDROID_EMU_vulkan_create_resources_with_requirements ANDROID_EMU_YUV_Cache ANDROID_EMU_vulkan_ignored_handles ANDROID_EMU_has_shared_slots_host_memory_allocator ANDROID_EMU_vulkan_free_memory_sync ANDROID_EMU_vulkan_shader_float16_int8 ANDROID_EMU_vulkan_async_queue_submit ANDROID_EMU_vulkan_queue_submit_with_commands ANDROID_EMU_sync_buffer_data ANDROID_EMU_vulkan_async_qsri ANDROID_EMU_read_color_buffer_dma GL_OES_EGL_image_external_essl3 GL_OES_vertex_array_object ANDROID_EMU_host_side_tracing ANDROID_EMU_gles_max_version_3_0 
03-03 19:03:15.848   788   980 D EGL_emulation: app_time_stats: avg=16.81ms min=6.66ms max=31.71ms count=61
03-03 19:03:15.891   571   586 I ActivityTaskManager: Displayed com.spyou.youtubedownload/.MainActivity: +1s356ms
03-03 19:03:15.936  1341  1341 I GoogleInputMethodService: GoogleInputMethodService.onFinishInput():2113 
03-03 19:03:15.960  1341  1341 I Module  : DeviceLockedStatusModuleProvider$Module.updateDeviceLockedStatus():103 repeatCheckTimes = 0, locked = false
03-03 19:03:15.977  1341  1341 I GoogleInputMethodService: GoogleInputMethodService.onStartInput():1384 onStartInput(EditorInfo{EditorInfo{packageName=com.spyou.youtubedownload, inputType=0, inputTypeString=NULL, enableLearning=false, autoCorrection=false, autoComplete=false, imeOptions=0, privateImeOptions=null, actionName=UNSPECIFIED, actionLabel=null, initialSelStart=-1, initialSelEnd=-1, initialCapsMode=0, label=null, fieldId=-1, fieldName=null, extras=null, hintText=null, hintLocales=[]}}, false)
03-03 19:03:15.984  1341  1341 I Module  : DeviceLockedStatusModuleProvider$Module.updateDeviceLockedStatus():103 repeatCheckTimes = 1, locked = false
03-03 19:03:15.998  1203  3544 I FontLog : (REDACTED) Received query %s, URI %s
03-03 19:03:15.998  1203  3544 I FontLog : (REDACTED) Query [%s] resolved to %s
03-03 19:03:16.002  1203  3544 I FontLog : (REDACTED) Fetch %s end status %s
03-03 19:03:16.011  1203  3544 I FontLog : (REDACTED) Pulling font file for id = %d, cache size = %d
03-03 19:03:16.015  1203  3544 I FontLog : (REDACTED) Pulling font file for id = %d, cache size = %d
03-03 19:03:16.202   571  1719 W InputManager-JNI: Input channel object '97d8d54 Splash Screen com.spyou.youtubedownload (client)' was disposed without first being removed with the input manager!
03-03 19:03:17.348  1662  1662 D BoundBrokerSvc: onUnbind: Intent { act=com.google.android.gms.safetynet.service.START pkg=com.google.android.gms }
03-03 19:03:20.782 22727 22759 D ProfileInstaller: Installing profile for com.spyou.youtubedownload
03-03 19:03:21.058 11948 11956 W oid.documentsu: Reducing the number of considered missed Gc histogram windows from 196 to 100
03-03 19:03:22.215 22307 22472 I Finsky  : [59] Initializing the instant apps module.
03-03 19:03:22.270 22307 22493 W Finsky  : [62] PreloadClasses: Unable to load [kotlinx.coroutines.internal.ThreadContextKt$countAll$1, kotlinx.coroutines.internal.ThreadContextKt$findOne$1, kotlinx.coroutines.internal.ThreadContextKt$updateState$1, androidx.compose.runtime.snapshots.SnapshotKt$emptyLambda$1, androidx.compose.runtime.Recomposer$broadcastFrameClock$1, androidx.compose.runtime.Recomposer$recompositionRunner$2$unregisterApplyObserver$1, androidx.compose.ui.platform.AndroidComposeView$keyInputModifier$1, androidx.compose.runtime.SlotTable, androidx.compose.runtime.ComposerImpl, androidx.compose.runtime.SlotReader, androidx.compose.runtime.SlotWriter, androidx.compose.runtime.SlotTableKt, androidx.compose.runtime.ComposableSingletons$CompositionKt$lambda-1$1, androidx.compose.runtime.ComposableSingletons$CompositionKt$lambda-2$1, androidx.compose.ui.platform.ComposableSingletons$Wrapper_androidKt$lambda-1$1, androidx.compose.ui.platform.WrappedComposition$setContent$1$1, androidx.compose.runtime.Recomposer$readObserverOf$1, androidx.compose.runtime.Recomposer$writeObserverOf$1, androidx.compose.runtime.KeyInfo, androidx.compose.runtime.GroupInfo, androidx.compose.ui.platform.AndroidCompositionLocals_androidKt$LocalSavedStateRegistryOwner$1, androidx.compose.ui.platform.AndroidCompositionLocals_androidKt$ProvideAndroidCompositionLocals$1$1, androidx.compose.runtime.saveable.SaveableStateRegistryKt$LocalSaveableStateRegistry$1, androidx.compose.material3.TypographyKt$LocalTypography$1, androidx.compose.material.ColorsKt$LocalColors$1, androidx.compose.material.ShapesKt$LocalShapes$1, androidx.compose.material.ContentAlphaKt$LocalContentAlpha$1, androidx.compose.foundation.IndicationKt$LocalIndication$1, androidx.compose.material.ripple.RippleThemeKt$LocalRippleTheme$1, androidx.compose.foundation.text.selection.TextSelectionColorsKt$LocalTextSelectionColors$1, androidx.compose.material.MaterialThemeKt$MaterialTheme$1, androidx.compose.material.TextKt$LocalTextStyle$1, androidx.compose.animation.core.InfiniteTransition$run$2, androidx.compose.animation.core.VectorConvertersKt$FloatToVector$1, androidx.compose.animation.core.VectorConvertersKt$FloatToVector$2, androidx.compose.animation.core.VectorConvertersKt$IntToVector$2, androidx.compose.animation.core.VectorConvertersKt$DpToVector$1, androidx.compose.animation.core.VectorConvertersKt$DpToVector$2, androidx.compose.material.ProgressIndicatorKt$CircularProgressIndicator$endAngle$2, androidx.compose.material.ProgressIndicatorKt$CircularProgressIndicator$startAngle$2, androidx.compose.foundation.ProgressSemanticsKt$progressSemantics$2, androidx.compose.material.MaterialThemeKt$MaterialTheme$2, androidx.compose.ui.platform.AndroidCompositionLocals_androidKt$ProvideAndroidCompositionLocals$4, androidx.compose.runtime.RememberManager, androidx.compose.foundation.IndicationKt$indication$2, androidx.compose.foundation.text.selection.SelectionRegistrarKt$LocalSelectionRegistrar$1, androidx.compose.runtime.saveable.SaverKt$AutoSaver$1, androidx.compose.runtime.saveable.SaverKt$AutoSaver$2, androidx.compose.runtime.snapshots.SnapshotStateList$StateListStateRecord, androidx.compose.material.ButtonKt$Button$2, androidx.compose.material.ElevationOverlayKt$LocalElevationOverlay$1, androidx.compose.material.ElevationOverlayKt$LocalAbsoluteElevation$1, androidx.compose.material.SurfaceKt$Surface$1, androidx.compose.material.TextKt$Text$4, androidx.compose.material.TextKt$ProvideTextStyle$1, androidx.compose.material.SurfaceKt$Surface$2, androidx.compose.material.ButtonKt$Button$3, androidx.compose.foundation.gestures.ScrollableStateKt$rememberScrollableState$1$1, androidx.compose.material.TextKt$Text$3, androidx.compose.material3.TextKt$Text$3, androidx.compose.foundation.layout.BoxWithConstraintsKt$BoxWithConstraints$1$1, androidx.compose.runtime.ComposerImpl$CompositionContextHolder, androidx.compose.runtime.ComposerImpl$CompositionContextImpl, androidx.compose.runtime.Updater$init$1, androidx.compose.runtime.internal.ComposableLambdaImpl$invoke$2, androidx.compose.ui.text.MultiP
03-03 19:03:27.231  1662  1662 D BoundBrokerSvc: onUnbind: Intent { act=com.google.android.gms.potokens.service.START dat=chimera-action: cmp=com.google.android.gms/.chimera.GmsApiService }
03-03 19:03:28.616   571   571 D CompatibilityChangeReporter: Compat change id reported: 168419799; UID 10103; state: DISABLED
03-03 19:03:28.622 22307 22307 I Finsky  : [2] SCH: job service start with id 9264.
03-03 19:03:28.628 22307 22523 I Finsky  : [71] SCH: Satisfied jobs for 9264 are: 12-1
03-03 19:03:28.630 22307 22763 I Finsky  : [115] SCH: Job 12-1 starting
03-03 19:03:28.630 22307 22307 I Finsky  : [2] WM::SCH: Logging work start for 12-1
03-03 19:03:28.631 22307 22307 I Finsky  : [2] [ContentSync] job started
03-03 19:03:28.632 22307 22764 I Finsky  : [116] PSR: Package cache is empty, setup cache.
03-03 19:03:28.667 22307 22764 W Finsky  : [116] SLM: no metadata property com.android.vending.derived.apk.id found for shared library com.google.android.trichromelibrary_609919332:
03-03 19:03:28.667 22307 22764 W Finsky  : [116] SLM: no metadata property com.android.vending.sdk.version.patch found for shared library com.google.android.trichromelibrary_609919332:
03-03 19:03:28.667 22307 22764 W Finsky  : [116] SLM: no metadata property com.android.vending.derived.apk.id found for shared library com.google.android.trichromelibrary_763210933:
03-03 19:03:28.667 22307 22764 W Finsky  : [116] SLM: no metadata property com.android.vending.sdk.version.patch found for shared library com.google.android.trichromelibrary_763210933:
03-03 19:03:28.763 22307 22764 W Finsky  : [116] PSR: Package com.android.apex.cts.shim not installed
03-03 19:03:28.765 22307 22764 W Finsky  : [116] PSR: Package com.google.android.appsearch not installed
03-03 19:03:28.766 22307 22764 W Finsky  : [116] PSR: Package com.android.i18n not installed
03-03 19:03:28.769 22307 22764 W Finsky  : [116] PSR: Package com.google.android.runtime not installed
03-03 19:03:28.771 22307 22764 W Finsky  : [116] PSR: Package com.google.android.telephony not installed
03-03 19:03:28.772 22307 22764 W Finsky  : [116] PSR: Package com.google.android.vndk.v32 not installed
03-03 19:03:28.795 22307 22460 I Finsky  : [54] App states replicator found 23 unowned apps
03-03 19:03:28.799 22307 22493 I Finsky  : [62] Completed 0 account content syncs with 0 successful.
03-03 19:03:28.799 22307 22307 I Finsky  : [2] [ContentSync] Installation state replication succeeded.
03-03 19:03:28.799 22307 22307 I Finsky  : [2] SCH: jobFinished: 12-1. TimeElapsed: 169ms.
03-03 19:03:28.800 22307 22307 I Finsky  : [2] WM::SCH: Logging work end for 12-1
03-03 19:03:28.808 22307 22493 I Finsky  : [62] SCH: Scheduling phonesky job Id: 1-1337, CT: 1772540674626, Constraints: [{ L: 39507488, D: 82707488, C: CHARGING_NONE, I: IDLE_NONE, N: NET_ANY, B: BATTERY_ANY }]
03-03 19:03:28.809 22307 22498 I Finsky  : [63] SCH: Scheduling 1 system job(s)
03-03 19:03:28.810 22307 22498 I Finsky  : [63] SCH: Scheduling system job Id: 9271, L: 35373305, D: 78573305, C: false, I: false, N: 1
03-03 19:03:28.813 22307 22763 I Finsky  : [115] SCH: job service finished with id 9264.
03-03 19:03:28.818   571  1719 I ActivityManager: Killing 21643:com.google.android.gm/u0a123 (adj 955): empty #17
03-03 19:03:28.825   571   599 I libprocessgroup: Successfully killed process cgroup uid 10123 pid 21643 in 5ms
03-03 19:03:28.851   571  2854 D ConnectivityService: ConnectivityService NetworkRequestInfo binderDied(uid/pid:10123/21643, [NetworkRequest [ REQUEST id=687, [ Capabilities: INTERNET&NOT_RESTRICTED&TRUSTED&NOT_VCN_MANAGED Uid: 10123 RequestorUid: 10123 RequestorPkg: com.google.android.gm UnderlyingNetworks: Null] ]], android.os.BinderProxy@a5397d4)
03-03 19:03:28.852   571   710 D ConnectivityService: releasing NetworkRequest [ REQUEST id=687, [ Capabilities: INTERNET&NOT_RESTRICTED&TRUSTED&NOT_VCN_MANAGED Uid: 10123 RequestorUid: 10123 RequestorPkg: com.google.android.gm UnderlyingNetworks: Null] ] (release request)
03-03 19:03:28.852   346   346 I Zygote  : Process 21643 exited due to signal 9 (Killed)
03-03 19:03:28.856   571  1719 I ActivityManager: Killing 21629:com.google.android.dialer/u0a101 (adj 985): empty #17
03-03 19:03:28.862   571   599 I libprocessgroup: Successfully killed process cgroup uid 10101 pid 21629 in 5ms
03-03 19:03:28.870   346   346 I Zygote  : Process 21629 exited due to signal 9 (Killed)
03-03 19:03:28.871   571  1469 D ConnectivityService: ConnectivityService NetworkRequestInfo binderDied(uid/pid:10101/21629, [NetworkRequest [ REQUEST id=681, [ Capabilities: INTERNET&NOT_RESTRICTED&TRUSTED&NOT_VCN_MANAGED Uid: 10101 RequestorUid: 10101 RequestorPkg: com.google.android.dialer UnderlyingNetworks: Null] ]], android.os.BinderProxy@fd26d7d)
03-03 19:03:28.871   571   710 D ConnectivityService: releasing NetworkRequest [ REQUEST id=681, [ Capabilities: INTERNET&NOT_RESTRICTED&TRUSTED&NOT_VCN_MANAGED Uid: 10101 RequestorUid: 10101 RequestorPkg: com.google.android.dialer UnderlyingNetworks: Null] ] (release request)
03-03 19:03:30.884   571   662 I ActivityManager: Killing 21824:android.process.acore/u0a56 (adj 985): empty #17
03-03 19:03:30.886   571   599 I libprocessgroup: Successfully killed process cgroup uid 10056 pid 21824 in 0ms
03-03 19:03:30.896   571  1719 D CountryDetector: No listener is left
03-03 19:03:30.896   346   346 I Zygote  : Process 21824 exited due to signal 9 (Killed)
03-03 19:03:31.432   571   673 D ActivityManager: freezing 21906 com.google.android.apps.wallpaper
03-03 19:03:31.432   571   673 W libprocessgroup: Failed to open /sys/fs/cgroup/./frozen/cgroup.procs: No such file or directory
03-03 19:03:31.432   571   673 W libprocessgroup: Failed to apply Frozen process profile: No such file or directory
03-03 19:03:31.432   571   673 D ActivityManager: froze 21906 com.google.android.apps.wallpaper
03-03 19:03:35.472 19696 19696 W ThreadPoolForeg: type=1400 audit(0.0:7718): avc: denied { write } for name="traced_producer" dev="tmpfs" ino=632 scontext=u:r:gmscore_app:s0:c512,c768 tcontext=u:object_r:traced_producer_socket:s0 tclass=sock_file permissive=0 app=com.google.android.gms
03-03 19:03:36.764  1203  1203 W ThreadPoolForeg: type=1400 audit(0.0:7719): avc: denied { write } for name="traced_producer" dev="tmpfs" ino=632 scontext=u:r:gmscore_app:s0:c512,c768 tcontext=u:object_r:traced_producer_socket:s0 tclass=sock_file permissive=0 app=com.google.android.gms
03-03 19:03:38.476  1662  1662 W ThreadPoolForeg: type=1400 audit(0.0:7720): avc: denied { write } for name="traced_producer" dev="tmpfs" ino=632 scontext=u:r:gmscore_app:s0:c512,c768 tcontext=u:object_r:traced_producer_socket:s0 tclass=sock_file permissive=0 app=com.google.android.gms
03-03 19:03:46.027   371   371 E android.hardware.power.stats@1.0-service-mock: Failed to getEnergyData
03-03 19:03:48.426   788   980 D EGL_emulation: app_time_stats: avg=48380.92ms min=48380.92ms max=48380.92ms count=1
03-03 19:03:49.073   788  1018 D ControlsListingControllerImpl: Subscribing callback, service count: 0
03-03 19:03:49.075   788  1018 D ControlsListingControllerImpl: Unsubscribing callback
03-03 19:04:00.009   571  1469 W ActivityManager: Unable to start service Intent { act=android.service.smartspace.SmartspaceService cmp=com.google.android.as/com.google.android.apps.miphone.aiai.app.AiAiSmartspaceService } U=0: not found
03-03 19:04:00.009   571  1469 W RemoteSmartspaceService: could not bind to Intent { act=android.service.smartspace.SmartspaceService cmp=com.google.android.as/com.google.android.apps.miphone.aiai.app.AiAiSmartspaceService } using flags 67112961
03-03 19:04:00.009   571   571 W ActivityManager: Unbind failed: could not find connection for android.app.LoadedApk$ServiceDispatcher$InnerConnection@43f9034
03-03 19:04:00.026   788   980 D EGL_emulation: app_time_stats: avg=11600.40ms min=11600.40ms max=11600.40ms count=1
03-03 19:04:01.547  1662  1662 D BoundBrokerSvc: onUnbind: Intent { act=com.google.android.gms.common.BIND_SHARED_PREFS pkg=com.google.android.gms }
03-03 19:04:02.014 22307 22450 I Finsky  : [46] Stats for Executor: LightweightExecutor uyh@77b8d1a[Running, pool size = 3, active threads = 0, queued tasks = 0, completed tasks = 195]
03-03 19:04:02.014 22307 22450 I Finsky  : [46] Stats for Executor: BlockingExecutor uyh@b5304b[Running, pool size = 4, active threads = 0, queued tasks = 0, completed tasks = 22]
03-03 19:04:02.084 22307 22450 I Finsky  : [46] Stats for Executor: bgExecutor uyh@6de9a28[Running, pool size = 4, active threads = 0, queued tasks = 0, completed tasks = 149]
03-03 19:04:02.927 22529 22603 I Finsky:background: [45] Stats for Executor: bgExecutor uyh@41330d6[Running, pool size = 4, active threads = 0, queued tasks = 0, completed tasks = 33]
03-03 19:04:02.928 22529 22603 I Finsky:background: [45] Stats for Executor: LightweightExecutor uyh@912f57[Running, pool size = 3, active threads = 0, queued tasks = 0, completed tasks = 16]
03-03 19:04:02.975 22529 22603 I Finsky:background: [45] Stats for Executor: BlockingExecutor uyh@e87da44[Running, pool size = 2, active threads = 0, queued tasks = 0, completed tasks = 6]
03-03 19:04:05.480 19696 19696 W ThreadPoolForeg: type=1400 audit(0.0:7721): avc: denied { write } for name="traced_producer" dev="tmpfs" ino=632 scontext=u:r:gmscore_app:s0:c512,c768 tcontext=u:object_r:traced_producer_socket:s0 tclass=sock_file permissive=0 app=com.google.android.gms
03-03 19:04:06.776  1203  1203 W ThreadPoolForeg: type=1400 audit(0.0:7722): avc: denied { write } for name="traced_producer" dev="tmpfs" ino=632 scontext=u:r:gmscore_app:s0:c512,c768 tcontext=u:object_r:traced_producer_socket:s0 tclass=sock_file permissive=0 app=com.google.android.gms
03-03 19:04:07.703  1203  1772 W Settings: Setting airplane_mode_on has moved from android.provider.Settings.System to android.provider.Settings.Global, returning read-only value.
03-03 19:04:07.707  1203 22424 W SystemServiceRegistry: No service published for: wifirtt
03-03 19:04:08.259   571  2847 W AppOps  : Noting op not finished: uid 10100 pkg com.google.android.gms code 113 startTime of in progress event=1772526227178
03-03 19:04:08.264   571  2847 W AppOps  : Noting op not finished: uid 10100 pkg com.google.android.gms code 79 startTime of in progress event=1772526234952
03-03 19:04:08.267   571  2847 W AppOps  : Noting op not finished: uid 10100 pkg com.google.android.gms code 113 startTime of in progress event=1772526227178
03-03 19:04:08.271  1203  1772 I ActivityScheduler: nextTriggerTime: 18892228, in 238100ms, detectorType: 39, FULL_TYPE alarmWindowMillis: 80000
03-03 19:04:08.500   571  1469 D WifiNl80211Manager: Scan result ready event
03-03 19:04:08.500   571  1469 D WifiNative: Scan result ready event
03-03 19:04:08.512  1203 22424 I FrewleTileCacheManagerV: (REDACTED) Fetched %d AP models from cache
03-03 19:04:08.516  1662  1662 W ThreadPoolForeg: type=1400 audit(0.0:7723): avc: denied { write } for name="traced_producer" dev="tmpfs" ino=632 scontext=u:r:gmscore_app:s0:c512,c768 tcontext=u:object_r:traced_producer_socket:s0 tclass=sock_file permissive=0 app=com.google.android.gms
03-03 19:04:08.519  1203 22424 W GLSUser : [DeviceKeyStore] Cannot load key: Device key file not found.
03-03 19:04:08.589 19696 20078 W libc    : Access denied finding property "persist.adb.tls_server.enable"
03-03 19:04:08.584 19696 19696 W Binder:19696_5: type=1400 audit(0.0:7724): avc: denied { read } for name="u:object_r:system_adbd_prop:s0" dev="tmpfs" ino=237 scontext=u:r:gmscore_app:s0:c512,c768 tcontext=u:object_r:system_adbd_prop:s0 tclass=file permissive=0 app=com.google.android.gms
03-03 19:04:08.589 19696 20078 W libc    : Access denied finding property "service.adb.tls.port"
03-03 19:04:08.584 19696 19696 W Binder:19696_5: type=1400 audit(0.0:7725): avc: denied { read } for name="u:object_r:adbd_prop:s0" dev="tmpfs" ino=46 scontext=u:r:gmscore_app:s0:c512,c768 tcontext=u:object_r:adbd_prop:s0 tclass=file permissive=0 app=com.google.android.gms
03-03 19:04:08.597  1203  1203 D BoundBrokerSvc: onRebind: Intent { act=com.google.android.gms.common.telemetry.service.START dat=chimera-action: cmp=com.google.android.gms/.chimera.PersistentApiService }
03-03 19:04:08.602  1203 22424 W GmsUrlRequestImpl: [https://android.googleapis.com/auth/devicekey] Content-Type header is overwritten.
03-03 19:04:09.085  1203 22424 W GLSUser : [AppCertManager] Exception while requesting key: 
03-03 19:04:09.085  1203 22424 W GLSUser : java.util.concurrent.ExecutionException: crvh: Parse Proto Exception with response code 400
03-03 19:04:09.085  1203 22424 W GLSUser : 	at gxiq.j(:com.google.android.gms@260534029@26.05.34 (190400-869443408):21)
03-03 19:04:09.085  1203 22424 W GLSUser : 	at gxiz.u(:com.google.android.gms@260534029@26.05.34 (190400-869443408):71)
03-03 19:04:09.085  1203 22424 W GLSUser : 	at aken.b(:com.google.android.gms@260534029@26.05.34 (190400-869443408):439)
03-03 19:04:09.085  1203 22424 W GLSUser : 	at akel.a(:com.google.android.gms@260534029@26.05.34 (190400-869443408):67)
03-03 19:04:09.085  1203 22424 W GLSUser : 	at akeh.a(:com.google.android.gms@260534029@26.05.34 (190400-869443408):3)
03-03 19:04:09.085  1203 22424 W GLSUser : 	at akej.a(:com.google.android.gms@260534029@26.05.34 (190400-869443408):58)
03-03 19:04:09.085  1203 22424 W GLSUser : 	at akej.b(:com.google.android.gms@260534029@26.05.34 (190400-869443408):21)
03-03 19:04:09.085  1203 22424 W GLSUser : 	at bfcb.m(:com.google.android.gms@260534029@26.05.34 (190400-869443408):13)
03-03 19:04:09.085  1203 22424 W GLSUser : 	at bfcq.f(:com.google.android.gms@260534029@26.05.34 (190400-869443408):10)
03-03 19:04:09.085  1203 22424 W GLSUser : 	at gfjt.a(:com.google.android.gms@260534029@26.05.34 (190400-869443408):45)
03-03 19:04:09.085  1203 22424 W GLSUser : 	at gfjn.b(:com.google.android.gms@260534029@26.05.34 (190400-869443408):293)
03-03 19:04:09.085  1203 22424 W GLSUser : 	at ghch.call(:com.google.android.gms@260534029@26.05.34 (190400-869443408):1001)
03-03 19:04:09.085  1203 22424 W GLSUser : 	at java.util.concurrent.FutureTask.run(FutureTask.java:266)
03-03 19:04:09.085  1203 22424 W GLSUser : 	at bfjc.c(:com.google.android.gms@260534029@26.05.34 (190400-869443408):50)
03-03 19:04:09.085  1203 22424 W GLSUser : 	at bfjc.run(:com.google.android.gms@260534029@26.05.34 (190400-869443408):73)
03-03 19:04:09.085  1203 22424 W GLSUser : 	at java.util.concurrent.ThreadPoolExecutor.runWorker(ThreadPoolExecutor.java:1167)
03-03 19:04:09.085  1203 22424 W GLSUser : 	at java.util.concurrent.ThreadPoolExecutor$Worker.run(ThreadPoolExecutor.java:641)
03-03 19:04:09.085  1203 22424 W GLSUser : 	at bfot.run(:com.google.android.gms@260534029@26.05.34 (190400-869443408):8)
03-03 19:04:09.085  1203 22424 W GLSUser : 	at java.lang.Thread.run(Thread.java:920)
03-03 19:04:09.085  1203 22424 W GLSUser : Caused by: crvh: Parse Proto Exception with response code 400
03-03 19:04:09.085  1203 22424 W GLSUser : 	at crwp.e(:com.google.android.gms@260534029@26.05.34 (190400-869443408):82)
03-03 19:04:09.085  1203 22424 W GLSUser : 	at crzf.d(:com.google.android.gms@260534029@26.05.34 (190400-869443408):18)
03-03 19:04:09.085  1203 22424 W GLSUser : 	at crzw.onSucceeded(:com.google.android.gms@260534029@26.05.34 (190400-869443408):9)
03-03 19:04:09.085  1203 22424 W GLSUser : 	at m1.nj.onSucceeded(:com.google.android.gms.dynamite_cronetdynamite@260534029@26.05.34 (190400-0):3)
03-03 19:04:09.085  1203 22424 W GLSUser : 	at m1.mc.run(:com.google.android.gms.dynamite_cronetdynamite@260534029@26.05.34 (190400-0):21)
03-03 19:04:09.085  1203 22424 W GLSUser : 	at m1.lw.run(:com.google.android.gms.dynamite_cronetdynamite@260534029@26.05.34 (190400-0):31)
03-03 19:04:09.085  1203 22424 W GLSUser : 	... 6 more
03-03 19:04:09.085  1203 22424 W GLSUser : Caused by: ifjs: Protocol message contained an invalid tag (zero).
03-03 19:04:09.085  1203 22424 W GLSUser : 	at ifgp.k(:com.google.android.gms@260534029@26.05.34 (190400-869443408):43)
03-03 19:04:09.085  1203 22424 W GLSUser : 	at ifkq.c(:com.google.android.gms@260534029@26.05.34 (190400-869443408):397)
03-03 19:04:09.085  1203 22424 W GLSUser : 	at ifkq.i(:com.google.android.gms@260534029@26.05.34 (190400-869443408):8)
03-03 19:04:09.085  1203 22424 W GLSUser : 	at ifiw.y(:com.google.android.gms@260534029@26.05.34 (190400-869443408):23)
03-03 19:04:09.085  1203 22424 W GLSUser : 	at ifir.g(:com.google.android.gms@260534029@26.05.34 (190400-869443408):3)
03-03 19:04:09.085  1203 22424 W GLSUser : 	at ifgl.e(:com.google.android.gms@260534029@26.05.34 (190400-869443408):1)
03-03 19:04:09.085  1203 22424 W GLSUser : 	at ifgl.r(:com.google.android.gms@260534029@26.05.34 (190400-869443408):1)
03-03 19:04:09.085  1203 22424 W GLSUser : 	at crwl.c(:com.google.android.gms@260534029@26.05.34 (190400-869443408):16)
03-03 19:04:09.085  1203 22424 W GLSUser : 	at crwp.h(:com.google.android.gms@260534029@26.05.34 (190400-869443408):83)
03-03 19:04:09.085  1203 22424 W GLSUser : 	at crwp.e(:com.google.android.gms@260534029@26.05.34 (190400-869443408):19)
03-03 19:04:09.085  1203 22424 W GLSUser : 	... 11 more
03-03 19:04:09.085  1203 22424 W GLSUser : [DeviceKeyStore] Cannot load key: Device key file not found.
03-03 19:04:09.102  1203 22769 W Conscrypt: Could not set socket write timeout: java.net.SocketException: Socket closed
03-03 19:04:09.102  1203 22769 W Conscrypt: 	at com.google.android.gms.org.conscrypt.Platform.setSocketWriteTimeout(:com.google.android.gms@260534029@26.05.34 (190400-869443408):204)
03-03 19:04:09.102  1203 22769 W Conscrypt: 	at com.google.android.gms.org.conscrypt.ConscryptFileDescriptorSocket.setSoWriteTimeout(:com.google.android.gms@260534029@26.05.34 (190400-869443408):4)
03-03 19:04:09.108  1203 22769 W Conscrypt: Could not set socket write timeout: java.net.SocketException: Socket closed
03-03 19:04:09.108  1203 22769 W Conscrypt: 	at com.google.android.gms.org.conscrypt.Platform.setSocketWriteTimeout(:com.google.android.gms@260534029@26.05.34 (190400-869443408):204)
03-03 19:04:09.108  1203 22769 W Conscrypt: 	at com.google.android.gms.org.conscrypt.ConscryptFileDescriptorSocket.setSoWriteTimeout(:com.google.android.gms@260534029@26.05.34 (190400-869443408):4)
03-03 19:04:09.204  1203 22424 W GlsClientGrpc: Voilatile gRPC failure INVALID_ARGUMENT: Application credential header not valid. Please fix the client to pass a valid application credential header. [CONTEXT service_id=6 ]
03-03 19:04:09.204  1203 22424 W GlsClientGrpc: jbfw: INVALID_ARGUMENT: Application credential header not valid. Please fix the client to pass a valid application credential header.
03-03 19:04:09.204  1203 22424 W GlsClientGrpc: 	at bfcq.r(:com.google.android.gms@260534029@26.05.34 (190400-869443408):31)
03-03 19:04:09.204  1203 22424 W GlsClientGrpc: 	at bfcq.f(:com.google.android.gms@260534029@26.05.34 (190400-869443408):90)
03-03 19:04:09.204  1203 22424 W GlsClientGrpc: 	at gfjt.a(:com.google.android.gms@260534029@26.05.34 (190400-869443408):45)
03-03 19:04:09.204  1203 22424 W GlsClientGrpc: 	at gfjn.b(:com.google.android.gms@260534029@26.05.34 (190400-869443408):293)
03-03 19:04:09.204  1203 22424 W GlsClientGrpc: 	at ghch.call(:com.google.android.gms@260534029@26.05.34 (190400-869443408):1001)
03-03 19:04:09.204  1203 22424 W GlsClientGrpc: 	at java.util.concurrent.FutureTask.run(FutureTask.java:266)
03-03 19:04:09.204  1203 22424 W GlsClientGrpc: 	at bfjc.c(:com.google.android.gms@260534029@26.05.34 (190400-869443408):50)
03-03 19:04:09.204  1203 22424 W GlsClientGrpc: 	at bfjc.run(:com.google.android.gms@260534029@26.05.34 (190400-869443408):73)
03-03 19:04:09.204  1203 22424 W GlsClientGrpc: 	at java.util.concurrent.ThreadPoolExecutor.runWorker(ThreadPoolExecutor.java:1167)
03-03 19:04:09.204  1203 22424 W GlsClientGrpc: 	at java.util.concurrent.ThreadPoolExecutor$Worker.run(ThreadPoolExecutor.java:641)
03-03 19:04:09.204  1203 22424 W GlsClientGrpc: 	at bfot.run(:com.google.android.gms@260534029@26.05.34 (190400-869443408):8)
03-03 19:04:09.204  1203 22424 W GlsClientGrpc: 	at java.lang.Thread.run(Thread.java:920)
03-03 19:04:09.207  1203 22424 I FrewleTileCacheManagerV: (REDACTED) Fetched %d AP models from cache
03-03 19:04:09.211  1203  1772 I ActivityScheduler: nextTriggerTime: 18892228, in 237160ms, detectorType: 39, FULL_TYPE alarmWindowMillis: 80000
03-03 19:04:10.033 22529 22704 I PlayCommon: [90] Preparing logs for uploading
03-03 19:04:10.046 22529 22704 I PlayCommon: [90] Connecting to server for timestamp: https://play.googleapis.com/play/log/timestamp
03-03 19:04:10.167 22529 22704 W PlayCommon: [90] No account for auth token provided
03-03 19:04:10.169 22529 22704 I PlayCommon: [90] Connecting to server: https://play.googleapis.com/play/log?format=raw&proto_v2=true
03-03 19:04:10.297 22529 22704 I PlayCommon: [90] Successfully uploaded logs.
03-03 19:04:13.626  1203  1203 D BoundBrokerSvc: onUnbind: Intent { act=com.google.android.gms.common.telemetry.service.START dat=chimera-action: cmp=com.google.android.gms/.chimera.PersistentApiService }
03-03 19:04:18.207 22307 22761 I android.vendin: oneway function results for code 2 on binder at 0xb4000078ff698870 will be dropped but finished with status UNKNOWN_TRANSACTION
03-03 19:04:19.231   571   673 D ActivityManager: freezing 22018 com.android.providers.calendar
03-03 19:04:19.233   571   673 W libprocessgroup: Failed to open /sys/fs/cgroup/./frozen/cgroup.procs: No such file or directory
03-03 19:04:19.233   571   673 W libprocessgroup: Failed to apply Frozen process profile: No such file or directory
03-03 19:04:19.233   571   673 D ActivityManager: froze 22018 com.android.providers.calendar
03-03 19:04:19.715  1203  3677 I WCollector: A WeatherPressureObservation was dropped due to no location data.
03-03 19:04:28.425   788   980 D EGL_emulation: app_time_stats: avg=28398.17ms min=28398.17ms max=28398.17ms count=1
03-03 19:04:35.524 19696 19696 W ThreadPoolForeg: type=1400 audit(0.0:7726): avc: denied { write } for name="traced_producer" dev="tmpfs" ino=632 scontext=u:r:gmscore_app:s0:c512,c768 tcontext=u:object_r:traced_producer_socket:s0 tclass=sock_file permissive=0 app=com.google.android.gms
03-03 19:04:36.812  1203  1203 W ThreadPoolForeg: type=1400 audit(0.0:7727): avc: denied { write } for name="traced_producer" dev="tmpfs" ino=632 scontext=u:r:gmscore_app:s0:c512,c768 tcontext=u:object_r:traced_producer_socket:s0 tclass=sock_file permissive=0 app=com.google.android.gms
03-03 19:04:38.560  1662  1662 W ThreadPoolForeg: type=1400 audit(0.0:7728): avc: denied { write } for name="traced_producer" dev="tmpfs" ino=632 scontext=u:r:gmscore_app:s0:c512,c768 tcontext=u:object_r:traced_producer_socket:s0 tclass=sock_file permissive=0 app=com.google.android.gms
03-03 19:05:00.023   571   585 W ActivityManager: Unable to start service Intent { act=android.service.smartspace.SmartspaceService cmp=com.google.android.as/com.google.android.apps.miphone.aiai.app.AiAiSmartspaceService } U=0: not found
03-03 19:05:00.023   571   585 W RemoteSmartspaceService: could not bind to Intent { act=android.service.smartspace.SmartspaceService cmp=com.google.android.as/com.google.android.apps.miphone.aiai.app.AiAiSmartspaceService } using flags 67112961
03-03 19:05:00.023   571   571 W ActivityManager: Unbind failed: could not find connection for android.app.LoadedApk$ServiceDispatcher$InnerConnection@5f05f3d
03-03 19:05:00.052   788   980 D EGL_emulation: app_time_stats: avg=31627.48ms min=31627.48ms max=31627.48ms count=1
03-03 19:05:05.572 19696 19696 W ThreadPoolForeg: type=1400 audit(0.0:7729): avc: denied { write } for name="traced_producer" dev="tmpfs" ino=632 scontext=u:r:gmscore_app:s0:c512,c768 tcontext=u:object_r:traced_producer_socket:s0 tclass=sock_file permissive=0 app=com.google.android.gms
03-03 19:05:06.824  1203  1203 W ThreadPoolForeg: type=1400 audit(0.0:7730): avc: denied { write } for name="traced_producer" dev="tmpfs" ino=632 scontext=u:r:gmscore_app:s0:c512,c768 tcontext=u:object_r:traced_producer_socket:s0 tclass=sock_file permissive=0 app=com.google.android.gms
03-03 19:05:08.440   788   980 D EGL_emulation: app_time_stats: avg=8387.79ms min=8387.79ms max=8387.79ms count=1
03-03 19:05:08.600  1662  1662 W ThreadPoolForeg: type=1400 audit(0.0:7731): avc: denied { write } for name="traced_producer" dev="tmpfs" ino=632 scontext=u:r:gmscore_app:s0:c512,c768 tcontext=u:object_r:traced_producer_socket:s0 tclass=sock_file permissive=0 app=com.google.android.gms
03-03 19:05:35.612 19696 19696 W ThreadPoolForeg: type=1400 audit(0.0:7732): avc: denied { write } for name="traced_producer" dev="tmpfs" ino=632 scontext=u:r:gmscore_app:s0:c512,c768 tcontext=u:object_r:traced_producer_socket:s0 tclass=sock_file permissive=0 app=com.google.android.gms
03-03 19:05:36.860  1203  1203 W ThreadPoolForeg: type=1400 audit(0.0:7733): avc: denied { write } for name="traced_producer" dev="tmpfs" ino=632 scontext=u:r:gmscore_app:s0:c512,c768 tcontext=u:object_r:traced_producer_socket:s0 tclass=sock_file permissive=0 app=com.google.android.gms
03-03 19:05:38.644  1662  1662 W ThreadPoolForeg: type=1400 audit(0.0:7734): avc: denied { write } for name="traced_producer" dev="tmpfs" ino=632 scontext=u:r:gmscore_app:s0:c512,c768 tcontext=u:object_r:traced_producer_socket:s0 tclass=sock_file permissive=0 app=com.google.android.gms
03-03 19:05:46.027   371   371 E android.hardware.power.stats@1.0-service-mock: Failed to getEnergyData
03-03 19:05:46.919   571  2847 D WifiNl80211Manager: Scan result ready event
03-03 19:05:46.919   571  2847 D WifiNative: Scan result ready event
03-03 19:05:56.941   571  2847 I ActivityManager: Force stopping com.spyou.youtubedownload appid=10150 user=0: from pid 22798
03-03 19:05:56.947   571  2847 I ActivityManager: Killing 22727:com.spyou.youtubedownload/u0a150 (adj 0): stop com.spyou.youtubedownload due to from pid 22798
03-03 19:05:56.960   571   599 I libprocessgroup: Successfully killed process cgroup uid 10150 pid 22727 in 8ms
03-03 19:05:56.978   571  2847 W ActivityTaskManager: Force removing ActivityRecord{3b3dc1 u0 com.spyou.youtubedownload/.MainActivity t227 f}}: app died, no saved state
03-03 19:05:57.053   571  2847 W InputManager-JNI: Input channel object 'f3d6287 com.spyou.youtubedownload/com.spyou.youtubedownload.MainActivity (client)' was disposed without first being removed with the input manager!
03-03 19:05:57.132   385   385 E BpTransactionCompletedListener: Failed to transact (-32)
03-03 19:05:57.134   346   346 I Zygote  : Process 22727 exited due to signal 9 (Killed)
03-03 19:05:57.139   571  2847 W InputReader: Device virtio_input_multi_touch_10 is associated with display ADISPLAY_ID_NONE.
03-03 19:05:57.139   571  2847 W InputReader: Device virtio_input_multi_touch_11 is associated with display ADISPLAY_ID_NONE.
03-03 19:05:57.139   571  2847 W InputReader: Device virtio_input_multi_touch_3 is associated with display ADISPLAY_ID_NONE.
03-03 19:05:57.139   571  2847 W InputReader: Device virtio_input_multi_touch_8 is associated with display ADISPLAY_ID_NONE.
03-03 19:05:57.139   571  2847 W InputReader: Device virtio_input_multi_touch_2 is associated with display ADISPLAY_ID_NONE.
03-03 19:05:57.139   571  2847 W InputReader: Device virtio_input_multi_touch_4 is associated with display ADISPLAY_ID_NONE.
03-03 19:05:57.139   571  2847 W InputReader: Device virtio_input_multi_touch_9 is associated with display ADISPLAY_ID_NONE.
03-03 19:05:57.139   571  2847 W InputReader: Device virtio_input_multi_touch_5 is associated with display ADISPLAY_ID_NONE.
03-03 19:05:57.139   571  2847 W InputReader: Device virtio_input_multi_touch_7 is associated with display ADISPLAY_ID_NONE.
03-03 19:05:57.139   571  2847 W InputReader: Device virtio_input_multi_touch_6 is associated with display ADISPLAY_ID_NONE.
03-03 19:05:57.142   571  2847 W InputReader: Device virtio_input_multi_touch_10 is associated with display ADISPLAY_ID_NONE.
03-03 19:05:57.142   571  2847 W InputReader: Device virtio_input_multi_touch_11 is associated with display ADISPLAY_ID_NONE.
03-03 19:05:57.142   571  2847 W InputReader: Device virtio_input_multi_touch_3 is associated with display ADISPLAY_ID_NONE.
03-03 19:05:57.142   571  2847 W InputReader: Device virtio_input_multi_touch_8 is associated with display ADISPLAY_ID_NONE.
03-03 19:05:57.142   571  2847 W InputReader: Device virtio_input_multi_touch_2 is associated with display ADISPLAY_ID_NONE.
03-03 19:05:57.142   571  2847 W InputReader: Device virtio_input_multi_touch_4 is associated with display ADISPLAY_ID_NONE.
03-03 19:05:57.142   571  2847 W InputReader: Device virtio_input_multi_touch_9 is associated with display ADISPLAY_ID_NONE.
03-03 19:05:57.142   571  2847 W InputReader: Device virtio_input_multi_touch_5 is associated with display ADISPLAY_ID_NONE.
03-03 19:05:57.142   571  2847 W InputReader: Device virtio_input_multi_touch_7 is associated with display ADISPLAY_ID_NONE.
03-03 19:05:57.142   571  2847 W InputReader: Device virtio_input_multi_touch_6 is associated with display ADISPLAY_ID_NONE.
03-03 19:05:57.146   571  2847 W ActivityTaskManager: Can't find TaskDisplayArea to determine support for multi window. Task id=227 attached=false
03-03 19:05:57.146   571  2847 W ActivityTaskManager: Can't find TaskDisplayArea to determine support for multi window. Task id=227 attached=false
03-03 19:05:57.171   571   589 V WindowManager: Unknown focus tokens, dropping reportFocusChanged
03-03 19:05:57.192   571   571 W Looper  : Slow dispatch took 224ms main h=com.android.server.job.JobSchedulerService$JobHandler c=null m=7
03-03 19:05:57.192   571   571 W Looper  : Slow delivery took 243ms main h=com.android.server.job.JobSchedulerService$JobHandler c=null m=5
03-03 19:05:57.199   571   571 W Looper  : Drained
03-03 19:05:57.205   571   589 W ActivityManager: setHasOverlayUi called on unknown pid: 22727
03-03 19:05:57.219   571  1832 V ActivityManager: Got obituary of 22727:com.spyou.youtubedownload
03-03 19:05:57.227   939   939 D CarrierSvcBindHelper: No carrier app for: 0
03-03 19:05:57.281 11948 11948 D DefaultSelectionTracker: Ignoring onDataSetChange. No active selection.
03-03 19:05:57.305  5735  5735 I studio.deploy: Received request 'overlayinstall'
03-03 19:05:57.322 18422 18422 E studio.deploy: Stopping appserverd since canary has died"
03-03 19:05:57.323  5735  5735 E studio.deploy: ERROR: MessagePipeWrapper: Cannot read (EOF)
03-03 19:05:57.323  5735  5735 E studio.deploy: ERROR: MessagePipeWrapper: Unable to read magic number (received= '
03-03 19:05:57.323  5735  5735 E studio.deploy: ERROR: Protopipe: Unable to read() from pipe
03-03 19:05:57.378  5735  5735 E studio.deploy: ERROR: MessagePipeWrapper: Cannot read (EOF)
03-03 19:05:57.378  5735  5735 E studio.deploy: ERROR: MessagePipeWrapper: Unable to read magic number (received= '
03-03 19:05:57.378  5735  5735 E studio.deploy: ERROR: Protopipe: Unable to read() from pipe
03-03 19:05:57.459 11948 22812 I ProvidersCache: Provider returned no roots. Possibly naughty: com.google.android.apps.docs.storage
03-03 19:05:57.472   571  2847 D CompatibilityChangeReporter: Compat change id reported: 135634846; UID 10061; state: DISABLED
03-03 19:05:57.472   571  2847 D CompatibilityChangeReporter: Compat change id reported: 177438394; UID 10061; state: DISABLED
03-03 19:05:57.473   571  2847 D CompatibilityChangeReporter: Compat change id reported: 135772972; UID 10061; state: DISABLED
03-03 19:05:57.473   571  2847 D CompatibilityChangeReporter: Compat change id reported: 135754954; UID 10061; state: ENABLED
03-03 19:05:57.490   571   598 D CompatibilityChangeReporter: Compat change id reported: 143937733; UID 10061; state: ENABLED
03-03 19:05:57.532 22818 22818 W run-as  : type=1400 audit(0.0:7735): avc: granted { execute } for name="install_server-001a903f" dev="dm-29" ino=180730 scontext=u:r:runas_app:s0:c150,c256,c512,c768 tcontext=u:object_r:app_data_file:s0:c150,c256,c512,c768 tclass=file app=com.spyou.youtubedownload
03-03 19:05:57.532 22818 22818 W install_server-: type=1400 audit(0.0:7736): avc: granted { execute } for path="/data/data/com.spyou.youtubedownload/code_cache/install_server-001a903f" dev="dm-29" ino=180730 scontext=u:r:runas_app:s0:c150,c256,c512,c768 tcontext=u:object_r:app_data_file:s0:c150,c256,c512,c768 tclass=file app=com.spyou.youtubedownload
03-03 19:05:57.545   346   346 D Zygote  : Forked child process 22819
03-03 19:05:57.546   571   598 W ActivityManager: Slow operation: 74ms so far, now at startProcess: returned from zygote!
03-03 19:05:57.546   571   598 W ActivityManager: Slow operation: 74ms so far, now at startProcess: done updating battery stats
03-03 19:05:57.548   571   598 W ActivityManager: Slow operation: 76ms so far, now at startProcess: building log message
03-03 19:05:57.548   571   598 I ActivityManager: Start proc 22819:com.android.externalstorage/u0a61 for content provider {com.android.externalstorage/com.android.externalstorage.ExternalStorageProvider}
03-03 19:05:57.548   571   598 W ActivityManager: Slow operation: 76ms so far, now at startProcess: starting to update pids map
03-03 19:05:57.548   571   598 W ActivityManager: Slow operation: 76ms so far, now at startProcess: done updating pids map
03-03 19:05:57.610 22819 22819 E externalstorag: Not starting debugger since process cannot load the jdwp agent.
03-03 19:05:57.666   571  2847 D CompatibilityChangeReporter: Compat change id reported: 168419799; UID 10061; state: DISABLED
03-03 19:05:57.696 22819 22819 D CompatibilityChangeReporter: Compat change id reported: 171979766; UID 10061; state: ENABLED
03-03 19:05:57.851  5735  5735 I studio.deploy: Received request 'dump'
03-03 19:05:57.868 22819 22819 V GraphicsEnvironment: ANGLE Developer option for 'com.android.externalstorage' set to: 'default'
03-03 19:05:57.874 22819 22819 V GraphicsEnvironment: ANGLE GameManagerService for com.android.externalstorage: false
03-03 19:05:57.875 22819 22819 V GraphicsEnvironment: Neither updatable production driver nor prerelease driver is supported.
