03-03 19:05:57.886 22819 22819 D NetworkSecurityConfig: No Network Security Config specified, using platform default
03-03 19:05:57.889 22819 22819 D NetworkSecurityConfig: No Network Security Config specified, using platform default
03-03 19:05:57.913   788   980 D EGL_emulation: app_time_stats: avg=49472.36ms min=49472.36ms max=49472.36ms count=1
03-03 19:05:57.914  1341  1341 I GoogleInputMethodService: GoogleInputMethodService.onFinishInput():2113 
03-03 19:05:57.923  1341  1341 I Module  : DeviceLockedStatusModuleProvider$Module.updateDeviceLockedStatus():103 repeatCheckTimes = 0, locked = false
03-03 19:05:57.940  1341  1341 I GoogleInputMethodService: GoogleInputMethodService.onStartInput():1384 onStartInput(EditorInfo{EditorInfo{packageName=com.google.android.documentsui, inputType=0, inputTypeString=NULL, enableLearning=false, autoCorrection=false, autoComplete=false, imeOptions=0, privateImeOptions=null, actionName=UNSPECIFIED, actionLabel=null, initialSelStart=-1, initialSelEnd=-1, initialCapsMode=0, label=null, fieldId=-1, fieldName=null, extras=null, hintText=null, hintLocales=[]}}, false)
03-03 19:05:57.942  1341  1341 I Module  : DeviceLockedStatusModuleProvider$Module.updateDeviceLockedStatus():103 repeatCheckTimes = 1, locked = false
03-03 19:05:57.956 22819 22819 D ExternalStorage: After updating volumes, found 1 active roots
03-03 19:05:58.020 11948 11948 D DefaultSelectionTracker: Ignoring onDataSetChange. No active selection.
03-03 19:05:58.058 11948 22842 I ProvidersCache: Provider returned no roots. Possibly naughty: com.google.android.apps.docs.storage
03-03 19:05:58.203  5744  5744 I abb     : StartCommandInProcess(7061636b61676500696e7374616c6c2d package.install- [truncated])
03-03 19:05:58.212   571   571 W Binder:571_19: type=1400 audit(0.0:7737): avc: denied { getopt } for scontext=u:r:system_server:s0 tcontext=u:r:shell:s0 tclass=unix_stream_socket permissive=0
03-03 19:05:58.212   571   571 W Binder:571_19: type=1400 audit(0.0:7738): avc: denied { getopt } for scontext=u:r:system_server:s0 tcontext=u:r:shell:s0 tclass=unix_stream_socket permissive=0
03-03 19:05:58.212   571   571 W Binder:571_19: type=1400 audit(0.0:7739): avc: denied { getopt } for scontext=u:r:system_server:s0 tcontext=u:r:shell:s0 tclass=unix_stream_socket permissive=0
03-03 19:05:58.232  5744  5744 I abb     : StartCommandInProcess(7061636b61676500696e7374616c6c2d package.install- [truncated])
03-03 19:05:58.344   788   980 D EGL_emulation: app_time_stats: avg=3951.64ms min=0.79ms max=161829.23ms count=41
03-03 19:05:59.152   571   571 W Binder:571_19: type=1400 audit(0.0:7740): avc: denied { getopt } for scontext=u:r:system_server:s0 tcontext=u:r:shell:s0 tclass=unix_stream_socket permissive=0
03-03 19:05:59.152   571   571 W Binder:571_19: type=1400 audit(0.0:7741): avc: denied { getopt } for scontext=u:r:system_server:s0 tcontext=u:r:shell:s0 tclass=unix_stream_socket permissive=0
03-03 19:05:59.152   571   571 W Binder:571_19: type=1400 audit(0.0:7742): avc: denied { getopt } for scontext=u:r:system_server:s0 tcontext=u:r:shell:s0 tclass=unix_stream_socket permissive=0
03-03 19:05:59.159  5744  5744 I abb     : StartCommandInProcess(7061636b61676500696e7374616c6c2d package.install- [truncated])
03-03 19:05:59.373   788   980 D EGL_emulation: app_time_stats: avg=16.97ms min=5.15ms max=37.39ms count=59
03-03 19:05:59.866   571   620 I PackageManager: Integrity check passed for file:///data/app/vmdl1382134501.tmp
03-03 19:05:59.894   571   620 I PackageManager: Update package com.spyou.youtubedownload code path from /data/app/~~10Pgpk5X_uqSFSwASfOz9Q==/com.spyou.youtubedownload-1P3QQIM5PYy_q3M9UnUqWw== to /data/app/~~YXmZ-PP1K7-M3ExiQ2RTsA==/com.spyou.youtubedownload-jRx8_XF2X5svgUOiDOPCJQ==; Retain data and using new
03-03 19:05:59.906   571   620 I PackageManager: Permission ownership changed. Updating all permissions.
03-03 19:06:00.003   427   469 E installd: Couldn't opendir /data/app/vmdl1382134501.tmp: No such file or directory
03-03 19:06:00.003   427   469 E installd: Failed to delete /data/app/vmdl1382134501.tmp: No such file or directory
03-03 19:06:00.004   571   571 W Binder:571_19: type=1400 audit(0.0:7744): avc: denied { getopt } for scontext=u:r:system_server:s0 tcontext=u:r:shell:s0 tclass=unix_stream_socket permissive=0
03-03 19:06:00.004   571   571 W Binder:571_19: type=1400 audit(0.0:7745): avc: denied { getopt } for scontext=u:r:system_server:s0 tcontext=u:r:shell:s0 tclass=unix_stream_socket permissive=0
03-03 19:06:00.004   571   571 W Binder:571_19: type=1400 audit(0.0:7746): avc: denied { getopt } for scontext=u:r:system_server:s0 tcontext=u:r:shell:s0 tclass=unix_stream_socket permissive=0
03-03 19:06:00.016   571   684 I InputReader: Reconfiguring input devices, changes=KEYBOARD_LAYOUTS | 
03-03 19:06:00.021  1444  1444 I MediaProvider: Invalidating LocalCallingIdentity cache for package com.spyou.youtubedownload. Reason: package android.intent.action.PACKAGE_REMOVED
03-03 19:06:00.024   771   771 V MediaPlayerList: mPackageChangedBroadcastReceiver: action: android.intent.action.PACKAGE_REMOVED
03-03 19:06:00.027   571   597 W BroadcastQueue: Background execution not allowed: receiving Intent { act=android.intent.action.PACKAGE_REMOVED dat=package:com.spyou.youtubedownload flg=0x4000010 (has extras) } to com.android.vending/com.google.android.finsky.packagemonitor.impl.PackageMonitorReceiverImpl$RegisteredReceiver
03-03 19:06:00.032   571   620 D CompatibilityChangeReporter: Compat change id reported: 168419799; UID 10150; state: DISABLED
03-03 19:06:00.047   571   684 I InputReader: Reconfiguring input devices, changes=KEYBOARD_LAYOUTS | 
03-03 19:06:00.048   571   597 W BroadcastQueue: Background execution not allowed: receiving Intent { act=android.intent.action.PACKAGE_REMOVED dat=package:com.spyou.youtubedownload flg=0x4000010 (has extras) } to com.android.vending/com.google.android.finsky.packagemonitor.backgroundimpl.BackgroundPackageMonitorReceiverImpl$RegisteredReceiver
03-03 19:06:00.048   571   597 W BroadcastQueue: Background execution not allowed: receiving Intent { act=android.intent.action.PACKAGE_REMOVED dat=package:com.spyou.youtubedownload flg=0x4000010 (has extras) } to com.google.android.apps.maps/com.google.android.libraries.social.peoplekit.thirdparty.viewcontrollers.ThirdPartyReceiver
03-03 19:06:00.048   571   597 W BroadcastQueue: Background execution not allowed: receiving Intent { act=android.intent.action.PACKAGE_REMOVED dat=package:com.spyou.youtubedownload flg=0x4000010 (has extras) } to com.google.android.apps.photos/com.google.android.libraries.social.peoplekit.thirdparty.viewcontrollers.ThirdPartyReceiver
03-03 19:06:00.048   571   597 W BroadcastQueue: Background execution not allowed: receiving Intent { act=android.intent.action.PACKAGE_REMOVED dat=package:com.spyou.youtubedownload flg=0x4000010 (has extras) } to com.google.android.gms/.chimera.GmsIntentOperationService$PersistentTrustedReceiver
03-03 19:06:00.048   571   597 W BroadcastQueue: Background execution not allowed: receiving Intent { act=android.intent.action.PACKAGE_ADDED dat=package:com.spyou.youtubedownload flg=0x4000010 (has extras) } to com.google.android.packageinstaller/com.android.packageinstaller.PackageInstalledReceiver
03-03 19:06:00.049   571   597 W BroadcastQueue: Background execution not allowed: receiving Intent { act=android.intent.action.PACKAGE_ADDED dat=package:com.spyou.youtubedownload flg=0x4000010 (has extras) } to com.android.vending/com.google.android.finsky.packagemonitor.impl.PackageMonitorReceiverImpl$RegisteredReceiver
03-03 19:06:00.049   571   597 W BroadcastQueue: Background execution not allowed: receiving Intent { act=android.intent.action.PACKAGE_ADDED dat=package:com.spyou.youtubedownload flg=0x4000010 (has extras) } to com.android.vending/com.google.android.finsky.packagemonitor.backgroundimpl.BackgroundPackageMonitorReceiverImpl$RegisteredReceiver
03-03 19:06:00.049   571   597 W BroadcastQueue: Background execution not allowed: receiving Intent { act=android.intent.action.PACKAGE_ADDED dat=package:com.spyou.youtubedownload flg=0x4000010 (has extras) } to com.google.android.gms/.gass.chimera.PackageChangeBroadcastReceiver
03-03 19:06:00.049   571   597 W BroadcastQueue: Background execution not allowed: receiving Intent { act=android.intent.action.PACKAGE_ADDED dat=package:com.spyou.youtubedownload flg=0x4000010 (has extras) } to com.google.android.gms/.chimera.GmsIntentOperationService$PersistentTrustedReceiver
03-03 19:06:00.049   771   771 V MediaPlayerList: mPackageChangedBroadcastReceiver: action: android.intent.action.PACKAGE_ADDED
03-03 19:06:00.049   771   771 D MediaPlayerList: Name of package changed: com.spyou.youtubedownload
03-03 19:06:00.054   571   586 D CompanionDeviceManagerService: onPackageModified(packageName = com.spyou.youtubedownload)
03-03 19:06:00.055  1444  1444 I MediaProvider: Invalidating LocalCallingIdentity cache for package com.spyou.youtubedownload. Reason: package android.intent.action.PACKAGE_ADDED
03-03 19:06:00.065 22529 22529 I Finsky:background: [2] aiag - Received: android.intent.action.PACKAGE_REMOVED, [1p6eMbVsGIuKpmvU2NOqjS8wBi6ISFTbAexRkQs-Aqg]
03-03 19:06:00.071 22307 22307 I Finsky  : [2] aiaq - Received: android.intent.action.PACKAGE_REMOVED, [1p6eMbVsGIuKpmvU2NOqjS8wBi6ISFTbAexRkQs-Aqg]
03-03 19:06:00.130   571  2847 W ActivityManager: Unable to start service Intent { act=android.service.smartspace.SmartspaceService cmp=com.google.android.as/com.google.android.apps.miphone.aiai.app.AiAiSmartspaceService } U=0: not found
03-03 19:06:00.130   571  2847 W RemoteSmartspaceService: could not bind to Intent { act=android.service.smartspace.SmartspaceService cmp=com.google.android.as/com.google.android.apps.miphone.aiai.app.AiAiSmartspaceService } using flags 67112961
03-03 19:06:00.142   571   571 D CompatibilityChangeReporter: Compat change id reported: 168419799; UID 1000; state: DISABLED
03-03 19:06:00.145   571   571 W Looper  : Slow dispatch took 107ms main h=android.app.ActivityThread$H c=android.app.LoadedApk$ReceiverDispatcher$Args$$ExternalSyntheticLambda0@ea2d044 m=0
03-03 19:06:00.146   571  1832 I ActivityManager: Force stopping com.spyou.youtubedownload appid=10150 user=0: from pid 22861
03-03 19:06:00.156   571   571 I Telecom : CarModeTracker: Package com.spyou.youtubedownload is not tracked.: SSH.oR@AYE
03-03 19:06:00.157   571   571 I Telecom : InCallController: updateCarModeForConnections: car mode apps: : SSH.oR@AYE
03-03 19:06:00.181   571   684 I InputReader: Reconfiguring input devices, changes=KEYBOARD_LAYOUTS | 
03-03 19:06:00.189   939   939 D CarrierSvcBindHelper: No carrier app for: 0
03-03 19:06:00.189   939   939 D CarrierSvcBindHelper: No carrier app for: 0
03-03 19:06:00.198   939   939 D ImsResolver: maybeAddedImsService, packageName: com.spyou.youtubedownload
03-03 19:06:00.201   939   939 D CarrierSvcBindHelper: No carrier app for: 0
03-03 19:06:00.204   571   571 I Telecom : DefaultDialerCache: Refreshing default dialer for user 0: now com.google.android.dialer: DDC.oR@AYQ
03-03 19:06:00.208   939   939 D CarrierConfigLoader: mHandler: EVENT_PACKAGE_CHANGED phoneId: 0
03-03 19:06:00.214   571   571 V BackupManagerConstants: getFullBackupIntervalMilliseconds(...) returns 86400000
03-03 19:06:00.214   571   571 V BackupManagerConstants: getFullBackupRequiredNetworkType(...) returns 2
03-03 19:06:00.223   571   571 V BackupManagerConstants: getFullBackupRequireCharging(...) returns true
03-03 19:06:00.234 11948 22856 I ProvidersCache: Provider returned no roots. Possibly naughty: com.google.android.apps.docs.storage
03-03 19:06:00.234 22307 22307 I Finsky  : [2] aiaq - Received: android.intent.action.PACKAGE_ADDED, [1p6eMbVsGIuKpmvU2NOqjS8wBi6ISFTbAexRkQs-Aqg]
03-03 19:06:00.249 22307 22307 I Finsky  : [2] DTU: Received onPackageAdded, replacing: true
03-03 19:06:00.287   571   586 D CompatibilityChangeReporter: Compat change id reported: 168419799; UID 10140; state: DISABLED
03-03 19:06:00.290   571  1832 I ActivityTaskManager: START u0 {act=android.intent.action.MAIN cat=[android.intent.category.LAUNCHER] flg=0x10000000 cmp=com.spyou.youtubedownload/.MainActivity} from uid 2000
03-03 19:06:00.292   571  1832 W ActivityTaskManager: Can't find TaskDisplayArea to determine support for multi window. Task id=228 attached=false
03-03 19:06:00.308   571   586 W Looper  : Slow dispatch took 121ms android.fg h=android.os.Handler c=com.android.internal.infra.ServiceConnector$Impl$$ExternalSyntheticLambda2@3649917 m=0
03-03 19:06:00.310 22529 22868 I Finsky:background: [95] Wrote row to frosting DB: 1423
03-03 19:06:00.310   571  1832 D CompatibilityChangeReporter: Compat change id reported: 174042980; UID 10150; state: DISABLED
03-03 19:06:00.311   571  1832 D CompatibilityChangeReporter: Compat change id reported: 184838306; UID 10150; state: DISABLED
03-03 19:06:00.312   571  1832 D CompatibilityChangeReporter: Compat change id reported: 185004937; UID 10150; state: DISABLED
03-03 19:06:00.312   571  1832 D CompatibilityChangeReporter: Compat change id reported: 181136395; UID 10150; state: DISABLED
03-03 19:06:00.313   571  1832 D CompatibilityChangeReporter: Compat change id reported: 174042936; UID 10150; state: DISABLED
03-03 19:06:00.323   571  1832 D CompatibilityChangeReporter: Compat change id reported: 197654537; UID 10150; state: ENABLED
03-03 19:06:00.349 22529 22529 I Finsky:background: [2] aiag - Received: android.intent.action.PACKAGE_ADDED, [1p6eMbVsGIuKpmvU2NOqjS8wBi6ISFTbAexRkQs-Aqg]
03-03 19:06:00.471   788   980 D EGL_emulation: app_time_stats: avg=634.48ms min=5.97ms max=2463.44ms count=4
03-03 19:06:00.518 22307 22873 I Finsky  : [123] SCH: Received scheduling request: Id: 12-1, Constraints: [{ L: 15000, D: 86400000, C: CHARGING_NONE, I: IDLE_NONE, N: NET_ANY, B: BATTERY_ANY }]
03-03 19:06:00.585 11948 11976 D EGL_emulation: app_time_stats: avg=132.46ms min=6.23ms max=2149.60ms count=21
03-03 19:06:00.588 22529 22868 I Finsky:background: [95] Wrote row to frosting DB: 1424
03-03 19:06:00.597 22307 22873 I Finsky  : [123] SCH: Received scheduling request: Id: 12-1, Constraints: [{ L: 15000, D: 86400000, C: CHARGING_NONE, I: IDLE_NONE, N: NET_ANY, B: BATTERY_ANY }]
03-03 19:06:00.597 22307 22307 I Finsky  : [2] aiaq - Received: android.intent.action.PACKAGE_ADDED, [1p6eMbVsGIuKpmvU2NOqjS8wBi6ISFTbAexRkQs-Aqg]
03-03 19:06:00.601   571   586 W Looper  : Slow dispatch took 293ms android.fg h=android.os.Handler c=<recycled PooledLambda@a3dca59> m=0
03-03 19:06:00.602   571   586 W Looper  : Slow delivery took 416ms android.fg h=android.os.Handler c=<recycled PooledLambda@9cc761e> m=0
03-03 19:06:00.612 22529 22868 I Finsky:background: [95] Wrote row to frosting DB: 1425
03-03 19:06:00.646   571   571 W Looper  : Slow dispatch took 402ms main h=com.android.server.job.JobSchedulerService$JobHandler c=null m=6
03-03 19:06:00.647   571   571 W Looper  : Slow delivery took 590ms main h=com.android.server.job.JobSchedulerService$JobHandler c=null m=4
03-03 19:06:00.649 22307 22307 I Finsky  : [2] aiaq - Deduping intent android.intent.action.PACKAGE_ADDED
03-03 19:06:00.651 22529 22621 I Finsky:background: [57] IQ:PSL: skipping onPackageRemoved(replacing=true) for untracked package=com.spyou.youtubedownload
03-03 19:06:00.651 22529 22868 I Finsky:background: [95] Wrote row to frosting DB: 1426
03-03 19:06:00.652 22307 22307 I Finsky  : [2] aiaq - Received: android.intent.action.PACKAGE_ADDED, [1p6eMbVsGIuKpmvU2NOqjS8wBi6ISFTbAexRkQs-Aqg]
03-03 19:06:00.669   571   589 D CompatibilityChangeReporter: Compat change id reported: 135634846; UID 10150; state: DISABLED
03-03 19:06:00.671   571   589 D CompatibilityChangeReporter: Compat change id reported: 177438394; UID 10150; state: DISABLED
03-03 19:06:00.671   571   589 D CompatibilityChangeReporter: Compat change id reported: 135772972; UID 10150; state: DISABLED
03-03 19:06:00.671   571   589 D CompatibilityChangeReporter: Compat change id reported: 135754954; UID 10150; state: ENABLED
03-03 19:06:00.673   571   598 D CompatibilityChangeReporter: Compat change id reported: 143937733; UID 10150; state: ENABLED
03-03 19:06:00.693 22529 22529 I Finsky:background: [2] aiag - Received: android.intent.action.PACKAGE_ADDED, [1p6eMbVsGIuKpmvU2NOqjS8wBi6ISFTbAexRkQs-Aqg]
03-03 19:06:00.694 22307 22307 I Finsky  : [2] aiaq - Deduping intent android.intent.action.PACKAGE_ADDED
03-03 19:06:00.695 22307 22452 I Finsky  : [47] RECEIVER_PACKAGE_MONITOR#logWorkEndAndFinishGoAsync: SUCCESS
03-03 19:06:00.752 22529 22529 I Finsky:background: [2] aiag - Deduping intent android.intent.action.PACKAGE_ADDED
03-03 19:06:00.767 22529 22868 I Finsky:background: [95] Wrote row to frosting DB: 1427
03-03 19:06:00.774 22370 22418 I PermissionControllerServiceImpl: Updating user sensitive for uid 10150
03-03 19:06:00.801   571   586 W Looper  : Drained
03-03 19:06:00.808   346   346 D Zygote  : Forked child process 22886
03-03 19:06:00.812   571   598 W ActivityManager: Slow operation: 145ms so far, now at startProcess: returned from zygote!
03-03 19:06:00.818 22529 22529 I Finsky:background: [2] aiag - Received: android.intent.action.PACKAGE_ADDED, [1p6eMbVsGIuKpmvU2NOqjS8wBi6ISFTbAexRkQs-Aqg]
03-03 19:06:00.819   571   571 W ActivityManager: Unbind failed: could not find connection for android.app.LoadedApk$ServiceDispatcher$InnerConnection@9845678
03-03 19:06:00.819   571   571 W Looper  : Slow dispatch took 172ms main h=android.os.Handler c=<recycled PooledLambda@8819151> m=0
03-03 19:06:00.845 22529 22868 I Finsky:background: [95] Wrote row to frosting DB: 1428
03-03 19:06:00.855 22886 22886 I youtubedownloa: Late-enabling -Xcheck:jni
03-03 19:06:00.859   571   598 W ActivityManager: Slow operation: 193ms so far, now at startProcess: done updating battery stats
03-03 19:06:00.860   571   598 W ActivityManager: Slow operation: 193ms so far, now at startProcess: building log message
03-03 19:06:00.860   571   598 I ActivityManager: Start proc 22886:com.spyou.youtubedownload/u0a150 for pre-top-activity {com.spyou.youtubedownload/com.spyou.youtubedownload.MainActivity}
03-03 19:06:00.860   571   598 W ActivityManager: Slow operation: 193ms so far, now at startProcess: starting to update pids map
03-03 19:06:00.860   571   598 W ActivityManager: Slow operation: 193ms so far, now at startProcess: done updating pids map
03-03 19:06:00.871 22307 22864 I Finsky  : [121] WM::SCH: Logging work initialize for 12-1
03-03 19:06:00.877   571   571 W Looper  : Drained
03-03 19:06:00.877 22529 22529 I Finsky:background: [2] aiag - Deduping intent android.intent.action.PACKAGE_ADDED
03-03 19:06:00.878 22529 22628 I Finsky:background: [64] RECEIVER_PACKAGE_MONITOR_BACKGROUND#logWorkEndAndFinishGoAsync: SUCCESS
03-03 19:06:00.879   571  1036 W BroadcastQueue: Background execution not allowed: receiving Intent { act=android.intent.action.PACKAGE_REPLACED dat=package:com.spyou.youtubedownload flg=0x4000010 (has extras) } to com.google.android.apps.photos/.account.full.FetchAccountPropertiesAppUpgradeBroadcastReceiver
03-03 19:06:00.883   571   597 W BroadcastQueue: Background execution not allowed: receiving Intent { act=android.intent.action.PACKAGE_REPLACED dat=package:com.spyou.youtubedownload flg=0x4000010 (has extras) } to com.google.android.apps.photos/.account.full.SyncAccountsForLoginBroadcastReceiver
03-03 19:06:00.883   571   597 W BroadcastQueue: Background execution not allowed: receiving Intent { act=android.intent.action.PACKAGE_REPLACED dat=package:com.spyou.youtubedownload flg=0x4000010 (has extras) } to com.google.android.apps.photos/.notificationchannels.AppUpdateBroadcastReceiver
03-03 19:06:00.883   571   597 W BroadcastQueue: Background execution not allowed: receiving Intent { act=android.intent.action.PACKAGE_REPLACED dat=package:com.spyou.youtubedownload flg=0x4000010 (has extras) } to com.google.android.gms/.gass.chimera.PackageChangeBroadcastReceiver
03-03 19:06:00.883   571   597 W BroadcastQueue: Background execution not allowed: receiving Intent { act=android.intent.action.PACKAGE_REPLACED dat=package:com.spyou.youtubedownload flg=0x4000010 (has extras) } to com.google.android.gms/.chimera.GmsIntentOperationService$PersistentTrustedReceiver
03-03 19:06:00.929 22307 22498 I Finsky  : [63] SCH: Scheduling phonesky job Id: 12-1, CT: 1772544960518, Constraints: [{ L: 15000, D: 86400000, C: CHARGING_NONE, I: IDLE_NONE, N: NET_ANY, B: BATTERY_ANY }]
03-03 19:06:00.934 22307 22490 I Finsky  : [60] SCH: Scheduling 1 system job(s)
03-03 19:06:00.935 22307 22490 I Finsky  : [60] SCH: Scheduling system job Id: 9271, L: 14584, D: 78421180, C: false, I: false, N: 1
03-03 19:06:00.967 22307 22460 I Finsky  : [54] WM::SCH: Logging work initialize for 12-1
03-03 19:06:00.978 22307 22459 I Finsky  : [53] [ContentSync] finished, scheduled=true
03-03 19:06:00.979 22307 22472 I Finsky  : [59] SCH: Scheduling phonesky job Id: 12-1, CT: 1772544960597, Constraints: [{ L: 15000, D: 86400000, C: CHARGING_NONE, I: IDLE_NONE, N: NET_ANY, B: BATTERY_ANY }]
03-03 19:06:00.984 22307 22498 I Finsky  : [63] SCH: Scheduling 0 system job(s)
03-03 19:06:00.984 22307 22498 I Finsky  : [63] [ContentSync] finished, scheduled=true
03-03 19:06:00.996   417   476 I adbd    : jdwp connection from 22886
03-03 19:06:01.026  1203 22891 I Fitness : (REDACTED) FitCleanupIntentOperation received Intent %s
03-03 19:06:01.040  1203 22902 I FontLog : (REDACTED) Package %s has no metadata
03-03 19:06:01.085 22315 22337 I .apps.wellbein: Background concurrent copying GC freed 4607(416KB) AllocSpace objects, 0(0B) LOS objects, 49% free, 3389KB/6778KB, paused 694us,18us total 1.090s
03-03 19:06:01.101  1662 22910 I Auth    : (REDACTED) [SupervisedAccountIntentOperation] onHandleIntent: %s
03-03 19:06:01.108  1662 22918 I NearbyDiscovery: (REDACTED) processGrantSlicePermission: %s
03-03 19:06:01.109   788   980 D EGL_emulation: app_time_stats: avg=94.87ms min=4.67ms max=1225.90ms count=18
03-03 19:06:01.112   571   617 E VerityUtils: Failed to measure fs-verity, errno 1: /data/app/~~YXmZ-PP1K7-M3ExiQ2RTsA==/com.spyou.youtubedownload-jRx8_XF2X5svgUOiDOPCJQ==/base.apk
03-03 19:06:01.132  1662  1662 D BoundBrokerSvc: onBind: Intent { act=com.google.android.gms.common.BIND_SHARED_PREFS pkg=com.google.android.gms }
03-03 19:06:01.132  1662  1662 D BoundBrokerSvc: Loading bound service for intent: Intent { act=com.google.android.gms.common.BIND_SHARED_PREFS pkg=com.google.android.gms }
03-03 19:06:01.210  1662 22912 W SQLiteLog: (28) double-quoted string literal: "com.spyou.youtubedownload"
03-03 19:06:01.227   571  1036 W InputReader: Device virtio_input_multi_touch_10 is associated with display ADISPLAY_ID_NONE.
03-03 19:06:01.227   571  1036 W InputReader: Device virtio_input_multi_touch_11 is associated with display ADISPLAY_ID_NONE.
03-03 19:06:01.227   571  1036 W InputReader: Device virtio_input_multi_touch_3 is associated with display ADISPLAY_ID_NONE.
03-03 19:06:01.227   571  1036 W InputReader: Device virtio_input_multi_touch_8 is associated with display ADISPLAY_ID_NONE.
03-03 19:06:01.227   571  1036 W InputReader: Device virtio_input_multi_touch_2 is associated with display ADISPLAY_ID_NONE.
03-03 19:06:01.227   571  1036 W InputReader: Device virtio_input_multi_touch_4 is associated with display ADISPLAY_ID_NONE.
03-03 19:06:01.227   571  1036 W InputReader: Device virtio_input_multi_touch_9 is associated with display ADISPLAY_ID_NONE.
03-03 19:06:01.227   571  1036 W InputReader: Device virtio_input_multi_touch_5 is associated with display ADISPLAY_ID_NONE.
03-03 19:06:01.227   571  1036 W InputReader: Device virtio_input_multi_touch_7 is associated with display ADISPLAY_ID_NONE.
03-03 19:06:01.227   571  1036 W InputReader: Device virtio_input_multi_touch_6 is associated with display ADISPLAY_ID_NONE.
03-03 19:06:01.228   571  1036 W InputReader: Device virtio_input_multi_touch_10 is associated with display ADISPLAY_ID_NONE.
03-03 19:06:01.228   571  1036 W InputReader: Device virtio_input_multi_touch_11 is associated with display ADISPLAY_ID_NONE.
03-03 19:06:01.228   571  1036 W InputReader: Device virtio_input_multi_touch_3 is associated with display ADISPLAY_ID_NONE.
03-03 19:06:01.228   571  1036 W InputReader: Device virtio_input_multi_touch_8 is associated with display ADISPLAY_ID_NONE.
03-03 19:06:01.228   571  1036 W InputReader: Device virtio_input_multi_touch_2 is associated with display ADISPLAY_ID_NONE.
03-03 19:06:01.228   571  1036 W InputReader: Device virtio_input_multi_touch_4 is associated with display ADISPLAY_ID_NONE.
03-03 19:06:01.228   571  1036 W InputReader: Device virtio_input_multi_touch_9 is associated with display ADISPLAY_ID_NONE.
03-03 19:06:01.228   571  1036 W InputReader: Device virtio_input_multi_touch_5 is associated with display ADISPLAY_ID_NONE.
03-03 19:06:01.228   571  1036 W InputReader: Device virtio_input_multi_touch_7 is associated with display ADISPLAY_ID_NONE.
03-03 19:06:01.228   571  1036 W InputReader: Device virtio_input_multi_touch_6 is associated with display ADISPLAY_ID_NONE.
03-03 19:06:01.285 22886 22886 D CompatibilityChangeReporter: Compat change id reported: 171979766; UID 10150; state: ENABLED
03-03 19:06:01.398   788   798 I ndroid.systemu: Background concurrent copying GC freed 177346(8909KB) AllocSpace objects, 232(4640KB) LOS objects, 49% free, 14MB/28MB, paused 43us,65us total 1.390s
03-03 19:06:01.398   788   798 W ndroid.systemu: Reducing the number of considered missed Gc histogram windows from 212 to 100
03-03 19:06:01.407  1662 20054 I Icing   : Indexing com.google.android.gms-apps from com.google.android.gms
03-03 19:06:01.426  1662 18212 I Icing   : Indexing done com.google.android.gms-apps
03-03 19:06:01.428   571   617 E VerityUtils: Failed to measure fs-verity, errno 1: /data/app/~~YXmZ-PP1K7-M3ExiQ2RTsA==/com.spyou.youtubedownload-jRx8_XF2X5svgUOiDOPCJQ==/base.apk
03-03 19:06:01.474  1662 18212 I Icing   : Indexing com.google.android.gms-apps from com.google.android.gms
03-03 19:06:01.475  1662 18212 I Icing   : Indexing done com.google.android.gms-apps
03-03 19:06:01.484   788   817 W System  : A resource failed to call close. 
03-03 19:06:01.508   788   817 W System  : A resource failed to call close. 
03-03 19:06:01.508   788   817 W System  : A resource failed to call release. 
03-03 19:06:01.527   788   817 W System  : A resource failed to call release. 
03-03 19:06:01.655   571   580 I system_server: Background concurrent copying GC freed 437937(20MB) AllocSpace objects, 79(4348KB) LOS objects, 48% free, 25MB/49MB, paused 87us,70us total 777.599ms
03-03 19:06:01.691   571   582 W System  : A resource failed to call release. 
03-03 19:06:01.695   571   582 W System  : A resource failed to call close. 
03-03 19:06:01.696   571   582 W System  : A resource failed to call close. 
03-03 19:06:01.696   571   582 W System  : A resource failed to call release. 
03-03 19:06:01.708   571   582 W System  : A resource failed to call close. 
03-03 19:06:01.709   571   582 W System  : A resource failed to call close. 
03-03 19:06:01.871 22886 22886 V GraphicsEnvironment: ANGLE Developer option for 'com.spyou.youtubedownload' set to: 'default'
03-03 19:06:01.871 22886 22886 V GraphicsEnvironment: ANGLE GameManagerService for com.spyou.youtubedownload: false
03-03 19:06:01.871 22886 22886 V GraphicsEnvironment: Neither updatable production driver nor prerelease driver is supported.
03-03 19:06:01.873 22886 22886 D NetworkSecurityConfig: No Network Security Config specified, using platform default
03-03 19:06:01.873 22886 22886 D NetworkSecurityConfig: No Network Security Config specified, using platform default
03-03 19:06:01.884 22886 22886 D WM-WrkMgrInitializer: Initializing WorkManager with default configuration.
03-03 19:06:01.898 22886 22886 D WM-PackageManagerHelper: Skipping component enablement for androidx.work.impl.background.systemjob.SystemJobService
03-03 19:06:01.898 22886 22886 D WM-Schedulers: Created SystemJobScheduler and enabled SystemJobService
03-03 19:06:01.944 22886 22937 D CompatibilityChangeReporter: Compat change id reported: 160794467; UID 10150; state: ENABLED
03-03 19:06:01.960 22886 22886 I YouTubeDownloaderApp: YoutubeDL initialized successfully
03-03 19:06:01.960 22886 22886 I YouTubeDownloaderApp: FFmpeg initialized successfully
03-03 19:06:01.973 22886 22942 D libEGL  : loaded /vendor/lib64/egl/libEGL_emulation.so
03-03 19:06:01.975 22886 22942 D libEGL  : loaded /vendor/lib64/egl/libGLESv1_CM_emulation.so
03-03 19:06:01.976 22886 22942 D libEGL  : loaded /vendor/lib64/egl/libGLESv2_emulation.so
03-03 19:06:02.108 22886 22886 W youtubedownloa: Accessing hidden method Landroid/os/SystemProperties;->addChangeCallback(Ljava/lang/Runnable;)V (unsupported, reflection, allowed)
03-03 19:06:02.121   788   980 D EGL_emulation: app_time_stats: avg=9.69ms min=1.94ms max=48.35ms count=59
03-03 19:06:02.214 22886 22886 D HomeViewModel: === HomeViewModel initialized ===
03-03 19:06:02.214 22886 22886 D HomeViewModel: Libraries initialized: true
03-03 19:06:02.336 22886 22940 D HostConnection: HostComposition ext ANDROID_EMU_CHECKSUM_HELPER_v1 ANDROID_EMU_native_sync_v2 ANDROID_EMU_native_sync_v3 ANDROID_EMU_native_sync_v4 ANDROID_EMU_dma_v1 ANDROID_EMU_direct_mem ANDROID_EMU_host_composition_v1 ANDROID_EMU_host_composition_v2 ANDROID_EMU_vulkan ANDROID_EMU_deferred_vulkan_commands ANDROID_EMU_vulkan_null_optional_strings ANDROID_EMU_vulkan_create_resources_with_requirements ANDROID_EMU_YUV_Cache ANDROID_EMU_vulkan_ignored_handles ANDROID_EMU_has_shared_slots_host_memory_allocator ANDROID_EMU_vulkan_free_memory_sync ANDROID_EMU_vulkan_shader_float16_int8 ANDROID_EMU_vulkan_async_queue_submit ANDROID_EMU_vulkan_queue_submit_with_commands ANDROID_EMU_sync_buffer_data ANDROID_EMU_vulkan_async_qsri ANDROID_EMU_read_color_buffer_dma GL_OES_EGL_image_external_essl3 GL_OES_vertex_array_object ANDROID_EMU_host_side_tracing ANDROID_EMU_gles_max_version_3_0 
03-03 19:06:02.338   212   212 I hwservicemanager: getTransport: Cannot find entry android.hardware.configstore@1.0::ISurfaceFlingerConfigs/default in either framework or device VINTF manifest.
03-03 19:06:02.339 22886 22940 W OpenGLRenderer: Failed to choose config with EGL_SWAP_BEHAVIOR_PRESERVED, retrying without...
03-03 19:06:02.339 22886 22940 W OpenGLRenderer: Failed to initialize 101010-2 format, error = EGL_SUCCESS
03-03 19:06:02.340 22886 22940 D EGL_emulation: eglCreateContext: 0xb40000796f649050: maj 3 min 0 rcv 3
03-03 19:06:02.344 22886 22940 D EGL_emulation: eglMakeCurrent: 0xb40000796f649050: ver 3 0 (tinfo 0x7b907dd080) (first time)
03-03 19:06:02.350   212   212 I hwservicemanager: getTransport: Cannot find entry android.hardware.graphics.mapper@4.0::IMapper/default in either framework or device VINTF manifest.
03-03 19:06:02.350 22886 22940 I Gralloc4: mapper 4.x is not supported
03-03 19:06:02.352   212   212 I hwservicemanager: getTransport: Cannot find entry android.hardware.graphics.allocator@4.0::IAllocator/default in either framework or device VINTF manifest.
03-03 19:06:02.352 22886 22940 W Gralloc4: allocator 4.x is not supported
03-03 19:06:02.356 22886 22940 D HostConnection: HostComposition ext ANDROID_EMU_CHECKSUM_HELPER_v1 ANDROID_EMU_native_sync_v2 ANDROID_EMU_native_sync_v3 ANDROID_EMU_native_sync_v4 ANDROID_EMU_dma_v1 ANDROID_EMU_direct_mem ANDROID_EMU_host_composition_v1 ANDROID_EMU_host_composition_v2 ANDROID_EMU_vulkan ANDROID_EMU_deferred_vulkan_commands ANDROID_EMU_vulkan_null_optional_strings ANDROID_EMU_vulkan_create_resources_with_requirements ANDROID_EMU_YUV_Cache ANDROID_EMU_vulkan_ignored_handles ANDROID_EMU_has_shared_slots_host_memory_allocator ANDROID_EMU_vulkan_free_memory_sync ANDROID_EMU_vulkan_shader_float16_int8 ANDROID_EMU_vulkan_async_queue_submit ANDROID_EMU_vulkan_queue_submit_with_commands ANDROID_EMU_sync_buffer_data ANDROID_EMU_vulkan_async_qsri ANDROID_EMU_read_color_buffer_dma GL_OES_EGL_image_external_essl3 GL_OES_vertex_array_object ANDROID_EMU_host_side_tracing ANDROID_EMU_gles_max_version_3_0 
03-03 19:06:02.433   571   586 I ActivityTaskManager: Displayed com.spyou.youtubedownload/.MainActivity: +2s147ms
03-03 19:06:02.475  1341  1341 I GoogleInputMethodService: GoogleInputMethodService.onFinishInput():2113 
03-03 19:06:02.477  1341  1341 I Module  : DeviceLockedStatusModuleProvider$Module.updateDeviceLockedStatus():103 repeatCheckTimes = 0, locked = false
03-03 19:06:02.478  1341  1341 I GoogleInputMethodService: GoogleInputMethodService.onStartInput():1384 onStartInput(EditorInfo{EditorInfo{packageName=com.spyou.youtubedownload, inputType=0, inputTypeString=NULL, enableLearning=false, autoCorrection=false, autoComplete=false, imeOptions=0, privateImeOptions=null, actionName=UNSPECIFIED, actionLabel=null, initialSelStart=-1, initialSelEnd=-1, initialCapsMode=0, label=null, fieldId=-1, fieldName=null, extras=null, hintText=null, hintLocales=[]}}, false)
03-03 19:06:02.479  1341  1341 I Module  : DeviceLockedStatusModuleProvider$Module.updateDeviceLockedStatus():103 repeatCheckTimes = 1, locked = false
03-03 19:06:02.525  1203  2037 I FontLog : (REDACTED) Received query %s, URI %s
03-03 19:06:02.526  1203  2037 I FontLog : (REDACTED) Query [%s] resolved to %s
03-03 19:06:02.529  1203  2037 I FontLog : (REDACTED) Fetch %s end status %s
03-03 19:06:02.532  1203  2235 I FontLog : (REDACTED) Pulling font file for id = %d, cache size = %d
03-03 19:06:02.535  1203  2235 I FontLog : (REDACTED) Pulling font file for id = %d, cache size = %d
03-03 19:06:02.719   571  2854 W InputManager-JNI: Input channel object 'ec7f607 Splash Screen com.spyou.youtubedownload (client)' was disposed without first being removed with the input manager!
03-03 19:06:03.188  1341  1341 I GoogleInputMethodService: GoogleInputMethodService.onFinishInput():2113 
03-03 19:06:03.188 22886 22886 D InsetsController: show(ime(), fromIme=false)
03-03 19:06:03.188  1341  1341 I Module  : DeviceLockedStatusModuleProvider$Module.updateDeviceLockedStatus():103 repeatCheckTimes = 0, locked = false
03-03 19:06:03.188 22886 22886 D InputMethodManager: showSoftInput() view=androidx.compose.ui.platform.AndroidComposeView{6700ef6 VFED..... .F....ID 0,0-1440,3120 aid=1073741824} flags=0 reason=SHOW_SOFT_INPUT_BY_INSETS_API
03-03 19:06:03.191  1341  1341 W TooltipLifecycleManager: TooltipLifecycleManager.dismissTooltips():153 Tooltip with id SUGGESTION_VIEW_EDU_MINI_DIALOG not found in tooltipManager.
03-03 19:06:03.198 22886 22886 I AssistStructure: Flattened final assist data: 500 bytes, containing 1 windows, 3 views
03-03 19:06:03.200  1341  1341 I GoogleInputMethodService: GoogleInputMethodService.onStartInput():1384 onStartInput(EditorInfo{EditorInfo{packageName=com.spyou.youtubedownload, inputType=8001, inputTypeString=Normal[AutoCorrect], enableLearning=true, autoCorrection=true, autoComplete=true, imeOptions=2000006, privateImeOptions=null, actionName=DONE, actionLabel=null, initialSelStart=0, initialSelEnd=0, initialCapsMode=0, label=null, fieldId=-1, fieldName=null, extras=Bundle[mParcelledData.dataSize=404], hintText=null, hintLocales=[]}}, false)
03-03 19:06:03.200  1341  1341 I Module  : DeviceLockedStatusModuleProvider$Module.updateDeviceLockedStatus():103 repeatCheckTimes = 1, locked = false
03-03 19:06:03.201 22886 22886 D InputMethodManager: showSoftInput() view=androidx.compose.ui.platform.AndroidComposeView{6700ef6 VFED..... .F....ID 0,0-1440,3120 aid=1073741824} flags=0 reason=SHOW_SOFT_INPUT
03-03 19:06:03.203  1341  1341 I GoogleInputMethodService: GoogleInputMethodService.onStartInput():1384 onStartInput(EditorInfo{EditorInfo{packageName=com.spyou.youtubedownload, inputType=8001, inputTypeString=Normal[AutoCorrect], enableLearning=true, autoCorrection=true, autoComplete=true, imeOptions=2000006, privateImeOptions=null, actionName=DONE, actionLabel=null, initialSelStart=0, initialSelEnd=0, initialCapsMode=0, label=null, fieldId=-1, fieldName=null, extras=Bundle[mParcelledData.dataSize=404], hintText=null, hintLocales=[]}}, true)
03-03 19:06:03.203  1341  1341 W SessionManager: SessionManager.beginSession():53 Try to begin an already begun session [INPUT_SESSION], end it first
03-03 19:06:03.204  1341  1341 I Module  : DeviceLockedStatusModuleProvider$Module.updateDeviceLockedStatus():103 repeatCheckTimes = 1, locked = false
03-03 19:06:03.214  1341  1341 I GoogleInputMethodService: GoogleInputMethodService.onStartInputView():1472 onStartInputView(EditorInfo{EditorInfo{packageName=com.spyou.youtubedownload, inputType=8001, inputTypeString=Normal[AutoCorrect], enableLearning=true, autoCorrection=true, autoComplete=true, imeOptions=2000006, privateImeOptions=null, actionName=DONE, actionLabel=null, initialSelStart=0, initialSelEnd=0, initialCapsMode=0, label=null, fieldId=-1, fieldName=null, extras=Bundle[{android.support.text.emoji.emojiCompat_metadataVersion=8, androidx.core.view.inputmethod.EditorInfoCompat.STYLUS_HANDWRITING_ENABLED=false, android.support.text.emoji.emojiCompat_replaceAll=false}], hintText=null, hintLocales=[]}}, false)
03-03 19:06:03.215  1341  1341 W ModuleManager: ModuleManager.loadModule():578 Module ojx is not available
03-03 19:06:03.216  1341  1341 I KeyboardHeightUtil: KeyboardHeightUtil.getOemKeyboardHeightRatio():81 systemKeyboardHeightRatio:1.000000.
03-03 19:06:03.229  1341  1818 W ModuleManager: ModuleManager.loadModule():578 Module pdt is not available
03-03 19:06:03.240  1662  1662 D BoundBrokerSvc: onBind: Intent { act=com.google.android.mdd.service.START dat=chimera-action: cmp=com.google.android.gms/.chimera.GmsBoundBrokerService }
03-03 19:06:03.240  1662  1662 D BoundBrokerSvc: Loading bound service for intent: Intent { act=com.google.android.mdd.service.START dat=chimera-action: cmp=com.google.android.gms/.chimera.GmsBoundBrokerService }
03-03 19:06:03.253  1341  1341 I AndroidIME: InputBundleManager.loadActiveInputBundleId():531 loadActiveInputBundleId: en-US, ime_english_united_states
03-03 19:06:03.253  1341  1341 I AndroidIME: AbstractIme.onActivate():95 LatinIme.onActivate() : EditorInfo = EditorInfo{packageName=com.spyou.youtubedownload, inputType=8001, inputTypeString=Normal[AutoCorrect], enableLearning=true, autoCorrection=true, autoComplete=true, imeOptions=2000006, privateImeOptions=null, actionName=DONE, actionLabel=null, initialSelStart=0, initialSelEnd=0, initialCapsMode=0, label=null, fieldId=-1, fieldName=null, extras=Bundle[{android.support.text.emoji.emojiCompat_metadataVersion=8, androidx.core.view.inputmethod.EditorInfoCompat.STYLUS_HANDWRITING_ENABLED=false, android.support.text.emoji.emojiCompat_replaceAll=false}], hintText=null, hintLocales=[]}, IncognitoMode = false, DeviceLocked = false
03-03 19:06:03.256  1341  1341 I InputBundle: InputBundle.consumeEvent():1041 Skip consuming an event as keyboard status is INACTIVE
03-03 19:06:03.256  1341  1341 I Delight5Facilitator: Delight5Facilitator.initializeForIme():745 initializeForIme() : Locale = [en_US], layout = qwerty
03-03 19:06:03.267  1341  1341 I LatinIme: LatinIme.updateEnableInlineSuggestionsOnDecoderSideFlags():1255 inline flag updated to:false
03-03 19:06:03.267  1341  1818 I NebulaeTrainingCacheMetricsProcessor: NebulaeTrainingCacheMetricsProcessor.processBeginSession():247 Begin training cache session: com.spyou.youtubedownload_-1/
03-03 19:06:03.270  1341  1341 I LatinIme: LatinIme.updateEnableInlineSuggestionsOnDecoderSideFlags():1255 inline flag updated to:false
03-03 19:06:03.295   571   571 E RemoteAugmentedAutofillService: Bad service name for flags 1048704: com.google.android.as/com.google.android.apps.miphone.aiai.app.AiAiAugmentedAutofillService
03-03 19:06:03.300   987   987 V InlineSuggestionRenderService: handleDestroySuggestionViews called for 0:2072324875
03-03 19:06:03.305  1341  1341 I InputBundle: InputBundle.consumeEvent():1041 Skip consuming an event as keyboard status is INACTIVE
03-03 19:06:03.307  1341  1341 I LatinIme: LatinIme.resetInputContext():2262 resetInputContext(): reason=1, externalEditsInfo=ExternalEditsInfo{action=0, offset=-1, text=null, originalText=null, edits=null}
03-03 19:06:03.307  1341  1341 I InputBundle: InputBundle.consumeEvent():1041 Skip consuming an event as keyboard status is INACTIVE
03-03 19:06:03.323  1341  1341 I KeyboardWrapper: KeyboardWrapper.activateKeyboard():582 activateKeyboard(): type=prime, status=INACTIVE, imeDef=nkh{stringId=ime_english_united_states, language=en-US, languageTag=en-US, processedConditions={writing_helper_enable_by_word_revert=false, true=true, enable_number_row=false, device=phone, enable_pk_simulator=false}, className=com.google.android.apps.inputmethod.libs.latin5.LatinIme, label=0, keyEventInterpreter=null, inlineComposing=true, autoCapital=true, announceAutoSelectedCandidate=true, statusIcon=0, indicatorIcon=0, indicatorLabel=US, displayAppCompletions=true, extraValues=nka{#0x7f0b02e2=TypedValue{t=0x3/d=0x0 "com.google.android.apps.inputmethod.libs.latin5.LatinIme"}}, processors=nlz@7b1793a, unacceptableMetaKeys=4098, languageSpecificSettings=0, asciiCapable=true, alwaysShowSuggestions=false, useAsciiPasswordKeyboard=false, keyboardGroupDef=nli@387dd2b, phenotypeFlagId=0, localizationLanguageTag=null, supportsInlineSuggestion=true}
03-03 19:06:03.324  1341  1341 I KeyboardManager: KeyboardManager.requestKeyboard():249 Creating keyboard prime, imeId=ime_english_united_states, cacheKey=theme,!gsf,!pgsans,!pgsf,!use_system_font,BORDER,FLAVOR_DPI=XXXHDPI,IS_LIGHT,KEYBOARD_WIDTH_CATEGORY=NORMAL,KEY_BORDER_SHAPE=1,LIGHT_THEME=true,PHYSICAL_DIAGONAL=6.0003443,POPUP,SCREEN_SHORTEST_WIDTH=411,SCREEN_SHORTEST_WIDTH_NO_SCALE=411,SW400DP,XXXHDPI,bottom4dp,enable_popup_on_keypress=true,keyboard_redesign_google_sans=true,non_linear_scale,noshadow,overlay_builtin_dynamic_color_light_base.binarypb:gm3-light-fff9f8ff-ff4c5a99-d5dae329f564204fd0854d85d0d58f8b,silkpopup
03-03 19:06:03.327  1341  1341 I KeyboardWrapper: KeyboardWrapper.onKeyboardReady():224 onKeyboardReady(): type=prime(prime), kb=com.google.android.apps.inputmethod.latin.keyboard.LatinPrimeKeyboard@c496234
03-03 19:06:03.328  1341  1341 I KeyboardWrapper: KeyboardWrapper.doActivateKeyboard():612 doActivateKeyboard(): prime
03-03 19:06:03.329 22886 22886 D Autofill Status: Autofill popup isn't shown because autofill is not available.
03-03 19:06:03.329 22886 22886 D Autofill Status: 
03-03 19:06:03.329 22886 22886 D Autofill Status: Did you set up autofill?
03-03 19:06:03.329 22886 22886 D Autofill Status: 1. Go to Settings > System > Languages&input > Advanced > Autofill Service
03-03 19:06:03.329 22886 22886 D Autofill Status: 2. Pick a service
03-03 19:06:03.329 22886 22886 D Autofill Status: 
03-03 19:06:03.329 22886 22886 D Autofill Status: Did you add an account?
03-03 19:06:03.329 22886 22886 D Autofill Status: 1. Go to Settings > System > Languages&input > Advanced
03-03 19:06:03.329 22886 22886 D Autofill Status: 2. Click on the settings icon next to the Autofill Service
03-03 19:06:03.329 22886 22886 D Autofill Status: 3. Add your account
03-03 19:06:03.339  1341  1341 I BaseKeyboardSizeHelper: BaseKeyboardSizeHelper.calculateMaxKeyboardBodyHeight():73 leave 375 height for app when ime window height:2868, header height:154 and isFullscreenMode:false, so the max keyboard body height is:2339
03-03 19:06:03.340  1341  1341 I GlobeKeyExtension: GlobeKeyExtension.getKeyboardInitialStates():175 
03-03 19:06:03.342  1341  1341 W Keyboard: Keyboard.getKeyboardViewHelper():604 null helper is returned: keyboardDef=nlc{processedConditions={show_comma_key=true, enable_more_candidates_view_for_multilingual=false, layout_9key_split=false, enable_secondary_symbols=false, pref_enable_flick_symbols=false, language=en-US, deprecate_long_press_space_for_ime_picker=false, expressions=normal, android_software_xr_api_spatial=false, variant=qwerty, show_period_key=true, device=phone, keyboard_mode=normal, show_secondary_digits=true, enable_pk_simulator=false, enable_preemptive_decode=true}, globalConditions={global_theme_key=theme,!gsf,!pgsans,!pgsf,!use_system_font,BORDER,FLAVOR_DPI=XXXHDPI,IS_LIGHT,KEYBOARD_WIDTH_CATEGORY=NORMAL,KEY_BORDER_SHAPE=1,LIGHT_THEME=true,PHYSICAL_DIAGONAL=6.0003443,POPUP,SCREEN_SHORTEST_WIDTH=411,SCREEN_SHORTEST_WIDTH_NO_SCALE=411,SW400DP,XXXHDPI,bottom4dp,enable_popup_on_keypress=true,keyboard_redesign_google_sans=true,non_linear_scale,noshadow,overlay_builtin_dynamic_color_light_base.binarypb:gm3-light-fff9f8ff-ff4c5a99-d5dae329f564204fd0854d85d0d58f8b,silkpopup, global_locale=en_US, global_density_dpi=560, global_orientation=1}, className=.latin.keyboard.LatinPrimeKeyboard, resourceIds=[#0x7f1705f9, #0x7f17088b], initialStates=0, keyboardViewDefs=[nlq{direction=null, id=#0x7f0b0225, isScalable=true, layoutId=#0x7f0e0379, type=BODY, touchable=true, defaultShow=true}, nlq{direction=null, id=#0x7f0b0225, isScalable=false, layoutId=#0x7f0e020f, type=FLOATING_CANDIDATES, touchable=false, defaultShow=false}, nlq{direction=LOCALE, id=#0x7f0b0225, isScalable=false, layoutId=#0x7f0e0516, type=HEADER, touchable=true, defaultShow=true}], persistentStates=0, persistentStatesPrefKey=null, popupBubbleLayoutId=#0x7f0e0604, recentKeyLayoutId=#0x0, recentKeyPopupLayoutId=#0x0, recentKeyType=null, rememberRecentKey=NONE, sessionStates=17592186044419}, type=WIDGET, helpersCreated={HEADER=mwp@28a49ac, BODY=mwp@e5bf675, FLOATING_CANDIDATES=mwp@5bdc60a}, context.getResources().getConfiguration(): {1.0 310mcc260mnc [en_US] ldltr sw411dp w411dp h851dp 560dpi nrml long port finger qwerty/v/v dpad/v winConfig={ mBounds=Rect(0, 0 - 1440, 3120) mAppBounds=Rect(0, 0 - 1440, 3064) mMaxBounds=Rect(0, 0 - 1440, 3120) mWindowingMode=fullscreen mDisplayWindowingMode=fullscreen mActivityType=undefined mAlwaysOnTop=undefined mRotation=ROTATION_0} as.2 s.37 fontWeightAdjustment=0}
03-03 19:06:03.343  1341  1341 I BaseKeyboardSizeHelper: BaseKeyboardSizeHelper.calculateMaxKeyboardBodyHeight():73 leave 375 height for app when ime window height:2868, header height:154 and isFullscreenMode:false, so the max keyboard body height is:2339
03-03 19:06:03.346  1341  1341 I AndroidIME: InputBundleManager.startInput():361 startInput() with nlm[keyboardType=prime, payload=null]
03-03 19:06:03.346  1341  1341 I PkModeUpdater: PkModeUpdater.onActivate():74 onActivate false true
03-03 19:06:03.348  1341  1341 I AccessoryInputModeManager: AccessoryInputModeManager.onModeStarted():324 Accessory input mode started: null
03-03 19:06:03.348  1341  1341 W SupplementaryKeyboardsWrapper: SupplementaryKeyboardsWrapper.deactivateKeyboard():162 keyboard accessory_candidates_consumer is not activated before!
03-03 19:06:03.353  1341  1341 I KeyboardModeUtils: KeyboardModeUtils.getKeyboardBottomOffset():435 inch: 0.000000 ydpi: 560.000000 adjustKeyboardBottomByDisplaySize: false currentDensityDpi: 560 defaultDensityDpi: 560 keyboardBottomToScreenPx: 0 keyboardBottomToNavBarPx: -168 navBarHeight: 168
03-03 19:06:03.353  1341  1341 I BaseKeyboardSizeHelper: BaseKeyboardSizeHelper.calculateMaxKeyboardBodyHeight():73 leave 375 height for app when ime window height:2868, header height:154 and isFullscreenMode:false, so the max keyboard body height is:2339
03-03 19:06:03.353  1341  1341 I BaseKeyboardSizeHelper: BaseKeyboardSizeHelper.calculateMaxKeyboardBodyHeight():73 leave 375 height for app when ime window height:2868, header height:154 and isFullscreenMode:false, so the max keyboard body height is:2339
03-03 19:06:03.354  1341  1341 I BaseKeyboardSizeHelper: BaseKeyboardSizeHelper.calculateMaxKeyboardBodyHeight():73 leave 375 height for app when ime window height:2868, header height:154 and isFullscreenMode:false, so the max keyboard body height is:2339
03-03 19:06:03.354  1341  1341 I BaseKeyboardSizeHelper: BaseKeyboardSizeHelper.calculateMaxKeyboardBodyHeight():73 leave 375 height for app when ime window height:2868, header height:154 and isFullscreenMode:false, so the max keyboard body height is:2339
03-03 19:06:03.354  1341  1341 W ExtensionWrapper: ExtensionWrapper.setExtensionViewVisibility():876 interface nac is not activate
03-03 19:06:03.354  1341  1341 I GlobeKeyExtension: GlobeKeyExtension.onActivate():120 
03-03 19:06:03.378  1341  1341 W AutoPasteSuggestionHelper: AutoPasteSuggestionHelper.setMaxWidthOfChipTextView():1078 Failed to get the width of the proactive suggestion view holder in WIDGET.
03-03 19:06:03.378  1341  1341 I ProactiveSuggestionsHolderManager: ProactiveSuggestionsHolderManager$displaySuggestionsListener$1.display():236 Requesting to show proactive suggestions: CLIPBOARD PREEMPTIVE_WITH_SUPPRESSION in HEADER
03-03 19:06:03.382  1341  1341 I ProactiveSuggestionsHolderManager: ProactiveSuggestionsHolderManager$displaySuggestionsListener$1.display():236 Requesting to show proactive suggestions: CLIPBOARD PREEMPTIVE_WITH_SUPPRESSION in FLOATING_CANDIDATES
03-03 19:06:03.382  1341  1341 I ProactiveSuggestionsHolderManager: ProactiveSuggestionsHolderManager$displaySuggestionsListener$1.display():258 suggestions CLIPBOARD are pending to show on FLOATING_CANDIDATES
03-03 19:06:03.382  1341  1341 I ProactiveSuggestionsHolderManager: ProactiveSuggestionsHolderManager$displaySuggestionsListener$1.display():236 Requesting to show proactive suggestions: CLIPBOARD PREEMPTIVE_WITH_SUPPRESSION in WIDGET
03-03 19:06:03.382  1341  1341 I ProactiveSuggestionsHolderManager: ProactiveSuggestionsHolderManager$displaySuggestionsListener$1.display():258 suggestions CLIPBOARD are pending to show on WIDGET
03-03 19:06:03.383  1341  1341 I ProactiveSuggestionsHolderManager: ProactiveSuggestionsHolderManager$displaySuggestionsListener$1.display():236 Requesting to show proactive suggestions: CLIPBOARD PREEMPTIVE_WITH_SUPPRESSION in HEADER
